Archive member included to satisfy reference by file (symbol)

/opt/st/stm32cubeide_1.9.0/plugins/com.st.stm32cube.ide.mcu.externaltools.gnu-tools-for-stm32.10.3-2021.10.linux64_1.0.0.202111181127/tools/bin/../lib/gcc/arm-none-eabi/10.3.1/../../../../arm-none-eabi/lib/thumb/v7e-m+fp/hard/libc_nano.a(lib_a-errno.o)
                              ./Core/Src/syscalls.o (__errno)
/opt/st/stm32cubeide_1.9.0/plugins/com.st.stm32cube.ide.mcu.externaltools.gnu-tools-for-stm32.10.3-2021.10.linux64_1.0.0.202111181127/tools/bin/../lib/gcc/arm-none-eabi/10.3.1/../../../../arm-none-eabi/lib/thumb/v7e-m+fp/hard/libc_nano.a(lib_a-exit.o)
                              /opt/st/stm32cubeide_1.9.0/plugins/com.st.stm32cube.ide.mcu.externaltools.gnu-tools-for-stm32.10.3-2021.10.linux64_1.0.0.202111181127/tools/bin/../lib/gcc/arm-none-eabi/10.3.1/../../../../arm-none-eabi/lib/thumb/v7e-m+fp/hard/crt0.o (exit)
/opt/st/stm32cubeide_1.9.0/plugins/com.st.stm32cube.ide.mcu.externaltools.gnu-tools-for-stm32.10.3-2021.10.linux64_1.0.0.202111181127/tools/bin/../lib/gcc/arm-none-eabi/10.3.1/../../../../arm-none-eabi/lib/thumb/v7e-m+fp/hard/libc_nano.a(lib_a-impure.o)
                              /opt/st/stm32cubeide_1.9.0/plugins/com.st.stm32cube.ide.mcu.externaltools.gnu-tools-for-stm32.10.3-2021.10.linux64_1.0.0.202111181127/tools/bin/../lib/gcc/arm-none-eabi/10.3.1/../../../../arm-none-eabi/lib/thumb/v7e-m+fp/hard/libc_nano.a(lib_a-exit.o) (_global_impure_ptr)
/opt/st/stm32cubeide_1.9.0/plugins/com.st.stm32cube.ide.mcu.externaltools.gnu-tools-for-stm32.10.3-2021.10.linux64_1.0.0.202111181127/tools/bin/../lib/gcc/arm-none-eabi/10.3.1/../../../../arm-none-eabi/lib/thumb/v7e-m+fp/hard/libc_nano.a(lib_a-init.o)
                              /opt/st/stm32cubeide_1.9.0/plugins/com.st.stm32cube.ide.mcu.externaltools.gnu-tools-for-stm32.10.3-2021.10.linux64_1.0.0.202111181127/tools/bin/../lib/gcc/arm-none-eabi/10.3.1/../../../../arm-none-eabi/lib/thumb/v7e-m+fp/hard/crt0.o (__libc_init_array)
/opt/st/stm32cubeide_1.9.0/plugins/com.st.stm32cube.ide.mcu.externaltools.gnu-tools-for-stm32.10.3-2021.10.linux64_1.0.0.202111181127/tools/bin/../lib/gcc/arm-none-eabi/10.3.1/../../../../arm-none-eabi/lib/thumb/v7e-m+fp/hard/libc_nano.a(lib_a-memset.o)
                              /opt/st/stm32cubeide_1.9.0/plugins/com.st.stm32cube.ide.mcu.externaltools.gnu-tools-for-stm32.10.3-2021.10.linux64_1.0.0.202111181127/tools/bin/../lib/gcc/arm-none-eabi/10.3.1/../../../../arm-none-eabi/lib/thumb/v7e-m+fp/hard/crt0.o (memset)
/opt/st/stm32cubeide_1.9.0/plugins/com.st.stm32cube.ide.mcu.externaltools.gnu-tools-for-stm32.10.3-2021.10.linux64_1.0.0.202111181127/tools/bin/../lib/gcc/arm-none-eabi/10.3.1/../../../../arm-none-eabi/lib/thumb/v7e-m+fp/hard/libc_nano.a(lib_a-puts.o)
                              ./Core/Src/main.o (puts)
/opt/st/stm32cubeide_1.9.0/plugins/com.st.stm32cube.ide.mcu.externaltools.gnu-tools-for-stm32.10.3-2021.10.linux64_1.0.0.202111181127/tools/bin/../lib/gcc/arm-none-eabi/10.3.1/../../../../arm-none-eabi/lib/thumb/v7e-m+fp/hard/libc_nano.a(lib_a-sprintf.o)
                              ./Core/Src/main.o (sprintf)
/opt/st/stm32cubeide_1.9.0/plugins/com.st.stm32cube.ide.mcu.externaltools.gnu-tools-for-stm32.10.3-2021.10.linux64_1.0.0.202111181127/tools/bin/../lib/gcc/arm-none-eabi/10.3.1/../../../../arm-none-eabi/lib/thumb/v7e-m+fp/hard/libc_nano.a(lib_a-strlen.o)
                              ./Core/Src/main.o (strlen)
/opt/st/stm32cubeide_1.9.0/plugins/com.st.stm32cube.ide.mcu.externaltools.gnu-tools-for-stm32.10.3-2021.10.linux64_1.0.0.202111181127/tools/bin/../lib/gcc/arm-none-eabi/10.3.1/../../../../arm-none-eabi/lib/thumb/v7e-m+fp/hard/libc_nano.a(lib_a-wbuf.o)
                              /opt/st/stm32cubeide_1.9.0/plugins/com.st.stm32cube.ide.mcu.externaltools.gnu-tools-for-stm32.10.3-2021.10.linux64_1.0.0.202111181127/tools/bin/../lib/gcc/arm-none-eabi/10.3.1/../../../../arm-none-eabi/lib/thumb/v7e-m+fp/hard/libc_nano.a(lib_a-puts.o) (__swbuf_r)
/opt/st/stm32cubeide_1.9.0/plugins/com.st.stm32cube.ide.mcu.externaltools.gnu-tools-for-stm32.10.3-2021.10.linux64_1.0.0.202111181127/tools/bin/../lib/gcc/arm-none-eabi/10.3.1/../../../../arm-none-eabi/lib/thumb/v7e-m+fp/hard/libc_nano.a(lib_a-wsetup.o)
                              /opt/st/stm32cubeide_1.9.0/plugins/com.st.stm32cube.ide.mcu.externaltools.gnu-tools-for-stm32.10.3-2021.10.linux64_1.0.0.202111181127/tools/bin/../lib/gcc/arm-none-eabi/10.3.1/../../../../arm-none-eabi/lib/thumb/v7e-m+fp/hard/libc_nano.a(lib_a-puts.o) (__swsetup_r)
/opt/st/stm32cubeide_1.9.0/plugins/com.st.stm32cube.ide.mcu.externaltools.gnu-tools-for-stm32.10.3-2021.10.linux64_1.0.0.202111181127/tools/bin/../lib/gcc/arm-none-eabi/10.3.1/../../../../arm-none-eabi/lib/thumb/v7e-m+fp/hard/libc_nano.a(lib_a-fflush.o)
[...]
Memory Configuration

Name             Origin             Length             Attributes
CCMRAM           0x0000000010000000 0x0000000000010000 xrw
RAM              0x0000000020000000 0x0000000000030000 xrw
FLASH            0x0000000008000000 0x0000000000200000 xr
*default*        0x0000000000000000 0xffffffffffffffff

Linker script and memory map

LOAD /opt/st/stm32cubeide_1.9.0/plugins/com.st.stm32cube.ide.mcu.externaltools.gnu-tools-for-stm32.10.3-2021.10.linux64_1.0.0.202111181127/tools/bin/../lib/gcc/arm-none-eabi/10.3.1/thumb/v7e-m+fp/hard/crti.o
LOAD /opt/st/stm32cubeide_1.9.0/plugins/com.st.stm32cube.ide.mcu.externaltools.gnu-tools-for-stm32.10.3-2021.10.linux64_1.0.0.202111181127/tools/bin/../lib/gcc/arm-none-eabi/10.3.1/thumb/v7e-m+fp/hard/crtbegin.o
LOAD /opt/st/stm32cubeide_1.9.0/plugins/com.st.stm32cube.ide.mcu.externaltools.gnu-tools-for-stm32.10.3-2021.10.linux64_1.0.0.202111181127/tools/bin/../lib/gcc/arm-none-eabi/10.3.1/../../../../arm-none-eabi/lib/thumb/v7e-m+fp/hard/crt0.o
LOAD ./Core/Src/gpio.o
LOAD ./Core/Src/main.o
LOAD ./Core/Src/stm32f4xx_hal_msp.o
LOAD ./Core/Src/stm32f4xx_it.o
LOAD ./Core/Src/syscalls.o
LOAD ./Core/Src/sysmem.o
LOAD ./Core/Src/system_stm32f4xx.o
LOAD ./Core/Src/tim.o
LOAD ./Core/Src/usart.o
LOAD ./Core/Startup/startup_stm32f427vitx.o
LOAD ./Drivers/STM32F4xx_HAL_Driver/Src/stm32f4xx_hal.o
LOAD ./Drivers/STM32F4xx_HAL_Driver/Src/stm32f4xx_hal_cortex.o
LOAD ./Drivers/STM32F4xx_HAL_Driver/Src/stm32f4xx_hal_dma.o
LOAD ./Drivers/STM32F4xx_HAL_Driver/Src/stm32f4xx_hal_dma_ex.o
LOAD ./Drivers/STM32F4xx_HAL_Driver/Src/stm32f4xx_hal_exti.o
LOAD ./Drivers/STM32F4xx_HAL_Driver/Src/stm32f4xx_hal_flash.o
LOAD ./Drivers/STM32F4xx_HAL_Driver/Src/stm32f4xx_hal_flash_ex.o
LOAD ./Drivers/STM32F4xx_HAL_Driver/Src/stm32f4xx_hal_flash_ramfunc.o
LOAD ./Drivers/STM32F4xx_HAL_Driver/Src/stm32f4xx_hal_gpio.o
LOAD ./Drivers/STM32F4xx_HAL_Driver/Src/stm32f4xx_hal_pwr.o
LOAD ./Drivers/STM32F4xx_HAL_Driver/Src/stm32f4xx_hal_pwr_ex.o
LOAD ./Drivers/STM32F4xx_HAL_Driver/Src/stm32f4xx_hal_rcc.o
LOAD ./Drivers/STM32F4xx_HAL_Driver/Src/stm32f4xx_hal_rcc_ex.o
LOAD ./Drivers/STM32F4xx_HAL_Driver/Src/stm32f4xx_hal_tim.o
LOAD ./Drivers/STM32F4xx_HAL_Driver/Src/stm32f4xx_hal_tim_ex.o
LOAD ./Drivers/STM32F4xx_HAL_Driver/Src/stm32f4xx_hal_uart.o
START GROUP
LOAD /opt/st/stm32cubeide_1.9.0/plugins/com.st.stm32cube.ide.mcu.externaltools.gnu-tools-for-stm32.10.3-2021.10.linux64_1.0.0.202111181127/tools/bin/../lib/gcc/arm-none-eabi/10.3.1/../../../../arm-none-eabi/lib/thumb/v7e-m+fp/hard/libc_nano.a
LOAD /opt/st/stm32cubeide_1.9.0/plugins/com.st.stm32cube.ide.mcu.externaltools.gnu-tools-for-stm32.10.3-2021.10.linux64_1.0.0.202111181127/tools/bin/../lib/gcc/arm-none-eabi/10.3.1/../../../../arm-none-eabi/lib/thumb/v7e-m+fp/hard/libm.a
END GROUP
START GROUP
LOAD /opt/st/stm32cubeide_1.9.0/plugins/com.st.stm32cube.ide.mcu.externaltools.gnu-tools-for-stm32.10.3-2021.10.linux64_1.0.0.202111181127/tools/bin/../lib/gcc/arm-none-eabi/10.3.1/thumb/v7e-m+fp/hard/libgcc.a
LOAD /opt/st/stm32cubeide_1.9.0/plugins/com.st.stm32cube.ide.mcu.externaltools.gnu-tools-for-stm32.10.3-2021.10.linux64_1.0.0.202111181127/tools/bin/../lib/gcc/arm-none-eabi/10.3.1/../../../../arm-none-eabi/lib/thumb/v7e-m+fp/hard/libc_nano.a
END GROUP
START GROUP
LOAD /opt/st/stm32cubeide_1.9.0/plugins/com.st.stm32cube.ide.mcu.externaltools.gnu-tools-for-stm32.10.3-2021.10.linux64_1.0.0.202111181127/tools/bin/../lib/gcc/arm-none-eabi/10.3.1/thumb/v7e-m+fp/hard/libgcc.a
LOAD /opt/st/stm32cubeide_1.9.0/plugins/com.st.stm32cube.ide.mcu.externaltools.gnu-tools-for-stm32.10.3-2021.10.linux64_1.0.0.202111181127/tools/bin/../lib/gcc/arm-none-eabi/10.3.1/../../../../arm-none-eabi/lib/thumb/v7e-m+fp/hard/libc_nano.a
LOAD /opt/st/stm32cubeide_1.9.0/plugins/com.st.stm32cube.ide.mcu.externaltools.gnu-tools-for-stm32.10.3-2021.10.linux64_1.0.0.202111181127/tools/bin/../lib/gcc/arm-none-eabi/10.3.1/../../../../arm-none-eabi/lib/thumb/v7e-m+fp/hard/libnosys.a
END GROUP
START GROUP
LOAD /opt/st/stm32cubeide_1.9.0/plugins/com.st.stm32cube.ide.mcu.externaltools.gnu-tools-for-stm32.10.3-2021.10.linux64_1.0.0.202111181127/tools/bin/../lib/gcc/arm-none-eabi/10.3.1/thumb/v7e-m+fp/hard/libgcc.a
LOAD /opt/st/stm32cubeide_1.9.0/plugins/com.st.stm32cube.ide.mcu.externaltools.gnu-tools-for-stm32.10.3-2021.10.linux64_1.0.0.202111181127/tools/bin/../lib/gcc/arm-none-eabi/10.3.1/../../../../arm-none-eabi/lib/thumb/v7e-m+fp/hard/libc_nano.a
LOAD /opt/st/stm32cubeide_1.9.0/plugins/com.st.stm32cube.ide.mcu.externaltools.gnu-tools-for-stm32.10.3-2021.10.linux64_1.0.0.202111181127/tools/bin/../lib/gcc/arm-none-eabi/10.3.1/../../../../arm-none-eabi/lib/thumb/v7e-m+fp/hard/libnosys.a
END GROUP
LOAD /opt/st/stm32cubeide_1.9.0/plugins/com.st.stm32cube.ide.mcu.externaltools.gnu-tools-for-stm32.10.3-2021.10.linux64_1.0.0.202111181127/tools/bin/../lib/gcc/arm-none-eabi/10.3.1/thumb/v7e-m+fp/hard/crtend.o
LOAD /opt/st/stm32cubeide_1.9.0/plugins/com.st.stm32cube.ide.mcu.externaltools.gnu-tools-for-stm32.10.3-2021.10.linux64_1.0.0.202111181127/tools/bin/../lib/gcc/arm-none-eabi/10.3.1/thumb/v7e-m+fp/hard/crtn.o
                0x0000000020030000                _estack = (ORIGIN (RAM) + LENGTH (RAM))
                0x0000000000000200                _Min_Heap_Size = 0x200
                0x0000000000000400                _Min_Stack_Size = 0x400

.isr_vector     0x0000000008000000      0x1ac
                0x0000000008000000                . = ALIGN (0x4)
 *(.isr_vector)
 .isr_vector    0x0000000008000000      0x1ac ./Core/Startup/startup_stm32f427vitx.o
                0x0000000008000000                g_pfnVectors
                0x00000000080001ac                . = ALIGN (0x4)

.text           0x00000000080001b0     0x4ce8
                0x00000000080001b0                . = ALIGN (0x4)
 *(.text)
 .text          0x00000000080001b0       0x40 /opt/st/stm32cubeide_1.9.0/plugins/com.st.stm32cube.ide.mcu.externaltools.gnu-tools-for-stm32.10.3-2021.10.linux64_1.0.0.202111181127/tools/bin/../lib/gcc/arm-none-eabi/10.3.1/thumb/v7e-m+fp/hard/crtbegin.o
 .text          0x00000000080001f0       0x10 /opt/st/stm32cubeide_1.9.0/plugins/com.st.stm32cube.ide.mcu.externaltools.gnu-tools-for-stm32.10.3-2021.10.linux64_1.0.0.202111181127/tools/bin/../lib/gcc/arm-none-eabi/10.3.1/../../../../arm-none-eabi/lib/thumb/v7e-m+fp/hard/libc_nano.a(lib_a-strlen.o)
                0x00000000080001f0                strlen
 .text          0x0000000008000200       0xa0 /opt/st/stm32cubeide_1.9.0/plugins/com.st.stm32cube.ide.mcu.externaltools.gnu-tools-for-stm32.10.3-2021.10.linux64_1.0.0.202111181127/tools/bin/../lib/gcc/arm-none-eabi/10.3.1/../../../../arm-none-eabi/lib/thumb/v7e-m+fp/hard/libc_nano.a(lib_a-memchr.o)
                0x0000000008000200                memchr
 .text          0x00000000080002a0       0x30 /opt/st/stm32cubeide_1.9.0/plugins/com.st.stm32cube.ide.mcu.externaltools.gnu-tools-for-stm32.10.3-2021.10.linux64_1.0.0.202111181127/tools/bin/../lib/gcc/arm-none-eabi/10.3.1/thumb/v7e-m+fp/hard/libgcc.a(_aeabi_uldivmod.o)
                0x00000000080002a0                __aeabi_uldivmod
 .text          0x00000000080002d0      0x2d0 /opt/st/stm32cubeide_1.9.0/plugins/com.st.stm32cube.ide.mcu.externaltools.gnu-tools-for-stm32.10.3-2021.10.linux64_1.0.0.202111181127/tools/bin/../lib/gcc/arm-none-eabi/10.3.1/thumb/v7e-m+fp/hard/libgcc.a(_udivmoddi4.o)
                0x00000000080002d0                __udivmoddi4
 .text          0x00000000080005a0        0x4 /opt/st/stm32cubeide_1.9.0/plugins/com.st.stm32cube.ide.mcu.externaltools.gnu-tools-for-stm32.10.3-2021.10.linux64_1.0.0.202111181127/tools/bin/../lib/gcc/arm-none-eabi/10.3.1/thumb/v7e-m+fp/hard/libgcc.a(_dvmd_tls.o)
                0x00000000080005a0                __aeabi_ldiv0
                0x00000000080005a0                __aeabi_idiv0
 *(.text*)
 .text.MX_GPIO_Init
                0x00000000080005a4       0xc0 ./Core/Src/gpio.o
                0x00000000080005a4                MX_GPIO_Init
 .text.init_led_pwm
                0x0000000008000664       0x20 ./Core/Src/main.o
                0x0000000008000664                init_led_pwm
 .text.is_digit
                0x0000000008000684       0x30 ./Core/Src/main.o
                0x0000000008000684                is_digit
 .text.uart_write
                0x00000000080006b4       0x2c ./Core/Src/main.o
                0x00000000080006b4                uart_write
 .text.uart_write_newline
                0x00000000080006e0       0x14 ./Core/Src/main.o
                0x00000000080006e0                uart_write_newline
 .text.process_char
                0x00000000080006f4       0x50 ./Core/Src/main.o
                0x00000000080006f4                process_char
 .text.uart_read_char
                0x0000000008000744       0x40 ./Core/Src/main.o
                0x0000000008000744                uart_read_char
 .text.play_sound
                0x0000000008000784       0x3c ./Core/Src/main.o
                0x0000000008000784                play_sound
 .text.mute     0x00000000080007c0       0x1c ./Core/Src/main.o
                0x00000000080007c0                mute
 .text.disable_all_leds
                0x00000000080007dc       0x2c ./Core/Src/main.o
                0x00000000080007dc                disable_all_leds
 .text.light_led
                0x0000000008000808       0x60 ./Core/Src/main.o
                0x0000000008000808                light_led
 .text.play_note
                0x0000000008000868       0x60 ./Core/Src/main.o
                0x0000000008000868                play_note
 .text.stop_note
                0x00000000080008c8       0x10 ./Core/Src/main.o
                0x00000000080008c8                stop_note
 .text.uart_write_note_info
                0x00000000080008d8       0xb4 ./Core/Src/main.o
                0x00000000080008d8                uart_write_note_info
 .text.countdown_start_game
                0x000000000800098c       0x48 ./Core/Src/main.o
                0x000000000800098c                countdown_start_game
 .text.stop_timer
                0x00000000080009d4       0x1c ./Core/Src/main.o
                0x00000000080009d4                stop_timer
 .text.set_timer_ms
                0x00000000080009f0       0x24 ./Core/Src/main.o
                0x00000000080009f0                set_timer_ms
 .text.finish_game
                0x0000000008000a14       0xf0 ./Core/Src/main.o
                0x0000000008000a14                finish_game
 .text.switch_game_mode
                0x0000000008000b04       0xb8 ./Core/Src/main.o
                0x0000000008000b04                switch_game_mode
 .text.switch_note_mode
                0x0000000008000bbc       0x5c ./Core/Src/main.o
                0x0000000008000bbc                switch_note_mode
 .text.switch_difficulty
                0x0000000008000c18       0x58 ./Core/Src/main.o
                0x0000000008000c18                switch_difficulty
 .text.HAL_TIM_PeriodElapsedCallback
                0x0000000008000c70       0xe0 ./Core/Src/main.o
                0x0000000008000c70                HAL_TIM_PeriodElapsedCallback
 .text.main     0x0000000008000d50      0x10c ./Core/Src/main.o
                0x0000000008000d50                main
 .text.SystemClock_Config
                0x0000000008000e5c       0xd8 ./Core/Src/main.o
                0x0000000008000e5c                SystemClock_Config
 .text.Error_Handler
                0x0000000008000f34        0xa ./Core/Src/main.o
                0x0000000008000f34                Error_Handler
 *fill*         0x0000000008000f3e        0x2 
 .text.HAL_MspInit
                0x0000000008000f40       0x50 ./Core/Src/stm32f4xx_hal_msp.o
                0x0000000008000f40                HAL_MspInit
 .text.NMI_Handler
                0x0000000008000f90        0x6 ./Core/Src/stm32f4xx_it.o
                0x0000000008000f90                NMI_Handler
 .text.HardFault_Handler
                0x0000000008000f96        0x6 ./Core/Src/stm32f4xx_it.o
                0x0000000008000f96                HardFault_Handler
 .text.MemManage_Handler
                0x0000000008000f9c        0x6 ./Core/Src/stm32f4xx_it.o
                0x0000000008000f9c                MemManage_Handler
 .text.BusFault_Handler
                0x0000000008000fa2        0x6 ./Core/Src/stm32f4xx_it.o
                0x0000000008000fa2                BusFault_Handler
 .text.UsageFault_Handler
                0x0000000008000fa8        0x6 ./Core/Src/stm32f4xx_it.o
                0x0000000008000fa8                UsageFault_Handler
 .text.SVC_Handler
                0x0000000008000fae        0xe ./Core/Src/stm32f4xx_it.o
                0x0000000008000fae                SVC_Handler
 .text.DebugMon_Handler
                0x0000000008000fbc        0xe ./Core/Src/stm32f4xx_it.o
                0x0000000008000fbc                DebugMon_Handler
 .text.PendSV_Handler
                0x0000000008000fca        0xe ./Core/Src/stm32f4xx_it.o
                0x0000000008000fca                PendSV_Handler
 .text.SysTick_Handler
                0x0000000008000fd8        0xc ./Core/Src/stm32f4xx_it.o
                0x0000000008000fd8                SysTick_Handler
 .text.TIM6_DAC_IRQHandler
                0x0000000008000fe4       0x14 ./Core/Src/stm32f4xx_it.o
                0x0000000008000fe4                TIM6_DAC_IRQHandler
 .text.initialise_monitor_handles
                0x0000000008000ff8        0xe ./Core/Src/syscalls.o
                0x0000000008000ff8                initialise_monitor_handles
 .text._read    0x0000000008001006       0x3a ./Core/Src/syscalls.o
                0x0000000008001006                _read
 .text._write   0x0000000008001040       0x38 ./Core/Src/syscalls.o
                0x0000000008001040                _write
 .text._close   0x0000000008001078       0x18 ./Core/Src/syscalls.o
                0x0000000008001078                _close
 .text._fstat   0x0000000008001090       0x20 ./Core/Src/syscalls.o
                0x0000000008001090                _fstat
 .text._isatty  0x00000000080010b0       0x16 ./Core/Src/syscalls.o
                0x00000000080010b0                _isatty
 .text._lseek   0x00000000080010c6       0x1a ./Core/Src/syscalls.o
                0x00000000080010c6                _lseek
 .text._sbrk    0x00000000080010e0       0x6c ./Core/Src/sysmem.o
                0x00000000080010e0                _sbrk
 .text.SystemInit
                0x000000000800114c       0x24 ./Core/Src/system_stm32f4xx.o
                0x000000000800114c                SystemInit
 .text.MX_TIM1_Init
                0x0000000008001170      0x108 ./Core/Src/tim.o
                0x0000000008001170                MX_TIM1_Init
 .text.MX_TIM4_Init
                0x0000000008001278       0xdc ./Core/Src/tim.o
                0x0000000008001278                MX_TIM4_Init
 .text.MX_TIM6_Init
                0x0000000008001354       0x6c ./Core/Src/tim.o
                0x0000000008001354                MX_TIM6_Init
 .text.HAL_TIM_PWM_MspInit
                0x00000000080013c0       0x70 ./Core/Src/tim.o
                0x00000000080013c0                HAL_TIM_PWM_MspInit
 .text.HAL_TIM_Base_MspInit
                0x0000000008001430       0x50 ./Core/Src/tim.o
                0x0000000008001430                HAL_TIM_Base_MspInit
 .text.HAL_TIM_MspPostInit
                0x0000000008001480       0xc8 ./Core/Src/tim.o
                0x0000000008001480                HAL_TIM_MspPostInit
 .text.MX_USART6_UART_Init
                0x0000000008001548       0x54 ./Core/Src/usart.o
                0x0000000008001548                MX_USART6_UART_Init
 .text.HAL_UART_MspInit
                0x000000000800159c       0x90 ./Core/Src/usart.o
                0x000000000800159c                HAL_UART_MspInit
 .text.Reset_Handler
                0x000000000800162c       0x50 ./Core/Startup/startup_stm32f427vitx.o
                0x000000000800162c                Reset_Handler
 .text.Default_Handler
                0x000000000800167c        0x2 ./Core/Startup/startup_stm32f427vitx.o
                0x000000000800167c                RTC_Alarm_IRQHandler
                0x000000000800167c                HASH_RNG_IRQHandler
                0x000000000800167c                EXTI2_IRQHandler
                0x000000000800167c                TIM8_CC_IRQHandler
                0x000000000800167c                UART8_IRQHandler
                0x000000000800167c                SPI4_IRQHandler
                0x000000000800167c                TIM1_CC_IRQHandler
                0x000000000800167c                DMA2_Stream5_IRQHandler
                0x000000000800167c                DMA1_Stream5_IRQHandler
                0x000000000800167c                PVD_IRQHandler
                0x000000000800167c                SDIO_IRQHandler
                0x000000000800167c                TAMP_STAMP_IRQHandler
                0x000000000800167c                CAN2_RX1_IRQHandler
                0x000000000800167c                EXTI3_IRQHandler
                0x000000000800167c                TIM8_TRG_COM_TIM14_IRQHandler
                0x000000000800167c                TIM1_UP_TIM10_IRQHandler
                0x000000000800167c                TIM8_UP_TIM13_IRQHandler
                0x000000000800167c                I2C3_ER_IRQHandler
                0x000000000800167c                EXTI0_IRQHandler
                0x000000000800167c                I2C2_EV_IRQHandler
                0x000000000800167c                DMA1_Stream2_IRQHandler
                0x000000000800167c                CAN1_RX0_IRQHandler
                0x000000000800167c                FPU_IRQHandler
                0x000000000800167c                OTG_HS_WKUP_IRQHandler
                0x000000000800167c                CAN2_SCE_IRQHandler
                0x000000000800167c                DMA2_Stream2_IRQHandler
                0x000000000800167c                SPI1_IRQHandler
                0x000000000800167c                TIM1_BRK_TIM9_IRQHandler
                0x000000000800167c                DCMI_IRQHandler
                0x000000000800167c                CAN2_RX0_IRQHandler
                0x000000000800167c                DMA2_Stream3_IRQHandler
                0x000000000800167c                USART6_IRQHandler
                0x000000000800167c                USART3_IRQHandler
                0x000000000800167c                CAN1_RX1_IRQHandler
                0x000000000800167c                UART5_IRQHandler
                0x000000000800167c                DMA2_Stream0_IRQHandler
                0x000000000800167c                TIM4_IRQHandler
                0x000000000800167c                I2C1_EV_IRQHandler
                0x000000000800167c                DMA1_Stream6_IRQHandler
                0x000000000800167c                DMA1_Stream1_IRQHandler
                0x000000000800167c                UART4_IRQHandler
                0x000000000800167c                TIM3_IRQHandler
                0x000000000800167c                RCC_IRQHandler
                0x000000000800167c                TIM8_BRK_TIM12_IRQHandler
                0x000000000800167c                Default_Handler
                0x000000000800167c                EXTI15_10_IRQHandler
                0x000000000800167c                ADC_IRQHandler
                0x000000000800167c                DMA1_Stream7_IRQHandler
                0x000000000800167c                SPI5_IRQHandler
                0x000000000800167c                TIM7_IRQHandler
                0x000000000800167c                CAN2_TX_IRQHandler
                0x000000000800167c                TIM5_IRQHandler
                0x000000000800167c                DMA2_Stream7_IRQHandler
                0x000000000800167c                I2C3_EV_IRQHandler
                0x000000000800167c                EXTI9_5_IRQHandler
                0x000000000800167c                RTC_WKUP_IRQHandler
                0x000000000800167c                ETH_WKUP_IRQHandler
                0x000000000800167c                SPI2_IRQHandler
                0x000000000800167c                OTG_HS_EP1_IN_IRQHandler
                0x000000000800167c                DMA1_Stream0_IRQHandler
                0x000000000800167c                CAN1_TX_IRQHandler
                0x000000000800167c                EXTI4_IRQHandler
                0x000000000800167c                ETH_IRQHandler
                0x000000000800167c                OTG_HS_EP1_OUT_IRQHandler
                0x000000000800167c                WWDG_IRQHandler
                0x000000000800167c                SPI6_IRQHandler
                0x000000000800167c                TIM2_IRQHandler
                0x000000000800167c                OTG_FS_WKUP_IRQHandler
                0x000000000800167c                TIM1_TRG_COM_TIM11_IRQHandler
                0x000000000800167c                OTG_HS_IRQHandler
                0x000000000800167c                DMA2D_IRQHandler
                0x000000000800167c                EXTI1_IRQHandler
                0x000000000800167c                UART7_IRQHandler
                0x000000000800167c                USART2_IRQHandler
                0x000000000800167c                I2C2_ER_IRQHandler
                0x000000000800167c                DMA2_Stream1_IRQHandler
                0x000000000800167c                CAN1_SCE_IRQHandler
                0x000000000800167c                FLASH_IRQHandler
                0x000000000800167c                DMA2_Stream4_IRQHandler
                0x000000000800167c                USART1_IRQHandler
                0x000000000800167c                OTG_FS_IRQHandler
                0x000000000800167c                SPI3_IRQHandler
                0x000000000800167c                DMA1_Stream4_IRQHandler
                0x000000000800167c                I2C1_ER_IRQHandler
                0x000000000800167c                FMC_IRQHandler
                0x000000000800167c                DMA2_Stream6_IRQHandler
                0x000000000800167c                SAI1_IRQHandler
                0x000000000800167c                DMA1_Stream3_IRQHandler
 *fill*         0x000000000800167e        0x2 
 .text.HAL_Init
                0x0000000008001680       0x44 ./Drivers/STM32F4xx_HAL_Driver/Src/stm32f4xx_hal.o
                0x0000000008001680                HAL_Init
 .text.HAL_InitTick
                0x00000000080016c4       0x60 ./Drivers/STM32F4xx_HAL_Driver/Src/stm32f4xx_hal.o
                0x00000000080016c4                HAL_InitTick
 .text.HAL_IncTick
                0x0000000008001724       0x28 ./Drivers/STM32F4xx_HAL_Driver/Src/stm32f4xx_hal.o
                0x0000000008001724                HAL_IncTick
 .text.HAL_GetTick
                0x000000000800174c       0x18 ./Drivers/STM32F4xx_HAL_Driver/Src/stm32f4xx_hal.o
                0x000000000800174c                HAL_GetTick
 .text.HAL_Delay
                0x0000000008001764       0x48 ./Drivers/STM32F4xx_HAL_Driver/Src/stm32f4xx_hal.o
                0x0000000008001764                HAL_Delay
 .text.__NVIC_SetPriorityGrouping
                0x00000000080017ac       0x48 ./Drivers/STM32F4xx_HAL_Driver/Src/stm32f4xx_hal_cortex.o
 .text.__NVIC_GetPriorityGrouping
                0x00000000080017f4       0x1c ./Drivers/STM32F4xx_HAL_Driver/Src/stm32f4xx_hal_cortex.o
 .text.__NVIC_EnableIRQ
                0x0000000008001810       0x3c ./Drivers/STM32F4xx_HAL_Driver/Src/stm32f4xx_hal_cortex.o
 .text.__NVIC_SetPriority
                0x000000000800184c       0x54 ./Drivers/STM32F4xx_HAL_Driver/Src/stm32f4xx_hal_cortex.o
 .text.NVIC_EncodePriority
                0x00000000080018a0       0x66 ./Drivers/STM32F4xx_HAL_Driver/Src/stm32f4xx_hal_cortex.o
 *fill*         0x0000000008001906        0x2 
 .text.SysTick_Config
                0x0000000008001908       0x44 ./Drivers/STM32F4xx_HAL_Driver/Src/stm32f4xx_hal_cortex.o
 .text.HAL_NVIC_SetPriorityGrouping
                0x000000000800194c       0x16 ./Drivers/STM32F4xx_HAL_Driver/Src/stm32f4xx_hal_cortex.o
                0x000000000800194c                HAL_NVIC_SetPriorityGrouping
 .text.HAL_NVIC_SetPriority
                0x0000000008001962       0x38 ./Drivers/STM32F4xx_HAL_Driver/Src/stm32f4xx_hal_cortex.o
                0x0000000008001962                HAL_NVIC_SetPriority
 .text.HAL_NVIC_EnableIRQ
                0x000000000800199a       0x1c ./Drivers/STM32F4xx_HAL_Driver/Src/stm32f4xx_hal_cortex.o
                0x000000000800199a                HAL_NVIC_EnableIRQ
 .text.HAL_SYSTICK_Config
                0x00000000080019b6       0x18 ./Drivers/STM32F4xx_HAL_Driver/Src/stm32f4xx_hal_cortex.o
                0x00000000080019b6                HAL_SYSTICK_Config
 *fill*         0x00000000080019ce        0x2 
 .text.HAL_GPIO_Init
                0x00000000080019d0      0x358 ./Drivers/STM32F4xx_HAL_Driver/Src/stm32f4xx_hal_gpio.o
                0x00000000080019d0                HAL_GPIO_Init
 .text.HAL_RCC_OscConfig
                0x0000000008001d28      0x4f0 ./Drivers/STM32F4xx_HAL_Driver/Src/stm32f4xx_hal_rcc.o
                0x0000000008001d28                HAL_RCC_OscConfig
 .text.HAL_RCC_ClockConfig
                0x0000000008002218      0x1cc ./Drivers/STM32F4xx_HAL_Driver/Src/stm32f4xx_hal_rcc.o
                0x0000000008002218                HAL_RCC_ClockConfig
 .text.HAL_RCC_GetSysClockFreq
                0x00000000080023e4      0x18c ./Drivers/STM32F4xx_HAL_Driver/Src/stm32f4xx_hal_rcc.o
                0x00000000080023e4                HAL_RCC_GetSysClockFreq
 .text.HAL_RCC_GetHCLKFreq
                0x0000000008002570       0x18 ./Drivers/STM32F4xx_HAL_Driver/Src/stm32f4xx_hal_rcc.o
                0x0000000008002570                HAL_RCC_GetHCLKFreq
 .text.HAL_RCC_GetPCLK1Freq
                0x0000000008002588       0x28 ./Drivers/STM32F4xx_HAL_Driver/Src/stm32f4xx_hal_rcc.o
                0x0000000008002588                HAL_RCC_GetPCLK1Freq
 .text.HAL_RCC_GetPCLK2Freq
                0x00000000080025b0       0x28 ./Drivers/STM32F4xx_HAL_Driver/Src/stm32f4xx_hal_rcc.o
                0x00000000080025b0                HAL_RCC_GetPCLK2Freq
 .text.HAL_TIM_Base_Init
                0x00000000080025d8       0x9e ./Drivers/STM32F4xx_HAL_Driver/Src/stm32f4xx_hal_tim.o
                0x00000000080025d8                HAL_TIM_Base_Init
 *fill*         0x0000000008002676        0x2 
 .text.HAL_TIM_Base_Start_IT
                0x0000000008002678       0xe0 ./Drivers/STM32F4xx_HAL_Driver/Src/stm32f4xx_hal_tim.o
                0x0000000008002678                HAL_TIM_Base_Start_IT
 .text.HAL_TIM_Base_Stop_IT
                0x0000000008002758       0x5e ./Drivers/STM32F4xx_HAL_Driver/Src/stm32f4xx_hal_tim.o
                0x0000000008002758                HAL_TIM_Base_Stop_IT
 .text.HAL_TIM_PWM_Init
                0x00000000080027b6       0x9e ./Drivers/STM32F4xx_HAL_Driver/Src/stm32f4xx_hal_tim.o
                0x00000000080027b6                HAL_TIM_PWM_Init
 .text.HAL_TIM_PWM_Start
                0x0000000008002854      0x190 ./Drivers/STM32F4xx_HAL_Driver/Src/stm32f4xx_hal_tim.o
                0x0000000008002854                HAL_TIM_PWM_Start
 .text.HAL_TIM_IRQHandler
                0x00000000080029e4      0x210 ./Drivers/STM32F4xx_HAL_Driver/Src/stm32f4xx_hal_tim.o
                0x00000000080029e4                HAL_TIM_IRQHandler
 .text.HAL_TIM_PWM_ConfigChannel
                0x0000000008002bf4      0x184 ./Drivers/STM32F4xx_HAL_Driver/Src/stm32f4xx_hal_tim.o
                0x0000000008002bf4                HAL_TIM_PWM_ConfigChannel
 .text.HAL_TIM_OC_DelayElapsedCallback
                0x0000000008002d78       0x14 ./Drivers/STM32F4xx_HAL_Driver/Src/stm32f4xx_hal_tim.o
                0x0000000008002d78                HAL_TIM_OC_DelayElapsedCallback
 .text.HAL_TIM_IC_CaptureCallback
                0x0000000008002d8c       0x14 ./Drivers/STM32F4xx_HAL_Driver/Src/stm32f4xx_hal_tim.o
                0x0000000008002d8c                HAL_TIM_IC_CaptureCallback
 .text.HAL_TIM_PWM_PulseFinishedCallback
                0x0000000008002da0       0x14 ./Drivers/STM32F4xx_HAL_Driver/Src/stm32f4xx_hal_tim.o
                0x0000000008002da0                HAL_TIM_PWM_PulseFinishedCallback
 .text.HAL_TIM_TriggerCallback
                0x0000000008002db4       0x14 ./Drivers/STM32F4xx_HAL_Driver/Src/stm32f4xx_hal_tim.o
                0x0000000008002db4                HAL_TIM_TriggerCallback
 .text.TIM_Base_SetConfig
                0x0000000008002dc8      0x140 ./Drivers/STM32F4xx_HAL_Driver/Src/stm32f4xx_hal_tim.o
                0x0000000008002dc8                TIM_Base_SetConfig
 .text.TIM_OC1_SetConfig
                0x0000000008002f08       0xe0 ./Drivers/STM32F4xx_HAL_Driver/Src/stm32f4xx_hal_tim.o
 .text.TIM_OC2_SetConfig
                0x0000000008002fe8       0xec ./Drivers/STM32F4xx_HAL_Driver/Src/stm32f4xx_hal_tim.o
                0x0000000008002fe8                TIM_OC2_SetConfig
 .text.TIM_OC3_SetConfig
                0x00000000080030d4       0xe8 ./Drivers/STM32F4xx_HAL_Driver/Src/stm32f4xx_hal_tim.o
 .text.TIM_OC4_SetConfig
                0x00000000080031bc       0xac ./Drivers/STM32F4xx_HAL_Driver/Src/stm32f4xx_hal_tim.o
 .text.TIM_CCxChannelCmd
                0x0000000008003268       0x4a ./Drivers/STM32F4xx_HAL_Driver/Src/stm32f4xx_hal_tim.o
                0x0000000008003268                TIM_CCxChannelCmd
 *fill*         0x00000000080032b2        0x2 
 .text.HAL_TIMEx_MasterConfigSynchronization
                0x00000000080032b4       0xf8 ./Drivers/STM32F4xx_HAL_Driver/Src/stm32f4xx_hal_tim_ex.o
                0x00000000080032b4                HAL_TIMEx_MasterConfigSynchronization
 .text.HAL_TIMEx_ConfigBreakDeadTime
                0x00000000080033ac       0xa4 ./Drivers/STM32F4xx_HAL_Driver/Src/stm32f4xx_hal_tim_ex.o
                0x00000000080033ac                HAL_TIMEx_ConfigBreakDeadTime
 .text.HAL_TIMEx_CommutCallback
                0x0000000008003450       0x14 ./Drivers/STM32F4xx_HAL_Driver/Src/stm32f4xx_hal_tim_ex.o
                0x0000000008003450                HAL_TIMEx_CommutCallback
 .text.HAL_TIMEx_BreakCallback
                0x0000000008003464       0x14 ./Drivers/STM32F4xx_HAL_Driver/Src/stm32f4xx_hal_tim_ex.o
                0x0000000008003464                HAL_TIMEx_BreakCallback
 .text.HAL_UART_Init
                0x0000000008003478       0x9a ./Drivers/STM32F4xx_HAL_Driver/Src/stm32f4xx_hal_uart.o
                0x0000000008003478                HAL_UART_Init
 .text.HAL_UART_Transmit
                0x0000000008003512      0x124 ./Drivers/STM32F4xx_HAL_Driver/Src/stm32f4xx_hal_uart.o
                0x0000000008003512                HAL_UART_Transmit
 .text.HAL_UART_Receive
                0x0000000008003636      0x144 ./Drivers/STM32F4xx_HAL_Driver/Src/stm32f4xx_hal_uart.o
                0x0000000008003636                HAL_UART_Receive
 .text.UART_WaitOnFlagUntilTimeout
                0x000000000800377a       0xdc ./Drivers/STM32F4xx_HAL_Driver/Src/stm32f4xx_hal_uart.o
 *fill*         0x0000000008003856        0x2 
 .text.UART_SetConfig
                0x0000000008003858      0x4e8 ./Drivers/STM32F4xx_HAL_Driver/Src/stm32f4xx_hal_uart.o
 .text.__errno  0x0000000008003d40        0xc /opt/st/stm32cubeide_1.9.0/plugins/com.st.stm32cube.ide.mcu.externaltools.gnu-tools-for-stm32.10.3-2021.10.linux64_1.0.0.202111181127/tools/bin/../lib/gcc/arm-none-eabi/10.3.1/../../../../arm-none-eabi/lib/thumb/v7e-m+fp/hard/libc_nano.a(lib_a-errno.o)
                0x0000000008003d40                __errno
 .text.__libc_init_array
                0x0000000008003d4c       0x48 /opt/st/stm32cubeide_1.9.0/plugins/com.st.stm32cube.ide.mcu.externaltools.gnu-tools-for-stm32.10.3-2021.10.linux64_1.0.0.202111181127/tools/bin/../lib/gcc/arm-none-eabi/10.3.1/../../../../arm-none-eabi/lib/thumb/v7e-m+fp/hard/libc_nano.a(lib_a-init.o)
                0x0000000008003d4c                __libc_init_array
 .text.memset   0x0000000008003d94       0x10 /opt/st/stm32cubeide_1.9.0/plugins/com.st.stm32cube.ide.mcu.externaltools.gnu-tools-for-stm32.10.3-2021.10.linux64_1.0.0.202111181127/tools/bin/../lib/gcc/arm-none-eabi/10.3.1/../../../../arm-none-eabi/lib/thumb/v7e-m+fp/hard/libc_nano.a(lib_a-memset.o)
                0x0000000008003d94                memset
 .text._puts_r  0x0000000008003da4       0xdc /opt/st/stm32cubeide_1.9.0/plugins/com.st.stm32cube.ide.mcu.externaltools.gnu-tools-for-stm32.10.3-2021.10.linux64_1.0.0.202111181127/tools/bin/../lib/gcc/arm-none-eabi/10.3.1/../../../../arm-none-eabi/lib/thumb/v7e-m+fp/hard/libc_nano.a(lib_a-puts.o)
                0x0000000008003da4                _puts_r
 .text.puts     0x0000000008003e80       0x10 /opt/st/stm32cubeide_1.9.0/plugins/com.st.stm32cube.ide.mcu.externaltools.gnu-tools-for-stm32.10.3-2021.10.linux64_1.0.0.202111181127/tools/bin/../lib/gcc/arm-none-eabi/10.3.1/../../../../arm-none-eabi/lib/thumb/v7e-m+fp/hard/libc_nano.a(lib_a-puts.o)
                0x0000000008003e80                puts
 .text.sprintf  0x0000000008003e90       0x40 /opt/st/stm32cubeide_1.9.0/plugins/com.st.stm32cube.ide.mcu.externaltools.gnu-tools-for-stm32.10.3-2021.10.linux64_1.0.0.202111181127/tools/bin/../lib/gcc/arm-none-eabi/10.3.1/../../../../arm-none-eabi/lib/thumb/v7e-m+fp/hard/libc_nano.a(lib_a-sprintf.o)
                0x0000000008003e90                sprintf
                0x0000000008003e90                siprintf
 .text.__swbuf_r
                0x0000000008003ed0       0xa4 /opt/st/stm32cubeide_1.9.0/plugins/com.st.stm32cube.ide.mcu.externaltools.gnu-tools-for-stm32.10.3-2021.10.linux64_1.0.0.202111181127/tools/bin/../lib/gcc/arm-none-eabi/10.3.1/../../../../arm-none-eabi/lib/thumb/v7e-m+fp/hard/libc_nano.a(lib_a-wbuf.o)
                0x0000000008003ed0                __swbuf_r
 .text.__swsetup_r
                0x0000000008003f74       0xdc /opt/st/stm32cubeide_1.9.0/plugins/com.st.stm32cube.ide.mcu.externaltools.gnu-tools-for-stm32.10.3-2021.10.linux64_1.0.0.202111181127/tools/bin/../lib/gcc/arm-none-eabi/10.3.1/../../../../arm-none-eabi/lib/thumb/v7e-m+fp/hard/libc_nano.a(lib_a-wsetup.o)
                0x0000000008003f74                __swsetup_r
 .text.__sflush_r
                0x0000000008004050      0x10c /opt/st/stm32cubeide_1.9.0/plugins/com.st.stm32cube.ide.mcu.externaltools.gnu-tools-for-stm32.10.3-2021.10.linux64_1.0.0.202111181127/tools/bin/../lib/gcc/arm-none-eabi/10.3.1/../../../../arm-none-eabi/lib/thumb/v7e-m+fp/hard/libc_nano.a(lib_a-fflush.o)
                0x0000000008004050                __sflush_r
 .text._fflush_r
                0x000000000800415c       0x78 /opt/st/stm32cubeide_1.9.0/plugins/com.st.stm32cube.ide.mcu.externaltools.gnu-tools-for-stm32.10.3-2021.10.linux64_1.0.0.202111181127/tools/bin/../lib/gcc/arm-none-eabi/10.3.1/../../../../arm-none-eabi/lib/thumb/v7e-m+fp/hard/libc_nano.a(lib_a-fflush.o)
                0x000000000800415c                _fflush_r
 .text.std      0x00000000080041d4       0x48 /opt/st/stm32cubeide_1.9.0/plugins/com.st.stm32cube.ide.mcu.externaltools.gnu-tools-for-stm32.10.3-2021.10.linux64_1.0.0.202111181127/tools/bin/../lib/gcc/arm-none-eabi/10.3.1/../../../../arm-none-eabi/lib/thumb/v7e-m+fp/hard/libc_nano.a(lib_a-findfp.o)
 .text._cleanup_r
                0x000000000800421c        0xc /opt/st/stm32cubeide_1.9.0/plugins/com.st.stm32cube.ide.mcu.externaltools.gnu-tools-for-stm32.10.3-2021.10.linux64_1.0.0.202111181127/tools/bin/../lib/gcc/arm-none-eabi/10.3.1/../../../../arm-none-eabi/lib/thumb/v7e-m+fp/hard/libc_nano.a(lib_a-findfp.o)
                0x000000000800421c                _cleanup_r
 .text.__sfmoreglue
                0x0000000008004228       0x2c /opt/st/stm32cubeide_1.9.0/plugins/com.st.stm32cube.ide.mcu.externaltools.gnu-tools-for-stm32.10.3-2021.10.linux64_1.0.0.202111181127/tools/bin/../lib/gcc/arm-none-eabi/10.3.1/../../../../arm-none-eabi/lib/thumb/v7e-m+fp/hard/libc_nano.a(lib_a-findfp.o)
                0x0000000008004228                __sfmoreglue
 .text.__sfp_lock_acquire
                0x0000000008004254        0xc /opt/st/stm32cubeide_1.9.0/plugins/com.st.stm32cube.ide.mcu.externaltools.gnu-tools-for-stm32.10.3-2021.10.linux64_1.0.0.202111181127/tools/bin/../lib/gcc/arm-none-eabi/10.3.1/../../../../arm-none-eabi/lib/thumb/v7e-m+fp/hard/libc_nano.a(lib_a-findfp.o)
                0x0000000008004254                __sfp_lock_acquire
 .text.__sfp_lock_release
                0x0000000008004260        0xc /opt/st/stm32cubeide_1.9.0/plugins/com.st.stm32cube.ide.mcu.externaltools.gnu-tools-for-stm32.10.3-2021.10.linux64_1.0.0.202111181127/tools/bin/../lib/gcc/arm-none-eabi/10.3.1/../../../../arm-none-eabi/lib/thumb/v7e-m+fp/hard/libc_nano.a(lib_a-findfp.o)
                0x0000000008004260                __sfp_lock_release
 .text.__sinit_lock_acquire
                0x000000000800426c        0xc /opt/st/stm32cubeide_1.9.0/plugins/com.st.stm32cube.ide.mcu.externaltools.gnu-tools-for-stm32.10.3-2021.10.linux64_1.0.0.202111181127/tools/bin/../lib/gcc/arm-none-eabi/10.3.1/../../../../arm-none-eabi/lib/thumb/v7e-m+fp/hard/libc_nano.a(lib_a-findfp.o)
                0x000000000800426c                __sinit_lock_acquire
 .text.__sinit_lock_release
                0x0000000008004278        0xc /opt/st/stm32cubeide_1.9.0/plugins/com.st.stm32cube.ide.mcu.externaltools.gnu-tools-for-stm32.10.3-2021.10.linux64_1.0.0.202111181127/tools/bin/../lib/gcc/arm-none-eabi/10.3.1/../../../../arm-none-eabi/lib/thumb/v7e-m+fp/hard/libc_nano.a(lib_a-findfp.o)
                0x0000000008004278                __sinit_lock_release
 .text.__sinit  0x0000000008004284       0x70 /opt/st/stm32cubeide_1.9.0/plugins/com.st.stm32cube.ide.mcu.externaltools.gnu-tools-for-stm32.10.3-2021.10.linux64_1.0.0.202111181127/tools/bin/../lib/gcc/arm-none-eabi/10.3.1/../../../../arm-none-eabi/lib/thumb/v7e-m+fp/hard/libc_nano.a(lib_a-findfp.o)
                0x0000000008004284                __sinit
 .text.__sfp    0x00000000080042f4       0x8c /opt/st/stm32cubeide_1.9.0/plugins/com.st.stm32cube.ide.mcu.externaltools.gnu-tools-for-stm32.10.3-2021.10.linux64_1.0.0.202111181127/tools/bin/../lib/gcc/arm-none-eabi/10.3.1/../../../../arm-none-eabi/lib/thumb/v7e-m+fp/hard/libc_nano.a(lib_a-findfp.o)
                0x00000000080042f4                __sfp
 .text._fwalk_reent
                0x0000000008004380       0x3e /opt/st/stm32cubeide_1.9.0/plugins/com.st.stm32cube.ide.mcu.externaltools.gnu-tools-for-stm32.10.3-2021.10.linux64_1.0.0.202111181127/tools/bin/../lib/gcc/arm-none-eabi/10.3.1/../../../../arm-none-eabi/lib/thumb/v7e-m+fp/hard/libc_nano.a(lib_a-fwalk.o)
                0x0000000008004380                _fwalk_reent
 .text.__retarget_lock_init_recursive
                0x00000000080043be        0x2 /opt/st/stm32cubeide_1.9.0/plugins/com.st.stm32cube.ide.mcu.externaltools.gnu-tools-for-stm32.10.3-2021.10.linux64_1.0.0.202111181127/tools/bin/../lib/gcc/arm-none-eabi/10.3.1/../../../../arm-none-eabi/lib/thumb/v7e-m+fp/hard/libc_nano.a(lib_a-lock.o)
                0x00000000080043be                __retarget_lock_init_recursive
 .text.__retarget_lock_acquire_recursive
                0x00000000080043c0        0x2 /opt/st/stm32cubeide_1.9.0/plugins/com.st.stm32cube.ide.mcu.externaltools.gnu-tools-for-stm32.10.3-2021.10.linux64_1.0.0.202111181127/tools/bin/../lib/gcc/arm-none-eabi/10.3.1/../../../../arm-none-eabi/lib/thumb/v7e-m+fp/hard/libc_nano.a(lib_a-lock.o)
                0x00000000080043c0                __retarget_lock_acquire_recursive
 .text.__retarget_lock_release_recursive
                0x00000000080043c2        0x2 /opt/st/stm32cubeide_1.9.0/plugins/com.st.stm32cube.ide.mcu.externaltools.gnu-tools-for-stm32.10.3-2021.10.linux64_1.0.0.202111181127/tools/bin/../lib/gcc/arm-none-eabi/10.3.1/../../../../arm-none-eabi/lib/thumb/v7e-m+fp/hard/libc_nano.a(lib_a-lock.o)
                0x00000000080043c2                __retarget_lock_release_recursive
 .text.__swhatbuf_r
                0x00000000080043c4       0x4a /opt/st/stm32cubeide_1.9.0/plugins/com.st.stm32cube.ide.mcu.externaltools.gnu-tools-for-stm32.10.3-2021.10.linux64_1.0.0.202111181127/tools/bin/../lib/gcc/arm-none-eabi/10.3.1/../../../../arm-none-eabi/lib/thumb/v7e-m+fp/hard/libc_nano.a(lib_a-makebuf.o)
                0x00000000080043c4                __swhatbuf_r
 *fill*         0x000000000800440e        0x2 
 .text.__smakebuf_r
                0x0000000008004410       0x80 /opt/st/stm32cubeide_1.9.0/plugins/com.st.stm32cube.ide.mcu.externaltools.gnu-tools-for-stm32.10.3-2021.10.linux64_1.0.0.202111181127/tools/bin/../lib/gcc/arm-none-eabi/10.3.1/../../../../arm-none-eabi/lib/thumb/v7e-m+fp/hard/libc_nano.a(lib_a-makebuf.o)
                0x0000000008004410                __smakebuf_r
 .text._free_r  0x0000000008004490       0x98 /opt/st/stm32cubeide_1.9.0/plugins/com.st.stm32cube.ide.mcu.externaltools.gnu-tools-for-stm32.10.3-2021.10.linux64_1.0.0.202111181127/tools/bin/../lib/gcc/arm-none-eabi/10.3.1/../../../../arm-none-eabi/lib/thumb/v7e-m+fp/hard/libc_nano.a(lib_a-nano-freer.o)
                0x0000000008004490                _free_r
 .text.sbrk_aligned
                0x0000000008004528       0x40 /opt/st/stm32cubeide_1.9.0/plugins/com.st.stm32cube.ide.mcu.externaltools.gnu-tools-for-stm32.10.3-2021.10.linux64_1.0.0.202111181127/tools/bin/../lib/gcc/arm-none-eabi/10.3.1/../../../../arm-none-eabi/lib/thumb/v7e-m+fp/hard/libc_nano.a(lib_a-nano-mallocr.o)
 .text._malloc_r
                0x0000000008004568       0xe8 /opt/st/stm32cubeide_1.9.0/plugins/com.st.stm32cube.ide.mcu.externaltools.gnu-tools-for-stm32.10.3-2021.10.linux64_1.0.0.202111181127/tools/bin/../lib/gcc/arm-none-eabi/10.3.1/../../../../arm-none-eabi/lib/thumb/v7e-m+fp/hard/libc_nano.a(lib_a-nano-mallocr.o)
                0x0000000008004568                _malloc_r
 .text.__ssputs_r
                0x0000000008004650       0xb6 /opt/st/stm32cubeide_1.9.0/plugins/com.st.stm32cube.ide.mcu.externaltools.gnu-tools-for-stm32.10.3-2021.10.linux64_1.0.0.202111181127/tools/bin/../lib/gcc/arm-none-eabi/10.3.1/../../../../arm-none-eabi/lib/thumb/v7e-m+fp/hard/libc_nano.a(lib_a-nano-svfprintf.o)
                0x0000000008004650                __ssputs_r
 *fill*         0x0000000008004706        0x2 
 .text._svfprintf_r
                0x0000000008004708      0x200 /opt/st/stm32cubeide_1.9.0/plugins/com.st.stm32cube.ide.mcu.externaltools.gnu-tools-for-stm32.10.3-2021.10.linux64_1.0.0.202111181127/tools/bin/../lib/gcc/arm-none-eabi/10.3.1/../../../../arm-none-eabi/lib/thumb/v7e-m+fp/hard/libc_nano.a(lib_a-nano-svfprintf.o)
                0x0000000008004708                _svfprintf_r
                0x0000000008004708                _svfiprintf_r
 .text._printf_common
                0x0000000008004908       0xda /opt/st/stm32cubeide_1.9.0/plugins/com.st.stm32cube.ide.mcu.externaltools.gnu-tools-for-stm32.10.3-2021.10.linux64_1.0.0.202111181127/tools/bin/../lib/gcc/arm-none-eabi/10.3.1/../../../../arm-none-eabi/lib/thumb/v7e-m+fp/hard/libc_nano.a(lib_a-nano-vfprintf_i.o)
                0x0000000008004908                _printf_common
 *fill*         0x00000000080049e2        0x2 
 .text._printf_i
                0x00000000080049e4      0x24c /opt/st/stm32cubeide_1.9.0/plugins/com.st.stm32cube.ide.mcu.externaltools.gnu-tools-for-stm32.10.3-2021.10.linux64_1.0.0.202111181127/tools/bin/../lib/gcc/arm-none-eabi/10.3.1/../../../../arm-none-eabi/lib/thumb/v7e-m+fp/hard/libc_nano.a(lib_a-nano-vfprintf_i.o)
                0x00000000080049e4                _printf_i
 .text._sbrk_r  0x0000000008004c30       0x20 /opt/st/stm32cubeide_1.9.0/plugins/com.st.stm32cube.ide.mcu.externaltools.gnu-tools-for-stm32.10.3-2021.10.linux64_1.0.0.202111181127/tools/bin/../lib/gcc/arm-none-eabi/10.3.1/../../../../arm-none-eabi/lib/thumb/v7e-m+fp/hard/libc_nano.a(lib_a-sbrkr.o)
                0x0000000008004c30                _sbrk_r
 .text.__sread  0x0000000008004c50       0x22 /opt/st/stm32cubeide_1.9.0/plugins/com.st.stm32cube.ide.mcu.externaltools.gnu-tools-for-stm32.10.3-2021.10.linux64_1.0.0.202111181127/tools/bin/../lib/gcc/arm-none-eabi/10.3.1/../../../../arm-none-eabi/lib/thumb/v7e-m+fp/hard/libc_nano.a(lib_a-stdio.o)
                0x0000000008004c50                __sread
 .text.__swrite
                0x0000000008004c72       0x38 /opt/st/stm32cubeide_1.9.0/plugins/com.st.stm32cube.ide.mcu.externaltools.gnu-tools-for-stm32.10.3-2021.10.linux64_1.0.0.202111181127/tools/bin/../lib/gcc/arm-none-eabi/10.3.1/../../../../arm-none-eabi/lib/thumb/v7e-m+fp/hard/libc_nano.a(lib_a-stdio.o)
                0x0000000008004c72                __swrite
 .text.__sseek  0x0000000008004caa       0x24 /opt/st/stm32cubeide_1.9.0/plugins/com.st.stm32cube.ide.mcu.externaltools.gnu-tools-for-stm32.10.3-2021.10.linux64_1.0.0.202111181127/tools/bin/../lib/gcc/arm-none-eabi/10.3.1/../../../../arm-none-eabi/lib/thumb/v7e-m+fp/hard/libc_nano.a(lib_a-stdio.o)
                0x0000000008004caa                __sseek
 .text.__sclose
                0x0000000008004cce        0x8 /opt/st/stm32cubeide_1.9.0/plugins/com.st.stm32cube.ide.mcu.externaltools.gnu-tools-for-stm32.10.3-2021.10.linux64_1.0.0.202111181127/tools/bin/../lib/gcc/arm-none-eabi/10.3.1/../../../../arm-none-eabi/lib/thumb/v7e-m+fp/hard/libc_nano.a(lib_a-stdio.o)
                0x0000000008004cce                __sclose
 *fill*         0x0000000008004cd6        0x2 
 .text._write_r
                0x0000000008004cd8       0x24 /opt/st/stm32cubeide_1.9.0/plugins/com.st.stm32cube.ide.mcu.externaltools.gnu-tools-for-stm32.10.3-2021.10.linux64_1.0.0.202111181127/tools/bin/../lib/gcc/arm-none-eabi/10.3.1/../../../../arm-none-eabi/lib/thumb/v7e-m+fp/hard/libc_nano.a(lib_a-writer.o)
                0x0000000008004cd8                _write_r
 .text._close_r
                0x0000000008004cfc       0x20 /opt/st/stm32cubeide_1.9.0/plugins/com.st.stm32cube.ide.mcu.externaltools.gnu-tools-for-stm32.10.3-2021.10.linux64_1.0.0.202111181127/tools/bin/../lib/gcc/arm-none-eabi/10.3.1/../../../../arm-none-eabi/lib/thumb/v7e-m+fp/hard/libc_nano.a(lib_a-closer.o)
                0x0000000008004cfc                _close_r
 .text._fstat_r
                0x0000000008004d1c       0x24 /opt/st/stm32cubeide_1.9.0/plugins/com.st.stm32cube.ide.mcu.externaltools.gnu-tools-for-stm32.10.3-2021.10.linux64_1.0.0.202111181127/tools/bin/../lib/gcc/arm-none-eabi/10.3.1/../../../../arm-none-eabi/lib/thumb/v7e-m+fp/hard/libc_nano.a(lib_a-fstatr.o)
                0x0000000008004d1c                _fstat_r
 .text._isatty_r
                0x0000000008004d40       0x20 /opt/st/stm32cubeide_1.9.0/plugins/com.st.stm32cube.ide.mcu.externaltools.gnu-tools-for-stm32.10.3-2021.10.linux64_1.0.0.202111181127/tools/bin/../lib/gcc/arm-none-eabi/10.3.1/../../../../arm-none-eabi/lib/thumb/v7e-m+fp/hard/libc_nano.a(lib_a-isattyr.o)
                0x0000000008004d40                _isatty_r
 .text._lseek_r
                0x0000000008004d60       0x24 /opt/st/stm32cubeide_1.9.0/plugins/com.st.stm32cube.ide.mcu.externaltools.gnu-tools-for-stm32.10.3-2021.10.linux64_1.0.0.202111181127/tools/bin/../lib/gcc/arm-none-eabi/10.3.1/../../../../arm-none-eabi/lib/thumb/v7e-m+fp/hard/libc_nano.a(lib_a-lseekr.o)
                0x0000000008004d60                _lseek_r
 .text.memcpy   0x0000000008004d84       0x1c /opt/st/stm32cubeide_1.9.0/plugins/com.st.stm32cube.ide.mcu.externaltools.gnu-tools-for-stm32.10.3-2021.10.linux64_1.0.0.202111181127/tools/bin/../lib/gcc/arm-none-eabi/10.3.1/../../../../arm-none-eabi/lib/thumb/v7e-m+fp/hard/libc_nano.a(lib_a-memcpy-stub.o)
                0x0000000008004d84                memcpy
 .text.memmove  0x0000000008004da0       0x34 /opt/st/stm32cubeide_1.9.0/plugins/com.st.stm32cube.ide.mcu.externaltools.gnu-tools-for-stm32.10.3-2021.10.linux64_1.0.0.202111181127/tools/bin/../lib/gcc/arm-none-eabi/10.3.1/../../../../arm-none-eabi/lib/thumb/v7e-m+fp/hard/libc_nano.a(lib_a-memmove.o)
                0x0000000008004da0                memmove
 .text.__malloc_lock
                0x0000000008004dd4        0xc /opt/st/stm32cubeide_1.9.0/plugins/com.st.stm32cube.ide.mcu.externaltools.gnu-tools-for-stm32.10.3-2021.10.linux64_1.0.0.202111181127/tools/bin/../lib/gcc/arm-none-eabi/10.3.1/../../../../arm-none-eabi/lib/thumb/v7e-m+fp/hard/libc_nano.a(lib_a-mlock.o)
                0x0000000008004dd4                __malloc_lock
 .text.__malloc_unlock
                0x0000000008004de0        0xc /opt/st/stm32cubeide_1.9.0/plugins/com.st.stm32cube.ide.mcu.externaltools.gnu-tools-for-stm32.10.3-2021.10.linux64_1.0.0.202111181127/tools/bin/../lib/gcc/arm-none-eabi/10.3.1/../../../../arm-none-eabi/lib/thumb/v7e-m+fp/hard/libc_nano.a(lib_a-mlock.o)
                0x0000000008004de0                __malloc_unlock
 .text._realloc_r
                0x0000000008004dec       0x5e /opt/st/stm32cubeide_1.9.0/plugins/com.st.stm32cube.ide.mcu.externaltools.gnu-tools-for-stm32.10.3-2021.10.linux64_1.0.0.202111181127/tools/bin/../lib/gcc/arm-none-eabi/10.3.1/../../../../arm-none-eabi/lib/thumb/v7e-m+fp/hard/libc_nano.a(lib_a-nano-reallocr.o)
                0x0000000008004dec                _realloc_r
 *fill*         0x0000000008004e4a        0x2 
 .text._read_r  0x0000000008004e4c       0x24 /opt/st/stm32cubeide_1.9.0/plugins/com.st.stm32cube.ide.mcu.externaltools.gnu-tools-for-stm32.10.3-2021.10.linux64_1.0.0.202111181127/tools/bin/../lib/gcc/arm-none-eabi/10.3.1/../../../../arm-none-eabi/lib/thumb/v7e-m+fp/hard/libc_nano.a(lib_a-readr.o)
                0x0000000008004e4c                _read_r
 .text._malloc_usable_size_r
                0x0000000008004e70       0x10 /opt/st/stm32cubeide_1.9.0/plugins/com.st.stm32cube.ide.mcu.externaltools.gnu-tools-for-stm32.10.3-2021.10.linux64_1.0.0.202111181127/tools/bin/../lib/gcc/arm-none-eabi/10.3.1/../../../../arm-none-eabi/lib/thumb/v7e-m+fp/hard/libc_nano.a(lib_a-nano-msizer.o)
                0x0000000008004e70                _malloc_usable_size_r
 *(.glue_7)
 .glue_7        0x0000000008004e80        0x0 linker stubs
 *(.glue_7t)
 .glue_7t       0x0000000008004e80        0x0 linker stubs
 *(.eh_frame)
 .eh_frame      0x0000000008004e80        0x0 /opt/st/stm32cubeide_1.9.0/plugins/com.st.stm32cube.ide.mcu.externaltools.gnu-tools-for-stm32.10.3-2021.10.linux64_1.0.0.202111181127/tools/bin/../lib/gcc/arm-none-eabi/10.3.1/thumb/v7e-m+fp/hard/crtbegin.o
 *(.init)
 .init          0x0000000008004e80        0x4 /opt/st/stm32cubeide_1.9.0/plugins/com.st.stm32cube.ide.mcu.externaltools.gnu-tools-for-stm32.10.3-2021.10.linux64_1.0.0.202111181127/tools/bin/../lib/gcc/arm-none-eabi/10.3.1/thumb/v7e-m+fp/hard/crti.o
                0x0000000008004e80                _init
 .init          0x0000000008004e84        0x8 /opt/st/stm32cubeide_1.9.0/plugins/com.st.stm32cube.ide.mcu.externaltools.gnu-tools-for-stm32.10.3-2021.10.linux64_1.0.0.202111181127/tools/bin/../lib/gcc/arm-none-eabi/10.3.1/thumb/v7e-m+fp/hard/crtn.o
 *(.fini)
 .fini          0x0000000008004e8c        0x4 /opt/st/stm32cubeide_1.9.0/plugins/com.st.stm32cube.ide.mcu.externaltools.gnu-tools-for-stm32.10.3-2021.10.linux64_1.0.0.202111181127/tools/bin/../lib/gcc/arm-none-eabi/10.3.1/thumb/v7e-m+fp/hard/crti.o
                0x0000000008004e8c                _fini
 .fini          0x0000000008004e90        0x8 /opt/st/stm32cubeide_1.9.0/plugins/com.st.stm32cube.ide.mcu.externaltools.gnu-tools-for-stm32.10.3-2021.10.linux64_1.0.0.202111181127/tools/bin/../lib/gcc/arm-none-eabi/10.3.1/thumb/v7e-m+fp/hard/crtn.o
                0x0000000008004e98                . = ALIGN (0x4)
                0x0000000008004e98                _etext = .

.vfp11_veneer   0x0000000008004e98        0x0
 .vfp11_veneer  0x0000000008004e98        0x0 linker stubs

.v4_bx          0x0000000008004e98        0x0
 .v4_bx         0x0000000008004e98        0x0 linker stubs

.iplt           0x0000000008004e98        0x0
 .iplt          0x0000000008004e98        0x0 /opt/st/stm32cubeide_1.9.0/plugins/com.st.stm32cube.ide.mcu.externaltools.gnu-tools-for-stm32.10.3-2021.10.linux64_1.0.0.202111181127/tools/bin/../lib/gcc/arm-none-eabi/10.3.1/thumb/v7e-m+fp/hard/crtbegin.o

.rodata         0x0000000008004e98      0x158
                0x0000000008004e98                . = ALIGN (0x4)
 *(.rodata)
 .rodata        0x0000000008004e98       0xa6 ./Core/Src/main.o
 *(.rodata*)
 *fill*         0x0000000008004f3e        0x2 
 .rodata.AHBPrescTable
                0x0000000008004f40       0x10 ./Core/Src/system_stm32f4xx.o
                0x0000000008004f40                AHBPrescTable
 .rodata.APBPrescTable
                0x0000000008004f50        0x8 ./Core/Src/system_stm32f4xx.o
                0x0000000008004f50                APBPrescTable
 .rodata._global_impure_ptr
                0x0000000008004f58        0x4 /opt/st/stm32cubeide_1.9.0/plugins/com.st.stm32cube.ide.mcu.externaltools.gnu-tools-for-stm32.10.3-2021.10.linux64_1.0.0.202111181127/tools/bin/../lib/gcc/arm-none-eabi/10.3.1/../../../../arm-none-eabi/lib/thumb/v7e-m+fp/hard/libc_nano.a(lib_a-impure.o)
                0x0000000008004f58                _global_impure_ptr
 .rodata.__sf_fake_stderr
                0x0000000008004f5c       0x20 /opt/st/stm32cubeide_1.9.0/plugins/com.st.stm32cube.ide.mcu.externaltools.gnu-tools-for-stm32.10.3-2021.10.linux64_1.0.0.202111181127/tools/bin/../lib/gcc/arm-none-eabi/10.3.1/../../../../arm-none-eabi/lib/thumb/v7e-m+fp/hard/libc_nano.a(lib_a-findfp.o)
                0x0000000008004f5c                __sf_fake_stderr
 .rodata.__sf_fake_stdin
                0x0000000008004f7c       0x20 /opt/st/stm32cubeide_1.9.0/plugins/com.st.stm32cube.ide.mcu.externaltools.gnu-tools-for-stm32.10.3-2021.10.linux64_1.0.0.202111181127/tools/bin/../lib/gcc/arm-none-eabi/10.3.1/../../../../arm-none-eabi/lib/thumb/v7e-m+fp/hard/libc_nano.a(lib_a-findfp.o)
                0x0000000008004f7c                __sf_fake_stdin
 .rodata.__sf_fake_stdout
                0x0000000008004f9c       0x20 /opt/st/stm32cubeide_1.9.0/plugins/com.st.stm32cube.ide.mcu.externaltools.gnu-tools-for-stm32.10.3-2021.10.linux64_1.0.0.202111181127/tools/bin/../lib/gcc/arm-none-eabi/10.3.1/../../../../arm-none-eabi/lib/thumb/v7e-m+fp/hard/libc_nano.a(lib_a-findfp.o)
                0x0000000008004f9c                __sf_fake_stdout
 .rodata._svfprintf_r.str1.1
                0x0000000008004fbc       0x11 /opt/st/stm32cubeide_1.9.0/plugins/com.st.stm32cube.ide.mcu.externaltools.gnu-tools-for-stm32.10.3-2021.10.linux64_1.0.0.202111181127/tools/bin/../lib/gcc/arm-none-eabi/10.3.1/../../../../arm-none-eabi/lib/thumb/v7e-m+fp/hard/libc_nano.a(lib_a-nano-svfprintf.o)
 .rodata._printf_i.str1.1
                0x0000000008004fcd       0x22 /opt/st/stm32cubeide_1.9.0/plugins/com.st.stm32cube.ide.mcu.externaltools.gnu-tools-for-stm32.10.3-2021.10.linux64_1.0.0.202111181127/tools/bin/../lib/gcc/arm-none-eabi/10.3.1/../../../../arm-none-eabi/lib/thumb/v7e-m+fp/hard/libc_nano.a(lib_a-nano-vfprintf_i.o)
                0x0000000008004ff0                . = ALIGN (0x4)
 *fill*         0x0000000008004fef        0x1 

.ARM.extab      0x0000000008004ff0        0x0
                0x0000000008004ff0                . = ALIGN (0x4)
 *(.ARM.extab* .gnu.linkonce.armextab.*)
                0x0000000008004ff0                . = ALIGN (0x4)

.ARM            0x0000000008004ff0        0x8
                0x0000000008004ff0                . = ALIGN (0x4)
                0x0000000008004ff0                __exidx_start = .
 *(.ARM.exidx*)
 .ARM.exidx     0x0000000008004ff0        0x8 /opt/st/stm32cubeide_1.9.0/plugins/com.st.stm32cube.ide.mcu.externaltools.gnu-tools-for-stm32.10.3-2021.10.linux64_1.0.0.202111181127/tools/bin/../lib/gcc/arm-none-eabi/10.3.1/thumb/v7e-m+fp/hard/libgcc.a(_udivmoddi4.o)
                0x0000000008004ff8                __exidx_end = .
                0x0000000008004ff8                . = ALIGN (0x4)

.rel.dyn        0x0000000008004ff8        0x0
 .rel.iplt      0x0000000008004ff8        0x0 /opt/st/stm32cubeide_1.9.0/plugins/com.st.stm32cube.ide.mcu.externaltools.gnu-tools-for-stm32.10.3-2021.10.linux64_1.0.0.202111181127/tools/bin/../lib/gcc/arm-none-eabi/10.3.1/thumb/v7e-m+fp/hard/crtbegin.o

.preinit_array  0x0000000008004ff8        0x0
                0x0000000008004ff8                . = ALIGN (0x4)
                0x0000000008004ff8                PROVIDE (__preinit_array_start = .)
 *(.preinit_array*)
                0x0000000008004ff8                PROVIDE (__preinit_array_end = .)
                0x0000000008004ff8                . = ALIGN (0x4)

.init_array     0x0000000008004ff8        0x4
                0x0000000008004ff8                . = ALIGN (0x4)
                0x0000000008004ff8                PROVIDE (__init_array_start = .)
 *(SORT_BY_NAME(.init_array.*))
 *(.init_array*)
 .init_array    0x0000000008004ff8        0x4 /opt/st/stm32cubeide_1.9.0/plugins/com.st.stm32cube.ide.mcu.externaltools.gnu-tools-for-stm32.10.3-2021.10.linux64_1.0.0.202111181127/tools/bin/../lib/gcc/arm-none-eabi/10.3.1/thumb/v7e-m+fp/hard/crtbegin.o
                0x0000000008004ffc                PROVIDE (__init_array_end = .)
                0x0000000008004ffc                . = ALIGN (0x4)

.fini_array     0x0000000008004ffc        0x4
                0x0000000008004ffc                . = ALIGN (0x4)
                [!provide]                        PROVIDE (__fini_array_start = .)
 *(SORT_BY_NAME(.fini_array.*))
 *(.fini_array*)
 .fini_array    0x0000000008004ffc        0x4 /opt/st/stm32cubeide_1.9.0/plugins/com.st.stm32cube.ide.mcu.externaltools.gnu-tools-for-stm32.10.3-2021.10.linux64_1.0.0.202111181127/tools/bin/../lib/gcc/arm-none-eabi/10.3.1/thumb/v7e-m+fp/hard/crtbegin.o
                [!provide]                        PROVIDE (__fini_array_end = .)
                0x0000000008005000                . = ALIGN (0x4)
                0x0000000008005000                _sidata = LOADADDR (.data)

.data           0x0000000020000000      0x234 load address 0x0000000008005000
                0x0000000020000000                . = ALIGN (0x4)
                0x0000000020000000                _sdata = .
 *(.data)
 *(.data*)
 .data.led_arr_value
                0x0000000020000000        0x2 ./Core/Src/main.o
                0x0000000020000000                led_arr_value
 *fill*         0x0000000020000002        0x2 
 .data.newline  0x0000000020000004        0x3 ./Core/Src/main.o
                0x0000000020000004                newline
 *fill*         0x0000000020000007        0x1 
 .data.game_started_msg
                0x0000000020000008       0x12 ./Core/Src/main.o
                0x0000000020000008                game_started_msg
 *fill*         0x000000002000001a        0x2 
 .data.game_finished_msg
                0x000000002000001c       0x12 ./Core/Src/main.o
                0x000000002000001c                game_finished_msg
 *fill*         0x000000002000002e        0x2 
 .data.note_mode_all_msg
                0x0000000020000030       0x1b ./Core/Src/main.o
                0x0000000020000030                note_mode_all_msg
 *fill*         0x000000002000004b        0x1 
 .data.note_mode_led_msg
                0x000000002000004c       0x20 ./Core/Src/main.o
                0x000000002000004c                note_mode_led_msg
 .data.note_mode_sound_msg
                0x000000002000006c       0x22 ./Core/Src/main.o
                0x000000002000006c                note_mode_sound_msg
 *fill*         0x000000002000008e        0x2 
 .data.difficulty_easy_msg
                0x0000000020000090       0x1d ./Core/Src/main.o
                0x0000000020000090                difficulty_easy_msg
 *fill*         0x00000000200000ad        0x3 
 .data.difficulty_normal_msg
                0x00000000200000b0       0x1f ./Core/Src/main.o
                0x00000000200000b0                difficulty_normal_msg
 *fill*         0x00000000200000cf        0x1 
 .data.difficulty_hard_msg
                0x00000000200000d0       0x1d ./Core/Src/main.o
                0x00000000200000d0                difficulty_hard_msg
 *fill*         0x00000000200000ed        0x3 
 .data.countdown_prepare_msg
                0x00000000200000f0       0x16 ./Core/Src/main.o
                0x00000000200000f0                countdown_prepare_msg
 *fill*         0x0000000020000106        0x2 
 .data.countdown_3_msg
                0x0000000020000108       0x15 ./Core/Src/main.o
                0x0000000020000108                countdown_3_msg
 *fill*         0x000000002000011d        0x3 
 .data.countdown_2_msg
                0x0000000020000120       0x15 ./Core/Src/main.o
                0x0000000020000120                countdown_2_msg
 *fill*         0x0000000020000135        0x3 
 .data.countdown_1_msg
                0x0000000020000138       0x15 ./Core/Src/main.o
                0x0000000020000138                countdown_1_msg
 *fill*         0x000000002000014d        0x3 
 .data.guess_note_msg
                0x0000000020000150       0x11 ./Core/Src/main.o
                0x0000000020000150                guess_note_msg
 .data.difficulty
                0x0000000020000161        0x1 ./Core/Src/main.o
                0x0000000020000161                difficulty
 *fill*         0x0000000020000162        0x2 
 .data.notes    0x0000000020000164       0x48 ./Core/Src/main.o
                0x0000000020000164                notes
 .data.note_sequence_length
                0x00000000200001ac        0x1 ./Core/Src/main.o
                0x00000000200001ac                note_sequence_length
 *fill*         0x00000000200001ad        0x3 
 .data.note_sequence
                0x00000000200001b0       0x14 ./Core/Src/main.o
                0x00000000200001b0                note_sequence
 .data.SystemCoreClock
                0x00000000200001c4        0x4 ./Core/Src/system_stm32f4xx.o
                0x00000000200001c4                SystemCoreClock
 .data.uwTickPrio
                0x00000000200001c8        0x4 ./Drivers/STM32F4xx_HAL_Driver/Src/stm32f4xx_hal.o
                0x00000000200001c8                uwTickPrio
 .data.uwTickFreq
                0x00000000200001cc        0x1 ./Drivers/STM32F4xx_HAL_Driver/Src/stm32f4xx_hal.o
                0x00000000200001cc                uwTickFreq
 *fill*         0x00000000200001cd        0x3 
 .data._impure_ptr
                0x00000000200001d0        0x4 /opt/st/stm32cubeide_1.9.0/plugins/com.st.stm32cube.ide.mcu.externaltools.gnu-tools-for-stm32.10.3-2021.10.linux64_1.0.0.202111181127/tools/bin/../lib/gcc/arm-none-eabi/10.3.1/../../../../arm-none-eabi/lib/thumb/v7e-m+fp/hard/libc_nano.a(lib_a-impure.o)
                0x00000000200001d0                _impure_ptr
 .data.impure_data
                0x00000000200001d4       0x60 /opt/st/stm32cubeide_1.9.0/plugins/com.st.stm32cube.ide.mcu.externaltools.gnu-tools-for-stm32.10.3-2021.10.linux64_1.0.0.202111181127/tools/bin/../lib/gcc/arm-none-eabi/10.3.1/../../../../arm-none-eabi/lib/thumb/v7e-m+fp/hard/libc_nano.a(lib_a-impure.o)
 *(.RamFunc)
 *(.RamFunc*)
                0x0000000020000234                . = ALIGN (0x4)
                0x0000000020000234                _edata = .
                0x0000000008005234                _siccmram = LOADADDR (.ccmram)

.igot.plt       0x0000000020000234        0x0 load address 0x0000000008005234
 .igot.plt      0x0000000020000234        0x0 /opt/st/stm32cubeide_1.9.0/plugins/com.st.stm32cube.ide.mcu.externaltools.gnu-tools-for-stm32.10.3-2021.10.linux64_1.0.0.202111181127/tools/bin/../lib/gcc/arm-none-eabi/10.3.1/thumb/v7e-m+fp/hard/crtbegin.o

.ccmram         0x0000000010000000        0x0 load address 0x0000000008005234
                0x0000000010000000                . = ALIGN (0x4)
                0x0000000010000000                _sccmram = .
 *(.ccmram)
 *(.ccmram*)
                0x0000000010000000                . = ALIGN (0x4)
                0x0000000010000000                _eccmram = .
                0x0000000010000000                . = ALIGN (0x4)

.bss            0x0000000020000234      0x170
                0x0000000020000234                _sbss = .
                0x0000000020000234                __bss_start__ = _sbss
 *(.bss)
 .bss           0x0000000020000234       0x1c /opt/st/stm32cubeide_1.9.0/plugins/com.st.stm32cube.ide.mcu.externaltools.gnu-tools-for-stm32.10.3-2021.10.linux64_1.0.0.202111181127/tools/bin/../lib/gcc/arm-none-eabi/10.3.1/thumb/v7e-m+fp/hard/crtbegin.o
 *(.bss*)
 .bss.game_started
                0x0000000020000250        0x1 ./Core/Src/main.o
                0x0000000020000250                game_started
 *fill*         0x0000000020000251        0x3 
 .bss.buf_char  0x0000000020000254        0x2 ./Core/Src/main.o
                0x0000000020000254                buf_char
 .bss.game_mode
                0x0000000020000256        0x1 ./Core/Src/main.o
                0x0000000020000256                game_mode
 .bss.note_mode
                0x0000000020000257        0x1 ./Core/Src/main.o
                0x0000000020000257                note_mode
 .bss.guess_status
                0x0000000020000258       0x14 ./Core/Src/main.o
                0x0000000020000258                guess_status
 .bss.cur_note_ptr
                0x000000002000026c        0x1 ./Core/Src/main.o
                0x000000002000026c                cur_note_ptr
 .bss.cur_guess
                0x000000002000026d        0x1 ./Core/Src/main.o
                0x000000002000026d                cur_guess
 *fill*         0x000000002000026e        0x2 
 .bss.__sbrk_heap_end
                0x0000000020000270        0x4 ./Core/Src/sysmem.o
 .bss.htim1     0x0000000020000274       0x48 ./Core/Src/tim.o
                0x0000000020000274                htim1
 .bss.htim4     0x00000000200002bc       0x48 ./Core/Src/tim.o
                0x00000000200002bc                htim4
 .bss.htim6     0x0000000020000304       0x48 ./Core/Src/tim.o
                0x0000000020000304                htim6
 .bss.huart6    0x000000002000034c       0x44 ./Core/Src/usart.o
                0x000000002000034c                huart6
 .bss.uwTick    0x0000000020000390        0x4 ./Drivers/STM32F4xx_HAL_Driver/Src/stm32f4xx_hal.o
                0x0000000020000390                uwTick
 .bss.__lock___malloc_recursive_mutex
                0x0000000020000394        0x1 /opt/st/stm32cubeide_1.9.0/plugins/com.st.stm32cube.ide.mcu.externaltools.gnu-tools-for-stm32.10.3-2021.10.linux64_1.0.0.202111181127/tools/bin/../lib/gcc/arm-none-eabi/10.3.1/../../../../arm-none-eabi/lib/thumb/v7e-m+fp/hard/libc_nano.a(lib_a-lock.o)
                0x0000000020000394                __lock___malloc_recursive_mutex
 .bss.__lock___sfp_recursive_mutex
                0x0000000020000395        0x1 /opt/st/stm32cubeide_1.9.0/plugins/com.st.stm32cube.ide.mcu.externaltools.gnu-tools-for-stm32.10.3-2021.10.linux64_1.0.0.202111181127/tools/bin/../lib/gcc/arm-none-eabi/10.3.1/../../../../arm-none-eabi/lib/thumb/v7e-m+fp/hard/libc_nano.a(lib_a-lock.o)
                0x0000000020000395                __lock___sfp_recursive_mutex
 .bss.__lock___sinit_recursive_mutex
                0x0000000020000396        0x1 /opt/st/stm32cubeide_1.9.0/plugins/com.st.stm32cube.ide.mcu.externaltools.gnu-tools-for-stm32.10.3-2021.10.linux64_1.0.0.202111181127/tools/bin/../lib/gcc/arm-none-eabi/10.3.1/../../../../arm-none-eabi/lib/thumb/v7e-m+fp/hard/libc_nano.a(lib_a-lock.o)
                0x0000000020000396                __lock___sinit_recursive_mutex
 *fill*         0x0000000020000397        0x1 
 .bss.__malloc_free_list
                0x0000000020000398        0x4 /opt/st/stm32cubeide_1.9.0/plugins/com.st.stm32cube.ide.mcu.externaltools.gnu-tools-for-stm32.10.3-2021.10.linux64_1.0.0.202111181127/tools/bin/../lib/gcc/arm-none-eabi/10.3.1/../../../../arm-none-eabi/lib/thumb/v7e-m+fp/hard/libc_nano.a(lib_a-nano-mallocr.o)
                0x0000000020000398                __malloc_free_list
 .bss.__malloc_sbrk_start
                0x000000002000039c        0x4 /opt/st/stm32cubeide_1.9.0/plugins/com.st.stm32cube.ide.mcu.externaltools.gnu-tools-for-stm32.10.3-2021.10.linux64_1.0.0.202111181127/tools/bin/../lib/gcc/arm-none-eabi/10.3.1/../../../../arm-none-eabi/lib/thumb/v7e-m+fp/hard/libc_nano.a(lib_a-nano-mallocr.o)
                0x000000002000039c                __malloc_sbrk_start
 .bss.errno     0x00000000200003a0        0x4 /opt/st/stm32cubeide_1.9.0/plugins/com.st.stm32cube.ide.mcu.externaltools.gnu-tools-for-stm32.10.3-2021.10.linux64_1.0.0.202111181127/tools/bin/../lib/gcc/arm-none-eabi/10.3.1/../../../../arm-none-eabi/lib/thumb/v7e-m+fp/hard/libc_nano.a(lib_a-reent.o)
                0x00000000200003a0                errno
 *(COMMON)
                0x00000000200003a4                . = ALIGN (0x4)
                0x00000000200003a4                _ebss = .
                0x00000000200003a4                __bss_end__ = _ebss

._user_heap_stack
                0x00000000200003a4      0x604
                0x00000000200003a8                . = ALIGN (0x8)
 *fill*         0x00000000200003a4        0x4 
                [!provide]                        PROVIDE (end = .)
                0x00000000200003a8                PROVIDE (_end = .)
                0x00000000200005a8                . = (. + _Min_Heap_Size)
 *fill*         0x00000000200003a8      0x200 
                0x00000000200009a8                . = (. + _Min_Stack_Size)
 *fill*         0x00000000200005a8      0x400 
                0x00000000200009a8                . = ALIGN (0x8)

/DISCARD/
 libc.a(*)
 libm.a(*)
 libgcc.a(*)

.ARM.attributes
                0x0000000000000000       0x30
 *(.ARM.attributes)
 .ARM.attributes
                0x0000000000000000       0x1e /opt/st/stm32cubeide_1.9.0/plugins/com.st.stm32cube.ide.mcu.externaltools.gnu-tools-for-stm32.10.3-2021.10.linux64_1.0.0.202111181127/tools/bin/../lib/gcc/arm-none-eabi/10.3.1/thumb/v7e-m+fp/hard/crti.o
 .ARM.attributes
                0x000000000000001e       0x34 /opt/st/stm32cubeide_1.9.0/plugins/com.st.stm32cube.ide.mcu.externaltools.gnu-tools-for-stm32.10.3-2021.10.linux64_1.0.0.202111181127/tools/bin/../lib/gcc/arm-none-eabi/10.3.1/thumb/v7e-m+fp/hard/crtbegin.o
 .ARM.attributes
                0x0000000000000052       0x34 ./Core/Src/gpio.o
 .ARM.attributes
                0x0000000000000086       0x34 ./Core/Src/main.o
 .ARM.attributes
                0x00000000000000ba       0x34 ./Core/Src/stm32f4xx_hal_msp.o
 .ARM.attributes
                0x00000000000000ee       0x34 ./Core/Src/stm32f4xx_it.o
 .ARM.attributes
                0x0000000000000122       0x34 ./Core/Src/syscalls.o
 .ARM.attributes
                0x0000000000000156       0x34 ./Core/Src/sysmem.o
 .ARM.attributes
                0x000000000000018a       0x34 ./Core/Src/system_stm32f4xx.o
 .ARM.attributes
                0x00000000000001be       0x34 ./Core/Src/tim.o
 .ARM.attributes
                0x00000000000001f2       0x34 ./Core/Src/usart.o
 .ARM.attributes
                0x0000000000000226       0x21 ./Core/Startup/startup_stm32f427vitx.o
 .ARM.attributes
                0x0000000000000247       0x34 ./Drivers/STM32F4xx_HAL_Driver/Src/stm32f4xx_hal.o
 .ARM.attributes
                0x000000000000027b       0x34 ./Drivers/STM32F4xx_HAL_Driver/Src/stm32f4xx_hal_cortex.o
 .ARM.attributes
                0x00000000000002af       0x34 ./Drivers/STM32F4xx_HAL_Driver/Src/stm32f4xx_hal_gpio.o
 .ARM.attributes
                0x00000000000002e3       0x34 ./Drivers/STM32F4xx_HAL_Driver/Src/stm32f4xx_hal_rcc.o
 .ARM.attributes
                0x0000000000000317       0x34 ./Drivers/STM32F4xx_HAL_Driver/Src/stm32f4xx_hal_tim.o
 .ARM.attributes
                0x000000000000034b       0x34 ./Drivers/STM32F4xx_HAL_Driver/Src/stm32f4xx_hal_tim_ex.o
 .ARM.attributes
                0x000000000000037f       0x34 ./Drivers/STM32F4xx_HAL_Driver/Src/stm32f4xx_hal_uart.o
 .ARM.attributes
                0x00000000000003b3       0x34 /opt/st/stm32cubeide_1.9.0/plugins/com.st.stm32cube.ide.mcu.externaltools.gnu-tools-for-stm32.10.3-2021.10.linux64_1.0.0.202111181127/tools/bin/../lib/gcc/arm-none-eabi/10.3.1/../../../../arm-none-eabi/lib/thumb/v7e-m+fp/hard/libc_nano.a(lib_a-errno.o)
 .ARM.attributes
                0x00000000000003e7       0x34 /opt/st/stm32cubeide_1.9.0/plugins/com.st.stm32cube.ide.mcu.externaltools.gnu-tools-for-stm32.10.3-2021.10.linux64_1.0.0.202111181127/tools/bin/../lib/gcc/arm-none-eabi/10.3.1/../../../../arm-none-eabi/lib/thumb/v7e-m+fp/hard/libc_nano.a(lib_a-impure.o)
 .ARM.attributes
                0x000000000000041b       0x34 /opt/st/stm32cubeide_1.9.0/plugins/com.st.stm32cube.ide.mcu.externaltools.gnu-tools-for-stm32.10.3-2021.10.linux64_1.0.0.202111181127/tools/bin/../lib/gcc/arm-none-eabi/10.3.1/../../../../arm-none-eabi/lib/thumb/v7e-m+fp/hard/libc_nano.a(lib_a-init.o)
 .ARM.attributes
                0x000000000000044f       0x34 /opt/st/stm32cubeide_1.9.0/plugins/com.st.stm32cube.ide.mcu.externaltools.gnu-tools-for-stm32.10.3-2021.10.linux64_1.0.0.202111181127/tools/bin/../lib/gcc/arm-none-eabi/10.3.1/../../../../arm-none-eabi/lib/thumb/v7e-m+fp/hard/libc_nano.a(lib_a-memset.o)
 .ARM.attributes
                0x0000000000000483       0x34 /opt/st/stm32cubeide_1.9.0/plugins/com.st.stm32cube.ide.mcu.externaltools.gnu-tools-for-stm32.10.3-2021.10.linux64_1.0.0.202111181127/tools/bin/../lib/gcc/arm-none-eabi/10.3.1/../../../../arm-none-eabi/lib/thumb/v7e-m+fp/hard/libc_nano.a(lib_a-puts.o)
 .ARM.attributes
                0x00000000000004b7       0x34 /opt/st/stm32cubeide_1.9.0/plugins/com.st.stm32cube.ide.mcu.externaltools.gnu-tools-for-stm32.10.3-2021.10.linux64_1.0.0.202111181127/tools/bin/../lib/gcc/arm-none-eabi/10.3.1/../../../../arm-none-eabi/lib/thumb/v7e-m+fp/hard/libc_nano.a(lib_a-sprintf.o)
 .ARM.attributes
                0x00000000000004eb       0x17 /opt/st/stm32cubeide_1.9.0/plugins/com.st.stm32cube.ide.mcu.externaltools.gnu-tools-for-stm32.10.3-2021.10.linux64_1.0.0.202111181127/tools/bin/../lib/gcc/arm-none-eabi/10.3.1/../../../../arm-none-eabi/lib/thumb/v7e-m+fp/hard/libc_nano.a(lib_a-strlen.o)
 .ARM.attributes
                0x0000000000000502       0x34 /opt/st/stm32cubeide_1.9.0/plugins/com.st.stm32cube.ide.mcu.externaltools.gnu-tools-for-stm32.10.3-2021.10.linux64_1.0.0.202111181127/tools/bin/../lib/gcc/arm-none-eabi/10.3.1/../../../../arm-none-eabi/lib/thumb/v7e-m+fp/hard/libc_nano.a(lib_a-wbuf.o)
 .ARM.attributes
                0x0000000000000536       0x34 /opt/st/stm32cubeide_1.9.0/plugins/com.st.stm32cube.ide.mcu.externaltools.gnu-tools-for-stm32.10.3-2021.10.linux64_1.0.0.202111181127/tools/bin/../lib/gcc/arm-none-eabi/10.3.1/../../../../arm-none-eabi/lib/thumb/v7e-m+fp/hard/libc_nano.a(lib_a-wsetup.o)
 .ARM.attributes
                0x000000000000056a       0x34 /opt/st/stm32cubeide_1.9.0/plugins/com.st.stm32cube.ide.mcu.externaltools.gnu-tools-for-stm32.10.3-2021.10.linux64_1.0.0.202111181127/tools/bin/../lib/gcc/arm-none-eabi/10.3.1/../../../../arm-none-eabi/lib/thumb/v7e-m+fp/hard/libc_nano.a(lib_a-fflush.o)
 .ARM.attributes
                0x000000000000059e       0x34 /opt/st/stm32cubeide_1.9.0/plugins/com.st.stm32cube.ide.mcu.externaltools.gnu-tools-for-stm32.10.3-2021.10.linux64_1.0.0.202111181127/tools/bin/../lib/gcc/arm-none-eabi/10.3.1/../../../../arm-none-eabi/lib/thumb/v7e-m+fp/hard/libc_nano.a(lib_a-findfp.o)
 .ARM.attributes
                0x00000000000005d2       0x34 /opt/st/stm32cubeide_1.9.0/plugins/com.st.stm32cube.ide.mcu.externaltools.gnu-tools-for-stm32.10.3-2021.10.linux64_1.0.0.202111181127/tools/bin/../lib/gcc/arm-none-eabi/10.3.1/../../../../arm-none-eabi/lib/thumb/v7e-m+fp/hard/libc_nano.a(lib_a-fwalk.o)
 .ARM.attributes
                0x0000000000000606       0x34 /opt/st/stm32cubeide_1.9.0/plugins/com.st.stm32cube.ide.mcu.externaltools.gnu-tools-for-stm32.10.3-2021.10.linux64_1.0.0.202111181127/tools/bin/../lib/gcc/arm-none-eabi/10.3.1/../../../../arm-none-eabi/lib/thumb/v7e-m+fp/hard/libc_nano.a(lib_a-lock.o)
 .ARM.attributes
                0x000000000000063a       0x34 /opt/st/stm32cubeide_1.9.0/plugins/com.st.stm32cube.ide.mcu.externaltools.gnu-tools-for-stm32.10.3-2021.10.linux64_1.0.0.202111181127/tools/bin/../lib/gcc/arm-none-eabi/10.3.1/../../../../arm-none-eabi/lib/thumb/v7e-m+fp/hard/libc_nano.a(lib_a-makebuf.o)
 .ARM.attributes
                0x000000000000066e       0x34 /opt/st/stm32cubeide_1.9.0/plugins/com.st.stm32cube.ide.mcu.externaltools.gnu-tools-for-stm32.10.3-2021.10.linux64_1.0.0.202111181127/tools/bin/../lib/gcc/arm-none-eabi/10.3.1/../../../../arm-none-eabi/lib/thumb/v7e-m+fp/hard/libc_nano.a(lib_a-nano-freer.o)
 .ARM.attributes
                0x00000000000006a2       0x34 /opt/st/stm32cubeide_1.9.0/plugins/com.st.stm32cube.ide.mcu.externaltools.gnu-tools-for-stm32.10.3-2021.10.linux64_1.0.0.202111181127/tools/bin/../lib/gcc/arm-none-eabi/10.3.1/../../../../arm-none-eabi/lib/thumb/v7e-m+fp/hard/libc_nano.a(lib_a-nano-mallocr.o)
 .ARM.attributes
                0x00000000000006d6       0x34 /opt/st/stm32cubeide_1.9.0/plugins/com.st.stm32cube.ide.mcu.externaltools.gnu-tools-for-stm32.10.3-2021.10.linux64_1.0.0.202111181127/tools/bin/../lib/gcc/arm-none-eabi/10.3.1/../../../../arm-none-eabi/lib/thumb/v7e-m+fp/hard/libc_nano.a(lib_a-nano-svfprintf.o)
 .ARM.attributes
                0x000000000000070a       0x34 /opt/st/stm32cubeide_1.9.0/plugins/com.st.stm32cube.ide.mcu.externaltools.gnu-tools-for-stm32.10.3-2021.10.linux64_1.0.0.202111181127/tools/bin/../lib/gcc/arm-none-eabi/10.3.1/../../../../arm-none-eabi/lib/thumb/v7e-m+fp/hard/libc_nano.a(lib_a-nano-vfprintf_i.o)
 .ARM.attributes
                0x000000000000073e       0x34 /opt/st/stm32cubeide_1.9.0/plugins/com.st.stm32cube.ide.mcu.externaltools.gnu-tools-for-stm32.10.3-2021.10.linux64_1.0.0.202111181127/tools/bin/../lib/gcc/arm-none-eabi/10.3.1/../../../../arm-none-eabi/lib/thumb/v7e-m+fp/hard/libc_nano.a(lib_a-sbrkr.o)
 .ARM.attributes
                0x0000000000000772       0x34 /opt/st/stm32cubeide_1.9.0/plugins/com.st.stm32cube.ide.mcu.externaltools.gnu-tools-for-stm32.10.3-2021.10.linux64_1.0.0.202111181127/tools/bin/../lib/gcc/arm-none-eabi/10.3.1/../../../../arm-none-eabi/lib/thumb/v7e-m+fp/hard/libc_nano.a(lib_a-stdio.o)
 .ARM.attributes
                0x00000000000007a6       0x34 /opt/st/stm32cubeide_1.9.0/plugins/com.st.stm32cube.ide.mcu.externaltools.gnu-tools-for-stm32.10.3-2021.10.linux64_1.0.0.202111181127/tools/bin/../lib/gcc/arm-none-eabi/10.3.1/../../../../arm-none-eabi/lib/thumb/v7e-m+fp/hard/libc_nano.a(lib_a-writer.o)
 .ARM.attributes
                0x00000000000007da       0x34 /opt/st/stm32cubeide_1.9.0/plugins/com.st.stm32cube.ide.mcu.externaltools.gnu-tools-for-stm32.10.3-2021.10.linux64_1.0.0.202111181127/tools/bin/../lib/gcc/arm-none-eabi/10.3.1/../../../../arm-none-eabi/lib/thumb/v7e-m+fp/hard/libc_nano.a(lib_a-closer.o)
 .ARM.attributes
                0x000000000000080e       0x34 /opt/st/stm32cubeide_1.9.0/plugins/com.st.stm32cube.ide.mcu.externaltools.gnu-tools-for-stm32.10.3-2021.10.linux64_1.0.0.202111181127/tools/bin/../lib/gcc/arm-none-eabi/10.3.1/../../../../arm-none-eabi/lib/thumb/v7e-m+fp/hard/libc_nano.a(lib_a-fstatr.o)
 .ARM.attributes
                0x0000000000000842       0x34 /opt/st/stm32cubeide_1.9.0/plugins/com.st.stm32cube.ide.mcu.externaltools.gnu-tools-for-stm32.10.3-2021.10.linux64_1.0.0.202111181127/tools/bin/../lib/gcc/arm-none-eabi/10.3.1/../../../../arm-none-eabi/lib/thumb/v7e-m+fp/hard/libc_nano.a(lib_a-isattyr.o)
 .ARM.attributes
                0x0000000000000876       0x34 /opt/st/stm32cubeide_1.9.0/plugins/com.st.stm32cube.ide.mcu.externaltools.gnu-tools-for-stm32.10.3-2021.10.linux64_1.0.0.202111181127/tools/bin/../lib/gcc/arm-none-eabi/10.3.1/../../../../arm-none-eabi/lib/thumb/v7e-m+fp/hard/libc_nano.a(lib_a-lseekr.o)
 .ARM.attributes
                0x00000000000008aa       0x1c /opt/st/stm32cubeide_1.9.0/plugins/com.st.stm32cube.ide.mcu.externaltools.gnu-tools-for-stm32.10.3-2021.10.linux64_1.0.0.202111181127/tools/bin/../lib/gcc/arm-none-eabi/10.3.1/../../../../arm-none-eabi/lib/thumb/v7e-m+fp/hard/libc_nano.a(lib_a-memchr.o)
 .ARM.attributes
                0x00000000000008c6       0x34 /opt/st/stm32cubeide_1.9.0/plugins/com.st.stm32cube.ide.mcu.externaltools.gnu-tools-for-stm32.10.3-2021.10.linux64_1.0.0.202111181127/tools/bin/../lib/gcc/arm-none-eabi/10.3.1/../../../../arm-none-eabi/lib/thumb/v7e-m+fp/hard/libc_nano.a(lib_a-memcpy-stub.o)
 .ARM.attributes
                0x00000000000008fa       0x34 /opt/st/stm32cubeide_1.9.0/plugins/com.st.stm32cube.ide.mcu.externaltools.gnu-tools-for-stm32.10.3-2021.10.linux64_1.0.0.202111181127/tools/bin/../lib/gcc/arm-none-eabi/10.3.1/../../../../arm-none-eabi/lib/thumb/v7e-m+fp/hard/libc_nano.a(lib_a-memmove.o)
 .ARM.attributes
                0x000000000000092e       0x34 /opt/st/stm32cubeide_1.9.0/plugins/com.st.stm32cube.ide.mcu.externaltools.gnu-tools-for-stm32.10.3-2021.10.linux64_1.0.0.202111181127/tools/bin/../lib/gcc/arm-none-eabi/10.3.1/../../../../arm-none-eabi/lib/thumb/v7e-m+fp/hard/libc_nano.a(lib_a-mlock.o)
 .ARM.attributes
                0x0000000000000962       0x34 /opt/st/stm32cubeide_1.9.0/plugins/com.st.stm32cube.ide.mcu.externaltools.gnu-tools-for-stm32.10.3-2021.10.linux64_1.0.0.202111181127/tools/bin/../lib/gcc/arm-none-eabi/10.3.1/../../../../arm-none-eabi/lib/thumb/v7e-m+fp/hard/libc_nano.a(lib_a-nano-reallocr.o)
 .ARM.attributes
                0x0000000000000996       0x34 /opt/st/stm32cubeide_1.9.0/plugins/com.st.stm32cube.ide.mcu.externaltools.gnu-tools-for-stm32.10.3-2021.10.linux64_1.0.0.202111181127/tools/bin/../lib/gcc/arm-none-eabi/10.3.1/../../../../arm-none-eabi/lib/thumb/v7e-m+fp/hard/libc_nano.a(lib_a-readr.o)
 .ARM.attributes
                0x00000000000009ca       0x34 /opt/st/stm32cubeide_1.9.0/plugins/com.st.stm32cube.ide.mcu.externaltools.gnu-tools-for-stm32.10.3-2021.10.linux64_1.0.0.202111181127/tools/bin/../lib/gcc/arm-none-eabi/10.3.1/../../../../arm-none-eabi/lib/thumb/v7e-m+fp/hard/libc_nano.a(lib_a-reent.o)
 .ARM.attributes
                0x00000000000009fe       0x34 /opt/st/stm32cubeide_1.9.0/plugins/com.st.stm32cube.ide.mcu.externaltools.gnu-tools-for-stm32.10.3-2021.10.linux64_1.0.0.202111181127/tools/bin/../lib/gcc/arm-none-eabi/10.3.1/../../../../arm-none-eabi/lib/thumb/v7e-m+fp/hard/libc_nano.a(lib_a-nano-msizer.o)
 .ARM.attributes
                0x0000000000000a32       0x1e /opt/st/stm32cubeide_1.9.0/plugins/com.st.stm32cube.ide.mcu.externaltools.gnu-tools-for-stm32.10.3-2021.10.linux64_1.0.0.202111181127/tools/bin/../lib/gcc/arm-none-eabi/10.3.1/thumb/v7e-m+fp/hard/libgcc.a(_aeabi_uldivmod.o)
 .ARM.attributes
                0x0000000000000a50       0x34 /opt/st/stm32cubeide_1.9.0/plugins/com.st.stm32cube.ide.mcu.externaltools.gnu-tools-for-stm32.10.3-2021.10.linux64_1.0.0.202111181127/tools/bin/../lib/gcc/arm-none-eabi/10.3.1/thumb/v7e-m+fp/hard/libgcc.a(_udivmoddi4.o)
 .ARM.attributes
                0x0000000000000a84       0x1e /opt/st/stm32cubeide_1.9.0/plugins/com.st.stm32cube.ide.mcu.externaltools.gnu-tools-for-stm32.10.3-2021.10.linux64_1.0.0.202111181127/tools/bin/../lib/gcc/arm-none-eabi/10.3.1/thumb/v7e-m+fp/hard/libgcc.a(_dvmd_tls.o)
 .ARM.attributes
                0x0000000000000aa2       0x1e /opt/st/stm32cubeide_1.9.0/plugins/com.st.stm32cube.ide.mcu.externaltools.gnu-tools-for-stm32.10.3-2021.10.linux64_1.0.0.202111181127/tools/bin/../lib/gcc/arm-none-eabi/10.3.1/thumb/v7e-m+fp/hard/crtn.o
OUTPUT(lab-3.elf elf32-littlearm)
LOAD linker stubs
LOAD /opt/st/stm32cubeide_1.9.0/plugins/com.st.stm32cube.ide.mcu.externaltools.gnu-tools-for-stm32.10.3-2021.10.linux64_1.0.0.202111181127/tools/bin/../lib/gcc/arm-none-eabi/10.3.1/../../../../arm-none-eabi/lib/thumb/v7e-m+fp/hard/libc.a
LOAD /opt/st/stm32cubeide_1.9.0/plugins/com.st.stm32cube.ide.mcu.externaltools.gnu-tools-for-stm32.10.3-2021.10.linux64_1.0.0.202111181127/tools/bin/../lib/gcc/arm-none-eabi/10.3.1/../../../../arm-none-eabi/lib/thumb/v7e-m+fp/hard/libm.a
LOAD /opt/st/stm32cubeide_1.9.0/plugins/com.st.stm32cube.ide.mcu.externaltools.gnu-tools-for-stm32.10.3-2021.10.linux64_1.0.0.202111181127/tools/bin/../lib/gcc/arm-none-eabi/10.3.1/thumb/v7e-m+fp/hard/libgcc.a

.debug_info     0x0000000000000000     0xe753
 .debug_info    0x0000000000000000      0x338 ./Core/Src/gpio.o
 .debug_info    0x0000000000000338     0x15b2 ./Core/Src/main.o
 .debug_info    0x00000000000018ea      0x2c4 ./Core/Src/stm32f4xx_hal_msp.o
 .debug_info    0x0000000000001bae      0x736 ./Core/Src/stm32f4xx_it.o
 .debug_info    0x00000000000022e4      0x6e0 ./Core/Src/syscalls.o
 .debug_info    0x00000000000029c4      0x171 ./Core/Src/sysmem.o
 .debug_info    0x0000000000002b35      0x53f ./Core/Src/system_stm32f4xx.o
 .debug_info    0x0000000000003074     0x1072 ./Core/Src/tim.o
 .debug_info    0x00000000000040e6      0x9bc ./Core/Src/usart.o
 .debug_info    0x0000000000004aa2       0x22 ./Core/Startup/startup_stm32f427vitx.o
 .debug_info    0x0000000000004ac4      0x9e8 ./Drivers/STM32F4xx_HAL_Driver/Src/stm32f4xx_hal.o
 .debug_info    0x00000000000054ac      0xe45 ./Drivers/STM32F4xx_HAL_Driver/Src/stm32f4xx_hal_cortex.o
 .debug_info    0x00000000000062f1      0x786 ./Drivers/STM32F4xx_HAL_Driver/Src/stm32f4xx_hal_gpio.o
 .debug_info    0x0000000000006a77      0x982 ./Drivers/STM32F4xx_HAL_Driver/Src/stm32f4xx_hal_rcc.o
 .debug_info    0x00000000000073f9     0x2bbe ./Drivers/STM32F4xx_HAL_Driver/Src/stm32f4xx_hal_tim.o
 .debug_info    0x0000000000009fb7     0x15e0 ./Drivers/STM32F4xx_HAL_Driver/Src/stm32f4xx_hal_tim_ex.o
 .debug_info    0x000000000000b597     0x31bc ./Drivers/STM32F4xx_HAL_Driver/Src/stm32f4xx_hal_uart.o

.debug_abbrev   0x0000000000000000     0x2017
 .debug_abbrev  0x0000000000000000       0xd4 ./Core/Src/gpio.o
 .debug_abbrev  0x00000000000000d4      0x3b1 ./Core/Src/main.o
 .debug_abbrev  0x0000000000000485       0xd4 ./Core/Src/stm32f4xx_hal_msp.o
 .debug_abbrev  0x0000000000000559      0x184 ./Core/Src/stm32f4xx_it.o
 .debug_abbrev  0x00000000000006dd      0x1b3 ./Core/Src/syscalls.o
 .debug_abbrev  0x0000000000000890       0xbb ./Core/Src/sysmem.o
 .debug_abbrev  0x000000000000094b      0x116 ./Core/Src/system_stm32f4xx.o
 .debug_abbrev  0x0000000000000a61      0x276 ./Core/Src/tim.o
 .debug_abbrev  0x0000000000000cd7      0x1e7 ./Core/Src/usart.o
 .debug_abbrev  0x0000000000000ebe       0x12 ./Core/Startup/startup_stm32f427vitx.o
 .debug_abbrev  0x0000000000000ed0      0x20d ./Drivers/STM32F4xx_HAL_Driver/Src/stm32f4xx_hal.o
 .debug_abbrev  0x00000000000010dd      0x316 ./Drivers/STM32F4xx_HAL_Driver/Src/stm32f4xx_hal_cortex.o
 .debug_abbrev  0x00000000000013f3      0x1c4 ./Drivers/STM32F4xx_HAL_Driver/Src/stm32f4xx_hal_gpio.o
 .debug_abbrev  0x00000000000015b7      0x2aa ./Drivers/STM32F4xx_HAL_Driver/Src/stm32f4xx_hal_rcc.o
 .debug_abbrev  0x0000000000001861      0x25d ./Drivers/STM32F4xx_HAL_Driver/Src/stm32f4xx_hal_tim.o
 .debug_abbrev  0x0000000000001abe      0x265 ./Drivers/STM32F4xx_HAL_Driver/Src/stm32f4xx_hal_tim_ex.o
 .debug_abbrev  0x0000000000001d23      0x2f4 ./Drivers/STM32F4xx_HAL_Driver/Src/stm32f4xx_hal_uart.o

.debug_aranges  0x0000000000000000      0xd50
 .debug_aranges
                0x0000000000000000       0x20 ./Core/Src/gpio.o
 .debug_aranges
                0x0000000000000020       0xd8 ./Core/Src/main.o
 .debug_aranges
                0x00000000000000f8       0x20 ./Core/Src/stm32f4xx_hal_msp.o
 .debug_aranges
                0x0000000000000118       0x68 ./Core/Src/stm32f4xx_it.o
 .debug_aranges
                0x0000000000000180       0xa8 ./Core/Src/syscalls.o
 .debug_aranges
                0x0000000000000228       0x20 ./Core/Src/sysmem.o
 .debug_aranges
                0x0000000000000248       0x28 ./Core/Src/system_stm32f4xx.o
 .debug_aranges
                0x0000000000000270       0x58 ./Core/Src/tim.o
 .debug_aranges
                0x00000000000002c8       0x30 ./Core/Src/usart.o
 .debug_aranges
                0x00000000000002f8       0x28 ./Core/Startup/startup_stm32f427vitx.o
 .debug_aranges
                0x0000000000000320      0x100 ./Drivers/STM32F4xx_HAL_Driver/Src/stm32f4xx_hal.o
 .debug_aranges
                0x0000000000000420      0x118 ./Drivers/STM32F4xx_HAL_Driver/Src/stm32f4xx_hal_cortex.o
 .debug_aranges
                0x0000000000000538       0x58 ./Drivers/STM32F4xx_HAL_Driver/Src/stm32f4xx_hal_gpio.o
 .debug_aranges
                0x0000000000000590       0x88 ./Drivers/STM32F4xx_HAL_Driver/Src/stm32f4xx_hal_rcc.o
 .debug_aranges
                0x0000000000000618      0x3d0 ./Drivers/STM32F4xx_HAL_Driver/Src/stm32f4xx_hal_tim.o
 .debug_aranges
                0x00000000000009e8      0x168 ./Drivers/STM32F4xx_HAL_Driver/Src/stm32f4xx_hal_tim_ex.o
 .debug_aranges
                0x0000000000000b50      0x200 ./Drivers/STM32F4xx_HAL_Driver/Src/stm32f4xx_hal_uart.o

.debug_ranges   0x0000000000000000      0xc78
 .debug_ranges  0x0000000000000000       0x10 ./Core/Src/gpio.o
 .debug_ranges  0x0000000000000010       0xc8 ./Core/Src/main.o
 .debug_ranges  0x00000000000000d8       0x10 ./Core/Src/stm32f4xx_hal_msp.o
 .debug_ranges  0x00000000000000e8       0x58 ./Core/Src/stm32f4xx_it.o
 .debug_ranges  0x0000000000000140       0x98 ./Core/Src/syscalls.o
 .debug_ranges  0x00000000000001d8       0x10 ./Core/Src/sysmem.o
 .debug_ranges  0x00000000000001e8       0x18 ./Core/Src/system_stm32f4xx.o
 .debug_ranges  0x0000000000000200       0x48 ./Core/Src/tim.o
 .debug_ranges  0x0000000000000248       0x20 ./Core/Src/usart.o
 .debug_ranges  0x0000000000000268       0x20 ./Core/Startup/startup_stm32f427vitx.o
 .debug_ranges  0x0000000000000288       0xf0 ./Drivers/STM32F4xx_HAL_Driver/Src/stm32f4xx_hal.o
 .debug_ranges  0x0000000000000378      0x108 ./Drivers/STM32F4xx_HAL_Driver/Src/stm32f4xx_hal_cortex.o
 .debug_ranges  0x0000000000000480       0x48 ./Drivers/STM32F4xx_HAL_Driver/Src/stm32f4xx_hal_gpio.o
 .debug_ranges  0x00000000000004c8       0x78 ./Drivers/STM32F4xx_HAL_Driver/Src/stm32f4xx_hal_rcc.o
 .debug_ranges  0x0000000000000540      0x3c0 ./Drivers/STM32F4xx_HAL_Driver/Src/stm32f4xx_hal_tim.o
 .debug_ranges  0x0000000000000900      0x158 ./Drivers/STM32F4xx_HAL_Driver/Src/stm32f4xx_hal_tim_ex.o
 .debug_ranges  0x0000000000000a58      0x220 ./Drivers/STM32F4xx_HAL_Driver/Src/stm32f4xx_hal_uart.o

.debug_macro    0x0000000000000000    0x23fad
 .debug_macro   0x0000000000000000      0x1e2 ./Core/Src/gpio.o
 .debug_macro   0x00000000000001e2      0xa78 ./Core/Src/gpio.o
 .debug_macro   0x0000000000000c5a      0x29b ./Core/Src/gpio.o
 .debug_macro   0x0000000000000ef5       0x2e ./Core/Src/gpio.o
 .debug_macro   0x0000000000000f23       0x28 ./Core/Src/gpio.o
 .debug_macro   0x0000000000000f4b       0x22 ./Core/Src/gpio.o
 .debug_macro   0x0000000000000f6d       0x8e ./Core/Src/gpio.o
 .debug_macro   0x0000000000000ffb       0x51 ./Core/Src/gpio.o
 .debug_macro   0x000000000000104c      0x103 ./Core/Src/gpio.o
 .debug_macro   0x000000000000114f       0x6a ./Core/Src/gpio.o
 .debug_macro   0x00000000000011b9      0x1df ./Core/Src/gpio.o
 .debug_macro   0x0000000000001398       0x1c ./Core/Src/gpio.o
 .debug_macro   0x00000000000013b4       0x22 ./Core/Src/gpio.o
 .debug_macro   0x00000000000013d6       0xd9 ./Core/Src/gpio.o
 .debug_macro   0x00000000000014af     0x102d ./Core/Src/gpio.o
 .debug_macro   0x00000000000024dc      0x11f ./Core/Src/gpio.o
 .debug_macro   0x00000000000025fb    0x178a0 ./Core/Src/gpio.o
 .debug_macro   0x0000000000019e9b       0x6d ./Core/Src/gpio.o
 .debug_macro   0x0000000000019f08     0x36f5 ./Core/Src/gpio.o
 .debug_macro   0x000000000001d5fd      0x174 ./Core/Src/gpio.o
 .debug_macro   0x000000000001d771       0x5c ./Core/Src/gpio.o
 .debug_macro   0x000000000001d7cd      0xc6d ./Core/Src/gpio.o
 .debug_macro   0x000000000001e43a      0x9fe ./Core/Src/gpio.o
 .debug_macro   0x000000000001ee38      0x115 ./Core/Src/gpio.o
 .debug_macro   0x000000000001ef4d      0x16f ./Core/Src/gpio.o
 .debug_macro   0x000000000001f0bc       0xa5 ./Core/Src/gpio.o
 .debug_macro   0x000000000001f161      0x182 ./Core/Src/gpio.o
 .debug_macro   0x000000000001f2e3      0x287 ./Core/Src/gpio.o
 .debug_macro   0x000000000001f56a       0x5f ./Core/Src/gpio.o
 .debug_macro   0x000000000001f5c9      0x236 ./Core/Src/gpio.o
 .debug_macro   0x000000000001f7ff      0x132 ./Core/Src/gpio.o
 .debug_macro   0x000000000001f931      0x41d ./Core/Src/gpio.o
 .debug_macro   0x000000000001fd4e       0x2e ./Core/Src/gpio.o
 .debug_macro   0x000000000001fd7c      0x11a ./Core/Src/gpio.o
 .debug_macro   0x000000000001fe96       0xe2 ./Core/Src/gpio.o
 .debug_macro   0x000000000001ff78       0x89 ./Core/Src/gpio.o
 .debug_macro   0x0000000000020001      0x8e6 ./Core/Src/gpio.o
 .debug_macro   0x00000000000208e7       0x47 ./Core/Src/gpio.o
 .debug_macro   0x000000000002092e      0x295 ./Core/Src/gpio.o
 .debug_macro   0x0000000000020bc3      0x134 ./Core/Src/gpio.o
 .debug_macro   0x0000000000020cf7      0x3a4 ./Core/Src/main.o
 .debug_macro   0x000000000002109b       0x52 ./Core/Src/main.o
 .debug_macro   0x00000000000210ed       0x1e ./Core/Src/main.o
 .debug_macro   0x000000000002110b       0x3c ./Core/Src/main.o
 .debug_macro   0x0000000000021147       0x34 ./Core/Src/main.o
 .debug_macro   0x000000000002117b       0x16 ./Core/Src/main.o
 .debug_macro   0x0000000000021191       0x35 ./Core/Src/main.o
 .debug_macro   0x00000000000211c6      0x341 ./Core/Src/main.o
 .debug_macro   0x0000000000021507       0x10 ./Core/Src/main.o
 .debug_macro   0x0000000000021517       0x16 ./Core/Src/main.o
 .debug_macro   0x000000000002152d       0x43 ./Core/Src/main.o
 .debug_macro   0x0000000000021570       0x34 ./Core/Src/main.o
 .debug_macro   0x00000000000215a4       0x10 ./Core/Src/main.o
 .debug_macro   0x00000000000215b4       0x58 ./Core/Src/main.o
 .debug_macro   0x000000000002160c       0x71 ./Core/Src/main.o
 .debug_macro   0x000000000002167d       0x1c ./Core/Src/main.o
 .debug_macro   0x0000000000021699      0x12a ./Core/Src/main.o
 .debug_macro   0x00000000000217c3       0x10 ./Core/Src/main.o
 .debug_macro   0x00000000000217d3       0x1c ./Core/Src/main.o
 .debug_macro   0x00000000000217ef       0x52 ./Core/Src/main.o
 .debug_macro   0x0000000000021841       0x22 ./Core/Src/main.o
 .debug_macro   0x0000000000021863       0x10 ./Core/Src/main.o
 .debug_macro   0x0000000000021873       0x52 ./Core/Src/main.o
 .debug_macro   0x00000000000218c5       0xd5 ./Core/Src/main.o
 .debug_macro   0x000000000002199a       0x1c ./Core/Src/main.o
 .debug_macro   0x00000000000219b6       0x3d ./Core/Src/main.o
 .debug_macro   0x00000000000219f3       0x16 ./Core/Src/main.o
 .debug_macro   0x0000000000021a09      0x145 ./Core/Src/main.o
 .debug_macro   0x0000000000021b4e       0x22 ./Core/Src/main.o