../Core/Src/main.c:105:6:buf_init	16	static
../Core/Src/main.c:111:6:buf_write	72	static,ignoring_inline_asm
../Core/Src/main.c:131:6:buf_read	56	static,ignoring_inline_asm
../Core/Src/main.c:166:15:read_button	8	static
../Core/Src/main.c:170:6:enable_interruptions	8	static
../Core/Src/main.c:175:6:disable_interruptions	8	static
../Core/Src/main.c:182:6:light_led	16	static
../Core/Src/main.c:191:6:uart_write	24	static
../Core/Src/main.c:203:6:uart_write_newline	8	static
../Core/Src/main.c:207:6:HAL_UART_TxCpltCallback	1040	static
../Core/Src/main.c:214:6:process_char	16	static
../Core/Src/main.c:232:6:uart_read_char	16	static
../Core/Src/main.c:246:6:HAL_UART_RxCpltCallback	16	static
../Core/Src/main.c:254:6:update_button_state	8	static
../Core/Src/main.c:272:6:set_mode	16	static
../Core/Src/main.c:296:5:main	56	static
../Core/Src/main.c:449:6:SystemClock_Config	88	static
../Core/Src/main.c:505:6:Error_Handler	4	static,ignoring_inline_asm
