../Core/Src/main.c:151:6:init_led_pwm	4	static
../Core/Src/main.c:167:6:is_digit	16	static
../Core/Src/main.c:171:6:is_button_pressed	8	static
../Core/Src/main.c:175:6:uart_write	24	static
../Core/Src/main.c:180:6:uart_write_newline	8	static
../Core/Src/main.c:184:6:process_char	16	static
../Core/Src/main.c:193:6:uart_read_char	16	static
../Core/Src/main.c:199:6:play_sound	16	static
../Core/Src/main.c:205:6:mute	4	static
../Core/Src/main.c:209:6:disable_all_leds	4	static
../Core/Src/main.c:215:6:light_led	24	static
../Core/Src/main.c:231:6:play_note	16	static
../Core/Src/main.c:246:6:stop_note	8	static
../Core/Src/main.c:251:6:uart_write_note_info	288	static
../Core/Src/main.c:261:19:reset_keypad	32	static
../Core/Src/main.c:270:5:keypad_read_key_index	40	static
../Core/Src/main.c:312:6:countdown_start_game	8	static
../Core/Src/main.c:322:6:stop_timer	8	static
../Core/Src/main.c:327:6:set_timer_ms	16	static
../Core/Src/main.c:332:6:finish_game	272	static
../Core/Src/main.c:357:6:switch_game_mode	8	static
../Core/Src/main.c:376:6:switch_note_mode	8	static
../Core/Src/main.c:394:6:switch_difficulty	8	static
../Core/Src/main.c:411:6:HAL_TIM_PeriodElapsedCallback	16	static
../Core/Src/main.c:446:5:main	32	static
../Core/Src/main.c:565:6:SystemClock_Config	88	static
../Core/Src/main.c:614:6:Error_Handler	4	static,ignoring_inline_asm
