Archive member included to satisfy reference by file (symbol)

/opt/st/stm32cubeide_1.9.0/plugins/com.st.stm32cube.ide.mcu.externaltools.gnu-tools-for-stm32.10.3-2021.10.linux64_1.0.0.202111181127/tools/bin/../lib/gcc/arm-none-eabi/10.3.1/../../../../arm-none-eabi/lib/thumb/v7e-m+fp/hard/librdimon_nano.a(rdimon-syscalls.o)
                              /opt/st/stm32cubeide_1.9.0/plugins/com.st.stm32cube.ide.mcu.externaltools.gnu-tools-for-stm32.10.3-2021.10.linux64_1.0.0.202111181127/tools/bin/../lib/gcc/arm-none-eabi/10.3.1/../../../../arm-none-eabi/lib/thumb/v7e-m+fp/hard/rdimon-crt0.o (initialise_monitor_handles)
/opt/st/stm32cubeide_1.9.0/plugins/com.st.stm32cube.ide.mcu.externaltools.gnu-tools-for-stm32.10.3-2021.10.linux64_1.0.0.202111181127/tools/bin/../lib/gcc/arm-none-eabi/10.3.1/../../../../arm-none-eabi/lib/thumb/v7e-m+fp/hard/libc_nano.a(lib_a-errno.o)
                              ./Core/Src/sysmem.o (__errno)
/opt/st/stm32cubeide_1.9.0/plugins/com.st.stm32cube.ide.mcu.externaltools.gnu-tools-for-stm32.10.3-2021.10.linux64_1.0.0.202111181127/tools/bin/../lib/gcc/arm-none-eabi/10.3.1/../../../../arm-none-eabi/lib/thumb/v7e-m+fp/hard/libc_nano.a(lib_a-exit.o)
                              /opt/st/stm32cubeide_1.9.0/plugins/com.st.stm32cube.ide.mcu.externaltools.gnu-tools-for-stm32.10.3-2021.10.linux64_1.0.0.202111181127/tools/bin/../lib/gcc/arm-none-eabi/10.3.1/../../../../arm-none-eabi/lib/thumb/v7e-m+fp/hard/rdimon-crt0.o (exit)
/opt/st/stm32cubeide_1.9.0/plugins/com.st.stm32cube.ide.mcu.externaltools.gnu-tools-for-stm32.10.3-2021.10.linux64_1.0.0.202111181127/tools/bin/../lib/gcc/arm-none-eabi/10.3.1/../../../../arm-none-eabi/lib/thumb/v7e-m+fp/hard/libc_nano.a(lib_a-findfp.o)
                              /opt/st/stm32cubeide_1.9.0/plugins/com.st.stm32cube.ide.mcu.externaltools.gnu-tools-for-stm32.10.3-2021.10.linux64_1.0.0.202111181127/tools/bin/../lib/gcc/arm-none-eabi/10.3.1/../../../../arm-none-eabi/lib/thumb/v7e-m+fp/hard/librdimon_nano.a(rdimon-syscalls.o) (__sinit)
/opt/st/stm32cubeide_1.9.0/plugins/com.st.stm32cube.ide.mcu.externaltools.gnu-tools-for-stm32.10.3-2021.10.linux64_1.0.0.202111181127/tools/bin/../lib/gcc/arm-none-eabi/10.3.1/../../../../arm-none-eabi/lib/thumb/v7e-m+fp/hard/libc_nano.a(lib_a-fwalk.o)
                              /opt/st/stm32cubeide_1.9.0/plugins/com.st.stm32cube.ide.mcu.externaltools.gnu-tools-for-stm32.10.3-2021.10.linux64_1.0.0.202111181127/tools/bin/../lib/gcc/arm-none-eabi/10.3.1/../../../../arm-none-eabi/lib/thumb/v7e-m+fp/hard/libc_nano.a(lib_a-findfp.o) (_fwalk)
/opt/st/stm32cubeide_1.9.0/plugins/com.st.stm32cube.ide.mcu.externaltools.gnu-tools-for-stm32.10.3-2021.10.linux64_1.0.0.202111181127/tools/bin/../lib/gcc/arm-none-eabi/10.3.1/../../../../arm-none-eabi/lib/thumb/v7e-m+fp/hard/libc_nano.a(lib_a-impure.o)
                              /opt/st/stm32cubeide_1.9.0/plugins/com.st.stm32cube.ide.mcu.externaltools.gnu-tools-for-stm32.10.3-2021.10.linux64_1.0.0.202111181127/tools/bin/../lib/gcc/arm-none-eabi/10.3.1/../../../../arm-none-eabi/lib/thumb/v7e-m+fp/hard/libc_nano.a(lib_a-exit.o) (_global_impure_ptr)
/opt/st/stm32cubeide_1.9.0/plugins/com.st.stm32cube.ide.mcu.externaltools.gnu-tools-for-stm32.10.3-2021.10.linux64_1.0.0.202111181127/tools/bin/../lib/gcc/arm-none-eabi/10.3.1/../../../../arm-none-eabi/lib/thumb/v7e-m+fp/hard/libc_nano.a(lib_a-init.o)
                              /opt/st/stm32cubeide_1.9.0/plugins/com.st.stm32cube.ide.mcu.externaltools.gnu-tools-for-stm32.10.3-2021.10.linux64_1.0.0.202111181127/tools/bin/../lib/gcc/arm-none-eabi/10.3.1/../../../../arm-none-eabi/lib/thumb/v7e-m+fp/hard/rdimon-crt0.o (__libc_init_array)
/opt/st/stm32cubeide_1.9.0/plugins/com.st.stm32cube.ide.mcu.externaltools.gnu-tools-for-stm32.10.3-2021.10.linux64_1.0.0.202111181127/tools/bin/../lib/gcc/arm-none-eabi/10.3.1/../../../../arm-none-eabi/lib/thumb/v7e-m+fp/hard/libc_nano.a(lib_a-lock.o)
                              /opt/st/stm32cubeide_1.9.0/plugins/com.st.stm32cube.ide.mcu.externaltools.gnu-tools-for-stm32.10.3-2021.10.linux64_1.0.0.202111181127/tools/bin/../lib/gcc/arm-none-eabi/10.3.1/../../../../arm-none-eabi/lib/thumb/v7e-m+fp/hard/libc_nano.a(lib_a-findfp.o) (__retarget_lock_init_recursive)
/opt/st/stm32cubeide_1.9.0/plugins/com.st.stm32cube.ide.mcu.externaltools.gnu-tools-for-stm32.10.3-2021.10.linux64_1.0.0.202111181127/tools/bin/../lib/gcc/arm-none-eabi/10.3.1/../../../../arm-none-eabi/lib/thumb/v7e-m+fp/hard/libc_nano.a(lib_a-memset.o)
                              /opt/st/stm32cubeide_1.9.0/plugins/com.st.stm32cube.ide.mcu.externaltools.gnu-tools-for-stm32.10.3-2021.10.linux64_1.0.0.202111181127/tools/bin/../lib/gcc/arm-none-eabi/10.3.1/../../../../arm-none-eabi/lib/thumb/v7e-m+fp/hard/rdimon-crt0.o (memset)
[...]
Memory Configuration

Name             Origin             Length             Attributes
CCMRAM           0x0000000010000000 0x0000000000010000 xrw
RAM              0x0000000020000000 0x0000000000030000 xrw
FLASH            0x0000000008000000 0x0000000000200000 xr
*default*        0x0000000000000000 0xffffffffffffffff

Linker script and memory map

LOAD /opt/st/stm32cubeide_1.9.0/plugins/com.st.stm32cube.ide.mcu.externaltools.gnu-tools-for-stm32.10.3-2021.10.linux64_1.0.0.202111181127/tools/bin/../lib/gcc/arm-none-eabi/10.3.1/thumb/v7e-m+fp/hard/crti.o
LOAD /opt/st/stm32cubeide_1.9.0/plugins/com.st.stm32cube.ide.mcu.externaltools.gnu-tools-for-stm32.10.3-2021.10.linux64_1.0.0.202111181127/tools/bin/../lib/gcc/arm-none-eabi/10.3.1/thumb/v7e-m+fp/hard/crtbegin.o
LOAD /opt/st/stm32cubeide_1.9.0/plugins/com.st.stm32cube.ide.mcu.externaltools.gnu-tools-for-stm32.10.3-2021.10.linux64_1.0.0.202111181127/tools/bin/../lib/gcc/arm-none-eabi/10.3.1/../../../../arm-none-eabi/lib/thumb/v7e-m+fp/hard/rdimon-crt0.o
LOAD ./Core/Src/gpio.o
LOAD ./Core/Src/main.o
LOAD ./Core/Src/stm32f4xx_hal_msp.o
LOAD ./Core/Src/stm32f4xx_it.o
LOAD ./Core/Src/sysmem.o
LOAD ./Core/Src/system_stm32f4xx.o
LOAD ./Core/Src/usart.o
LOAD ./Core/Startup/startup_stm32f427vitx.o
LOAD ./Drivers/STM32F4xx_HAL_Driver/Src/stm32f4xx_hal.o
LOAD ./Drivers/STM32F4xx_HAL_Driver/Src/stm32f4xx_hal_cortex.o
LOAD ./Drivers/STM32F4xx_HAL_Driver/Src/stm32f4xx_hal_dma.o
LOAD ./Drivers/STM32F4xx_HAL_Driver/Src/stm32f4xx_hal_dma_ex.o
LOAD ./Drivers/STM32F4xx_HAL_Driver/Src/stm32f4xx_hal_exti.o
LOAD ./Drivers/STM32F4xx_HAL_Driver/Src/stm32f4xx_hal_flash.o
LOAD ./Drivers/STM32F4xx_HAL_Driver/Src/stm32f4xx_hal_flash_ex.o
LOAD ./Drivers/STM32F4xx_HAL_Driver/Src/stm32f4xx_hal_flash_ramfunc.o
LOAD ./Drivers/STM32F4xx_HAL_Driver/Src/stm32f4xx_hal_gpio.o
LOAD ./Drivers/STM32F4xx_HAL_Driver/Src/stm32f4xx_hal_pwr.o
LOAD ./Drivers/STM32F4xx_HAL_Driver/Src/stm32f4xx_hal_pwr_ex.o
LOAD ./Drivers/STM32F4xx_HAL_Driver/Src/stm32f4xx_hal_rcc.o
LOAD ./Drivers/STM32F4xx_HAL_Driver/Src/stm32f4xx_hal_rcc_ex.o
LOAD ./Drivers/STM32F4xx_HAL_Driver/Src/stm32f4xx_hal_tim.o
LOAD ./Drivers/STM32F4xx_HAL_Driver/Src/stm32f4xx_hal_tim_ex.o
LOAD ./Drivers/STM32F4xx_HAL_Driver/Src/stm32f4xx_hal_uart.o
LOAD /opt/st/stm32cubeide_1.9.0/plugins/com.st.stm32cube.ide.mcu.externaltools.gnu-tools-for-stm32.10.3-2021.10.linux64_1.0.0.202111181127/tools/bin/../lib/gcc/arm-none-eabi/10.3.1/../../../../arm-none-eabi/lib/thumb/v7e-m+fp/hard/librdimon_nano.a
START GROUP
LOAD /opt/st/stm32cubeide_1.9.0/plugins/com.st.stm32cube.ide.mcu.externaltools.gnu-tools-for-stm32.10.3-2021.10.linux64_1.0.0.202111181127/tools/bin/../lib/gcc/arm-none-eabi/10.3.1/../../../../arm-none-eabi/lib/thumb/v7e-m+fp/hard/libc_nano.a
LOAD /opt/st/stm32cubeide_1.9.0/plugins/com.st.stm32cube.ide.mcu.externaltools.gnu-tools-for-stm32.10.3-2021.10.linux64_1.0.0.202111181127/tools/bin/../lib/gcc/arm-none-eabi/10.3.1/../../../../arm-none-eabi/lib/thumb/v7e-m+fp/hard/libm.a
END GROUP
START GROUP
LOAD /opt/st/stm32cubeide_1.9.0/plugins/com.st.stm32cube.ide.mcu.externaltools.gnu-tools-for-stm32.10.3-2021.10.linux64_1.0.0.202111181127/tools/bin/../lib/gcc/arm-none-eabi/10.3.1/thumb/v7e-m+fp/hard/libgcc.a
LOAD /opt/st/stm32cubeide_1.9.0/plugins/com.st.stm32cube.ide.mcu.externaltools.gnu-tools-for-stm32.10.3-2021.10.linux64_1.0.0.202111181127/tools/bin/../lib/gcc/arm-none-eabi/10.3.1/../../../../arm-none-eabi/lib/thumb/v7e-m+fp/hard/libc_nano.a
END GROUP
START GROUP
LOAD /opt/st/stm32cubeide_1.9.0/plugins/com.st.stm32cube.ide.mcu.externaltools.gnu-tools-for-stm32.10.3-2021.10.linux64_1.0.0.202111181127/tools/bin/../lib/gcc/arm-none-eabi/10.3.1/thumb/v7e-m+fp/hard/libgcc.a
LOAD /opt/st/stm32cubeide_1.9.0/plugins/com.st.stm32cube.ide.mcu.externaltools.gnu-tools-for-stm32.10.3-2021.10.linux64_1.0.0.202111181127/tools/bin/../lib/gcc/arm-none-eabi/10.3.1/../../../../arm-none-eabi/lib/thumb/v7e-m+fp/hard/libc_nano.a
LOAD /opt/st/stm32cubeide_1.9.0/plugins/com.st.stm32cube.ide.mcu.externaltools.gnu-tools-for-stm32.10.3-2021.10.linux64_1.0.0.202111181127/tools/bin/../lib/gcc/arm-none-eabi/10.3.1/../../../../arm-none-eabi/lib/thumb/v7e-m+fp/hard/libnosys.a
END GROUP
START GROUP
LOAD /opt/st/stm32cubeide_1.9.0/plugins/com.st.stm32cube.ide.mcu.externaltools.gnu-tools-for-stm32.10.3-2021.10.linux64_1.0.0.202111181127/tools/bin/../lib/gcc/arm-none-eabi/10.3.1/thumb/v7e-m+fp/hard/libgcc.a
LOAD /opt/st/stm32cubeide_1.9.0/plugins/com.st.stm32cube.ide.mcu.externaltools.gnu-tools-for-stm32.10.3-2021.10.linux64_1.0.0.202111181127/tools/bin/../lib/gcc/arm-none-eabi/10.3.1/../../../../arm-none-eabi/lib/thumb/v7e-m+fp/hard/libc_nano.a
LOAD /opt/st/stm32cubeide_1.9.0/plugins/com.st.stm32cube.ide.mcu.externaltools.gnu-tools-for-stm32.10.3-2021.10.linux64_1.0.0.202111181127/tools/bin/../lib/gcc/arm-none-eabi/10.3.1/../../../../arm-none-eabi/lib/thumb/v7e-m+fp/hard/librdimon_nano.a
END GROUP
START GROUP
LOAD /opt/st/stm32cubeide_1.9.0/plugins/com.st.stm32cube.ide.mcu.externaltools.gnu-tools-for-stm32.10.3-2021.10.linux64_1.0.0.202111181127/tools/bin/../lib/gcc/arm-none-eabi/10.3.1/thumb/v7e-m+fp/hard/libgcc.a
LOAD /opt/st/stm32cubeide_1.9.0/plugins/com.st.stm32cube.ide.mcu.externaltools.gnu-tools-for-stm32.10.3-2021.10.linux64_1.0.0.202111181127/tools/bin/../lib/gcc/arm-none-eabi/10.3.1/../../../../arm-none-eabi/lib/thumb/v7e-m+fp/hard/libc_nano.a
LOAD /opt/st/stm32cubeide_1.9.0/plugins/com.st.stm32cube.ide.mcu.externaltools.gnu-tools-for-stm32.10.3-2021.10.linux64_1.0.0.202111181127/tools/bin/../lib/gcc/arm-none-eabi/10.3.1/../../../../arm-none-eabi/lib/thumb/v7e-m+fp/hard/librdimon_nano.a
LOAD /opt/st/stm32cubeide_1.9.0/plugins/com.st.stm32cube.ide.mcu.externaltools.gnu-tools-for-stm32.10.3-2021.10.linux64_1.0.0.202111181127/tools/bin/../lib/gcc/arm-none-eabi/10.3.1/../../../../arm-none-eabi/lib/thumb/v7e-m+fp/hard/libnosys.a
END GROUP
LOAD /opt/st/stm32cubeide_1.9.0/plugins/com.st.stm32cube.ide.mcu.externaltools.gnu-tools-for-stm32.10.3-2021.10.linux64_1.0.0.202111181127/tools/bin/../lib/gcc/arm-none-eabi/10.3.1/thumb/v7e-m+fp/hard/crtend.o
LOAD /opt/st/stm32cubeide_1.9.0/plugins/com.st.stm32cube.ide.mcu.externaltools.gnu-tools-for-stm32.10.3-2021.10.linux64_1.0.0.202111181127/tools/bin/../lib/gcc/arm-none-eabi/10.3.1/thumb/v7e-m+fp/hard/crtn.o
                0x0000000020030000                _estack = (ORIGIN (RAM) + LENGTH (RAM))
                0x0000000000000200                _Min_Heap_Size = 0x200
                0x0000000000000400                _Min_Stack_Size = 0x400

.isr_vector     0x0000000008000000      0x1ac
                0x0000000008000000                . = ALIGN (0x4)
 *(.isr_vector)
 .isr_vector    0x0000000008000000      0x1ac ./Core/Startup/startup_stm32f427vitx.o
                0x0000000008000000                g_pfnVectors
                0x00000000080001ac                . = ALIGN (0x4)

.text           0x00000000080001ac     0x41b8
                0x00000000080001ac                . = ALIGN (0x4)
 *(.text)
 .text          0x00000000080001ac       0x40 /opt/st/stm32cubeide_1.9.0/plugins/com.st.stm32cube.ide.mcu.externaltools.gnu-tools-for-stm32.10.3-2021.10.linux64_1.0.0.202111181127/tools/bin/../lib/gcc/arm-none-eabi/10.3.1/thumb/v7e-m+fp/hard/crtbegin.o
 .text          0x00000000080001ec       0x10 /opt/st/stm32cubeide_1.9.0/plugins/com.st.stm32cube.ide.mcu.externaltools.gnu-tools-for-stm32.10.3-2021.10.linux64_1.0.0.202111181127/tools/bin/../lib/gcc/arm-none-eabi/10.3.1/../../../../arm-none-eabi/lib/thumb/v7e-m+fp/hard/libc_nano.a(lib_a-strlen.o)
                0x00000000080001ec                strlen
 .text          0x00000000080001fc       0x30 /opt/st/stm32cubeide_1.9.0/plugins/com.st.stm32cube.ide.mcu.externaltools.gnu-tools-for-stm32.10.3-2021.10.linux64_1.0.0.202111181127/tools/bin/../lib/gcc/arm-none-eabi/10.3.1/thumb/v7e-m+fp/hard/libgcc.a(_aeabi_uldivmod.o)
                0x00000000080001fc                __aeabi_uldivmod
 .text          0x000000000800022c      0x2d0 /opt/st/stm32cubeide_1.9.0/plugins/com.st.stm32cube.ide.mcu.externaltools.gnu-tools-for-stm32.10.3-2021.10.linux64_1.0.0.202111181127/tools/bin/../lib/gcc/arm-none-eabi/10.3.1/thumb/v7e-m+fp/hard/libgcc.a(_udivmoddi4.o)
                0x000000000800022c                __udivmoddi4
 .text          0x00000000080004fc        0x4 /opt/st/stm32cubeide_1.9.0/plugins/com.st.stm32cube.ide.mcu.externaltools.gnu-tools-for-stm32.10.3-2021.10.linux64_1.0.0.202111181127/tools/bin/../lib/gcc/arm-none-eabi/10.3.1/thumb/v7e-m+fp/hard/libgcc.a(_dvmd_tls.o)
                0x00000000080004fc                __aeabi_ldiv0
                0x00000000080004fc                __aeabi_idiv0
 *(.text*)
 .text.MX_GPIO_Init
                0x0000000008000500       0x88 ./Core/Src/gpio.o
                0x0000000008000500                MX_GPIO_Init
 .text.buf_init
                0x0000000008000588       0x2c ./Core/Src/main.o
                0x0000000008000588                buf_init
 .text.buf_write
                0x00000000080005b4       0xae ./Core/Src/main.o
                0x00000000080005b4                buf_write
 .text.buf_read
                0x0000000008000662       0xba ./Core/Src/main.o
                0x0000000008000662                buf_read
 .text.read_button
                0x000000000800071c       0x18 ./Core/Src/main.o
                0x000000000800071c                read_button
 .text.enable_interruptions
                0x0000000008000734       0x18 ./Core/Src/main.o
                0x0000000008000734                enable_interruptions
 .text.disable_interruptions
                0x000000000800074c       0x30 ./Core/Src/main.o
                0x000000000800074c                disable_interruptions
 .text.light_led
                0x000000000800077c       0x54 ./Core/Src/main.o
                0x000000000800077c                light_led
 .text.uart_write
                0x00000000080007d0       0x64 ./Core/Src/main.o
                0x00000000080007d0                uart_write
 .text.uart_write_newline
                0x0000000008000834       0x14 ./Core/Src/main.o
                0x0000000008000834                uart_write_newline
 .text.HAL_UART_TxCpltCallback
                0x0000000008000848       0x5c ./Core/Src/main.o
                0x0000000008000848                HAL_UART_TxCpltCallback
 .text.process_char
                0x00000000080008a4       0x7c ./Core/Src/main.o
                0x00000000080008a4                process_char
 .text.uart_read_char
                0x0000000008000920       0x78 ./Core/Src/main.o
                0x0000000008000920                uart_read_char
 .text.HAL_UART_RxCpltCallback
                0x0000000008000998       0x3c ./Core/Src/main.o
                0x0000000008000998                HAL_UART_RxCpltCallback
 .text.update_button_state
                0x00000000080009d4       0x74 ./Core/Src/main.o
                0x00000000080009d4                update_button_state
 .text.set_mode
                0x0000000008000a48       0x5c ./Core/Src/main.o
                0x0000000008000a48                set_mode
 .text.main     0x0000000008000aa4      0x358 ./Core/Src/main.o
                0x0000000008000aa4                main
 .text.SystemClock_Config
                0x0000000008000dfc       0xe0 ./Core/Src/main.o
                0x0000000008000dfc                SystemClock_Config
 .text.Error_Handler
                0x0000000008000edc        0xa ./Core/Src/main.o
                0x0000000008000edc                Error_Handler
 *fill*         0x0000000008000ee6        0x2 
 .text.HAL_MspInit
                0x0000000008000ee8       0x50 ./Core/Src/stm32f4xx_hal_msp.o
                0x0000000008000ee8                HAL_MspInit
 .text.NMI_Handler
                0x0000000008000f38        0x6 ./Core/Src/stm32f4xx_it.o
                0x0000000008000f38                NMI_Handler
 .text.HardFault_Handler
                0x0000000008000f3e        0x6 ./Core/Src/stm32f4xx_it.o
                0x0000000008000f3e                HardFault_Handler
 .text.MemManage_Handler
                0x0000000008000f44        0x6 ./Core/Src/stm32f4xx_it.o
                0x0000000008000f44                MemManage_Handler
 .text.BusFault_Handler
                0x0000000008000f4a        0x6 ./Core/Src/stm32f4xx_it.o
                0x0000000008000f4a                BusFault_Handler
 .text.UsageFault_Handler
                0x0000000008000f50        0x6 ./Core/Src/stm32f4xx_it.o
                0x0000000008000f50                UsageFault_Handler
 .text.SVC_Handler
                0x0000000008000f56        0xe ./Core/Src/stm32f4xx_it.o
                0x0000000008000f56                SVC_Handler
 .text.DebugMon_Handler
                0x0000000008000f64        0xe ./Core/Src/stm32f4xx_it.o
                0x0000000008000f64                DebugMon_Handler
 .text.PendSV_Handler
                0x0000000008000f72        0xe ./Core/Src/stm32f4xx_it.o
                0x0000000008000f72                PendSV_Handler
 .text.SysTick_Handler
                0x0000000008000f80        0xc ./Core/Src/stm32f4xx_it.o
                0x0000000008000f80                SysTick_Handler
 .text.USART6_IRQHandler
                0x0000000008000f8c       0x14 ./Core/Src/stm32f4xx_it.o
                0x0000000008000f8c                USART6_IRQHandler
 .text._sbrk    0x0000000008000fa0       0x6c ./Core/Src/sysmem.o
                0x0000000008000fa0                _sbrk
 .text.SystemInit
                0x000000000800100c       0x24 ./Core/Src/system_stm32f4xx.o
                0x000000000800100c                SystemInit
 .text.MX_USART6_UART_Init
                0x0000000008001030       0x54 ./Core/Src/usart.o
                0x0000000008001030                MX_USART6_UART_Init
 .text.HAL_UART_MspInit
                0x0000000008001084       0xa0 ./Core/Src/usart.o
                0x0000000008001084                HAL_UART_MspInit
 .text.Reset_Handler
                0x0000000008001124       0x50 ./Core/Startup/startup_stm32f427vitx.o
                0x0000000008001124                Reset_Handler
 .text.Default_Handler
                0x0000000008001174        0x2 ./Core/Startup/startup_stm32f427vitx.o
                0x0000000008001174                RTC_Alarm_IRQHandler
                0x0000000008001174                HASH_RNG_IRQHandler
                0x0000000008001174                EXTI2_IRQHandler
                0x0000000008001174                TIM8_CC_IRQHandler
                0x0000000008001174                UART8_IRQHandler
                0x0000000008001174                SPI4_IRQHandler
                0x0000000008001174                TIM1_CC_IRQHandler
                0x0000000008001174                DMA2_Stream5_IRQHandler
                0x0000000008001174                DMA1_Stream5_IRQHandler
                0x0000000008001174                PVD_IRQHandler
                0x0000000008001174                SDIO_IRQHandler
                0x0000000008001174                TAMP_STAMP_IRQHandler
                0x0000000008001174                CAN2_RX1_IRQHandler
                0x0000000008001174                EXTI3_IRQHandler
                0x0000000008001174                TIM8_TRG_COM_TIM14_IRQHandler
                0x0000000008001174                TIM1_UP_TIM10_IRQHandler
                0x0000000008001174                TIM8_UP_TIM13_IRQHandler
                0x0000000008001174                I2C3_ER_IRQHandler
                0x0000000008001174                EXTI0_IRQHandler
                0x0000000008001174                I2C2_EV_IRQHandler
                0x0000000008001174                DMA1_Stream2_IRQHandler
                0x0000000008001174                CAN1_RX0_IRQHandler
                0x0000000008001174                FPU_IRQHandler
                0x0000000008001174                OTG_HS_WKUP_IRQHandler
                0x0000000008001174                CAN2_SCE_IRQHandler
                0x0000000008001174                DMA2_Stream2_IRQHandler
                0x0000000008001174                SPI1_IRQHandler
                0x0000000008001174                TIM6_DAC_IRQHandler
                0x0000000008001174                TIM1_BRK_TIM9_IRQHandler
                0x0000000008001174                DCMI_IRQHandler
                0x0000000008001174                CAN2_RX0_IRQHandler
                0x0000000008001174                DMA2_Stream3_IRQHandler
                0x0000000008001174                USART3_IRQHandler
                0x0000000008001174                CAN1_RX1_IRQHandler
                0x0000000008001174                UART5_IRQHandler
                0x0000000008001174                DMA2_Stream0_IRQHandler
                0x0000000008001174                TIM4_IRQHandler
                0x0000000008001174                I2C1_EV_IRQHandler
                0x0000000008001174                DMA1_Stream6_IRQHandler
                0x0000000008001174                DMA1_Stream1_IRQHandler
                0x0000000008001174                UART4_IRQHandler
                0x0000000008001174                TIM3_IRQHandler
                0x0000000008001174                RCC_IRQHandler
                0x0000000008001174                TIM8_BRK_TIM12_IRQHandler
                0x0000000008001174                Default_Handler
                0x0000000008001174                EXTI15_10_IRQHandler
                0x0000000008001174                ADC_IRQHandler
                0x0000000008001174                DMA1_Stream7_IRQHandler
                0x0000000008001174                SPI5_IRQHandler
                0x0000000008001174                TIM7_IRQHandler
                0x0000000008001174                CAN2_TX_IRQHandler
                0x0000000008001174                TIM5_IRQHandler
                0x0000000008001174                DMA2_Stream7_IRQHandler
                0x0000000008001174                I2C3_EV_IRQHandler
                0x0000000008001174                EXTI9_5_IRQHandler
                0x0000000008001174                RTC_WKUP_IRQHandler
                0x0000000008001174                ETH_WKUP_IRQHandler
                0x0000000008001174                SPI2_IRQHandler
                0x0000000008001174                OTG_HS_EP1_IN_IRQHandler
                0x0000000008001174                DMA1_Stream0_IRQHandler
                0x0000000008001174                CAN1_TX_IRQHandler
                0x0000000008001174                EXTI4_IRQHandler
                0x0000000008001174                ETH_IRQHandler
                0x0000000008001174                OTG_HS_EP1_OUT_IRQHandler
                0x0000000008001174                WWDG_IRQHandler
                0x0000000008001174                SPI6_IRQHandler
                0x0000000008001174                TIM2_IRQHandler
                0x0000000008001174                OTG_FS_WKUP_IRQHandler
                0x0000000008001174                TIM1_TRG_COM_TIM11_IRQHandler
                0x0000000008001174                OTG_HS_IRQHandler
                0x0000000008001174                DMA2D_IRQHandler
                0x0000000008001174                EXTI1_IRQHandler
                0x0000000008001174                UART7_IRQHandler
                0x0000000008001174                USART2_IRQHandler
                0x0000000008001174                I2C2_ER_IRQHandler
                0x0000000008001174                DMA2_Stream1_IRQHandler
                0x0000000008001174                CAN1_SCE_IRQHandler
                0x0000000008001174                FLASH_IRQHandler
                0x0000000008001174                DMA2_Stream4_IRQHandler
                0x0000000008001174                USART1_IRQHandler
                0x0000000008001174                OTG_FS_IRQHandler
                0x0000000008001174                SPI3_IRQHandler
                0x0000000008001174                DMA1_Stream4_IRQHandler
                0x0000000008001174                I2C1_ER_IRQHandler
                0x0000000008001174                FMC_IRQHandler
                0x0000000008001174                DMA2_Stream6_IRQHandler
                0x0000000008001174                SAI1_IRQHandler
                0x0000000008001174                DMA1_Stream3_IRQHandler
 *fill*         0x0000000008001176        0x2 
 .text.HAL_Init
                0x0000000008001178       0x44 ./Drivers/STM32F4xx_HAL_Driver/Src/stm32f4xx_hal.o
                0x0000000008001178                HAL_Init
 .text.HAL_InitTick
                0x00000000080011bc       0x60 ./Drivers/STM32F4xx_HAL_Driver/Src/stm32f4xx_hal.o
                0x00000000080011bc                HAL_InitTick
 .text.HAL_IncTick
                0x000000000800121c       0x28 ./Drivers/STM32F4xx_HAL_Driver/Src/stm32f4xx_hal.o
                0x000000000800121c                HAL_IncTick
 .text.HAL_GetTick
                0x0000000008001244       0x18 ./Drivers/STM32F4xx_HAL_Driver/Src/stm32f4xx_hal.o
                0x0000000008001244                HAL_GetTick
 .text.HAL_Delay
                0x000000000800125c       0x48 ./Drivers/STM32F4xx_HAL_Driver/Src/stm32f4xx_hal.o
                0x000000000800125c                HAL_Delay
 .text.__NVIC_SetPriorityGrouping
                0x00000000080012a4       0x48 ./Drivers/STM32F4xx_HAL_Driver/Src/stm32f4xx_hal_cortex.o
 .text.__NVIC_GetPriorityGrouping
                0x00000000080012ec       0x1c ./Drivers/STM32F4xx_HAL_Driver/Src/stm32f4xx_hal_cortex.o
 .text.__NVIC_EnableIRQ
                0x0000000008001308       0x3c ./Drivers/STM32F4xx_HAL_Driver/Src/stm32f4xx_hal_cortex.o
 .text.__NVIC_DisableIRQ
                0x0000000008001344       0x48 ./Drivers/STM32F4xx_HAL_Driver/Src/stm32f4xx_hal_cortex.o
 .text.__NVIC_SetPriority
                0x000000000800138c       0x54 ./Drivers/STM32F4xx_HAL_Driver/Src/stm32f4xx_hal_cortex.o
 .text.NVIC_EncodePriority
                0x00000000080013e0       0x66 ./Drivers/STM32F4xx_HAL_Driver/Src/stm32f4xx_hal_cortex.o
 *fill*         0x0000000008001446        0x2 
 .text.SysTick_Config
                0x0000000008001448       0x44 ./Drivers/STM32F4xx_HAL_Driver/Src/stm32f4xx_hal_cortex.o
 .text.HAL_NVIC_SetPriorityGrouping
                0x000000000800148c       0x16 ./Drivers/STM32F4xx_HAL_Driver/Src/stm32f4xx_hal_cortex.o
                0x000000000800148c                HAL_NVIC_SetPriorityGrouping
 .text.HAL_NVIC_SetPriority
                0x00000000080014a2       0x38 ./Drivers/STM32F4xx_HAL_Driver/Src/stm32f4xx_hal_cortex.o
                0x00000000080014a2                HAL_NVIC_SetPriority
 .text.HAL_NVIC_EnableIRQ
                0x00000000080014da       0x1c ./Drivers/STM32F4xx_HAL_Driver/Src/stm32f4xx_hal_cortex.o
                0x00000000080014da                HAL_NVIC_EnableIRQ
 .text.HAL_NVIC_DisableIRQ
                0x00000000080014f6       0x1c ./Drivers/STM32F4xx_HAL_Driver/Src/stm32f4xx_hal_cortex.o
                0x00000000080014f6                HAL_NVIC_DisableIRQ
 .text.HAL_SYSTICK_Config
                0x0000000008001512       0x18 ./Drivers/STM32F4xx_HAL_Driver/Src/stm32f4xx_hal_cortex.o
                0x0000000008001512                HAL_SYSTICK_Config
 .text.HAL_DMA_Abort
                0x000000000800152a       0xe0 ./Drivers/STM32F4xx_HAL_Driver/Src/stm32f4xx_hal_dma.o
                0x000000000800152a                HAL_DMA_Abort
 .text.HAL_DMA_Abort_IT
                0x000000000800160a       0x44 ./Drivers/STM32F4xx_HAL_Driver/Src/stm32f4xx_hal_dma.o
                0x000000000800160a                HAL_DMA_Abort_IT
 .text.HAL_DMA_GetError
                0x000000000800164e       0x18 ./Drivers/STM32F4xx_HAL_Driver/Src/stm32f4xx_hal_dma.o
                0x000000000800164e                HAL_DMA_GetError
 *fill*         0x0000000008001666        0x2 
 .text.HAL_GPIO_Init
                0x0000000008001668      0x358 ./Drivers/STM32F4xx_HAL_Driver/Src/stm32f4xx_hal_gpio.o
                0x0000000008001668                HAL_GPIO_Init
 .text.HAL_GPIO_ReadPin
                0x00000000080019c0       0x30 ./Drivers/STM32F4xx_HAL_Driver/Src/stm32f4xx_hal_gpio.o
                0x00000000080019c0                HAL_GPIO_ReadPin
 .text.HAL_GPIO_WritePin
                0x00000000080019f0       0x32 ./Drivers/STM32F4xx_HAL_Driver/Src/stm32f4xx_hal_gpio.o
                0x00000000080019f0                HAL_GPIO_WritePin
 *fill*         0x0000000008001a22        0x2 
 .text.HAL_PWREx_EnableOverDrive
                0x0000000008001a24       0xa0 ./Drivers/STM32F4xx_HAL_Driver/Src/stm32f4xx_hal_pwr_ex.o
                0x0000000008001a24                HAL_PWREx_EnableOverDrive
 .text.HAL_RCC_OscConfig
                0x0000000008001ac4      0x4f0 ./Drivers/STM32F4xx_HAL_Driver/Src/stm32f4xx_hal_rcc.o
                0x0000000008001ac4                HAL_RCC_OscConfig
 .text.HAL_RCC_ClockConfig
                0x0000000008001fb4      0x1cc ./Drivers/STM32F4xx_HAL_Driver/Src/stm32f4xx_hal_rcc.o
                0x0000000008001fb4                HAL_RCC_ClockConfig
 .text.HAL_RCC_GetSysClockFreq
                0x0000000008002180      0x18c ./Drivers/STM32F4xx_HAL_Driver/Src/stm32f4xx_hal_rcc.o
                0x0000000008002180                HAL_RCC_GetSysClockFreq
 .text.HAL_RCC_GetHCLKFreq
                0x000000000800230c       0x18 ./Drivers/STM32F4xx_HAL_Driver/Src/stm32f4xx_hal_rcc.o
                0x000000000800230c                HAL_RCC_GetHCLKFreq
 .text.HAL_RCC_GetPCLK1Freq
                0x0000000008002324       0x28 ./Drivers/STM32F4xx_HAL_Driver/Src/stm32f4xx_hal_rcc.o
                0x0000000008002324                HAL_RCC_GetPCLK1Freq
 .text.HAL_RCC_GetPCLK2Freq
                0x000000000800234c       0x28 ./Drivers/STM32F4xx_HAL_Driver/Src/stm32f4xx_hal_rcc.o
                0x000000000800234c                HAL_RCC_GetPCLK2Freq
 .text.HAL_UART_Init
                0x0000000008002374       0x9a ./Drivers/STM32F4xx_HAL_Driver/Src/stm32f4xx_hal_uart.o
                0x0000000008002374                HAL_UART_Init
 .text.HAL_UART_Transmit
                0x000000000800240e      0x124 ./Drivers/STM32F4xx_HAL_Driver/Src/stm32f4xx_hal_uart.o
                0x000000000800240e                HAL_UART_Transmit
 .text.HAL_UART_Receive
                0x0000000008002532      0x144 ./Drivers/STM32F4xx_HAL_Driver/Src/stm32f4xx_hal_uart.o
                0x0000000008002532                HAL_UART_Receive
 .text.HAL_UART_Transmit_IT
                0x0000000008002676       0x8a ./Drivers/STM32F4xx_HAL_Driver/Src/stm32f4xx_hal_uart.o
                0x0000000008002676                HAL_UART_Transmit_IT
 .text.HAL_UART_Receive_IT
                0x0000000008002700       0x60 ./Drivers/STM32F4xx_HAL_Driver/Src/stm32f4xx_hal_uart.o
                0x0000000008002700                HAL_UART_Receive_IT
 .text.HAL_UART_AbortReceive
                0x0000000008002760      0x146 ./Drivers/STM32F4xx_HAL_Driver/Src/stm32f4xx_hal_uart.o
                0x0000000008002760                HAL_UART_AbortReceive
 *fill*         0x00000000080028a6        0x2 
 .text.HAL_UART_IRQHandler
                0x00000000080028a8      0x51c ./Drivers/STM32F4xx_HAL_Driver/Src/stm32f4xx_hal_uart.o
                0x00000000080028a8                HAL_UART_IRQHandler
 .text.HAL_UART_ErrorCallback
                0x0000000008002dc4       0x14 ./Drivers/STM32F4xx_HAL_Driver/Src/stm32f4xx_hal_uart.o
                0x0000000008002dc4                HAL_UART_ErrorCallback
 .text.HAL_UARTEx_RxEventCallback
                0x0000000008002dd8       0x18 ./Drivers/STM32F4xx_HAL_Driver/Src/stm32f4xx_hal_uart.o
                0x0000000008002dd8                HAL_UARTEx_RxEventCallback
 .text.UART_WaitOnFlagUntilTimeout
                0x0000000008002df0       0xdc ./Drivers/STM32F4xx_HAL_Driver/Src/stm32f4xx_hal_uart.o
 .text.UART_Start_Receive_IT
                0x0000000008002ecc       0x7c ./Drivers/STM32F4xx_HAL_Driver/Src/stm32f4xx_hal_uart.o
                0x0000000008002ecc                UART_Start_Receive_IT
 .text.UART_EndRxTransfer
                0x0000000008002f48       0xc6 ./Drivers/STM32F4xx_HAL_Driver/Src/stm32f4xx_hal_uart.o
 .text.UART_DMAAbortOnError
                0x000000000800300e       0x28 ./Drivers/STM32F4xx_HAL_Driver/Src/stm32f4xx_hal_uart.o
 .text.UART_Transmit_IT
                0x0000000008003036       0xa0 ./Drivers/STM32F4xx_HAL_Driver/Src/stm32f4xx_hal_uart.o
 .text.UART_EndTransmit_IT
                0x00000000080030d6       0x30 ./Drivers/STM32F4xx_HAL_Driver/Src/stm32f4xx_hal_uart.o
 .text.UART_Receive_IT
                0x0000000008003106      0x176 ./Drivers/STM32F4xx_HAL_Driver/Src/stm32f4xx_hal_uart.o
 .text.UART_SetConfig
                0x000000000800327c      0x4e8 ./Drivers/STM32F4xx_HAL_Driver/Src/stm32f4xx_hal_uart.o
 .text.findslot
                0x0000000008003764       0x34 /opt/st/stm32cubeide_1.9.0/plugins/com.st.stm32cube.ide.mcu.externaltools.gnu-tools-for-stm32.10.3-2021.10.linux64_1.0.0.202111181127/tools/bin/../lib/gcc/arm-none-eabi/10.3.1/../../../../arm-none-eabi/lib/thumb/v7e-m+fp/hard/librdimon_nano.a(rdimon-syscalls.o)
 .text.error    0x0000000008003798       0x1c /opt/st/stm32cubeide_1.9.0/plugins/com.st.stm32cube.ide.mcu.externaltools.gnu-tools-for-stm32.10.3-2021.10.linux64_1.0.0.202111181127/tools/bin/../lib/gcc/arm-none-eabi/10.3.1/../../../../arm-none-eabi/lib/thumb/v7e-m+fp/hard/librdimon_nano.a(rdimon-syscalls.o)
 .text.checkerror
                0x00000000080037b4        0xa /opt/st/stm32cubeide_1.9.0/plugins/com.st.stm32cube.ide.mcu.externaltools.gnu-tools-for-stm32.10.3-2021.10.linux64_1.0.0.202111181127/tools/bin/../lib/gcc/arm-none-eabi/10.3.1/../../../../arm-none-eabi/lib/thumb/v7e-m+fp/hard/librdimon_nano.a(rdimon-syscalls.o)
 .text._swiread
                0x00000000080037be       0x20 /opt/st/stm32cubeide_1.9.0/plugins/com.st.stm32cube.ide.mcu.externaltools.gnu-tools-for-stm32.10.3-2021.10.linux64_1.0.0.202111181127/tools/bin/../lib/gcc/arm-none-eabi/10.3.1/../../../../arm-none-eabi/lib/thumb/v7e-m+fp/hard/librdimon_nano.a(rdimon-syscalls.o)
                0x00000000080037be                _swiread
 .text._read    0x00000000080037de       0x38 /opt/st/stm32cubeide_1.9.0/plugins/com.st.stm32cube.ide.mcu.externaltools.gnu-tools-for-stm32.10.3-2021.10.linux64_1.0.0.202111181127/tools/bin/../lib/gcc/arm-none-eabi/10.3.1/../../../../arm-none-eabi/lib/thumb/v7e-m+fp/hard/librdimon_nano.a(rdimon-syscalls.o)
                0x00000000080037de                _read
 .text._swilseek
                0x0000000008003816       0x78 /opt/st/stm32cubeide_1.9.0/plugins/com.st.stm32cube.ide.mcu.externaltools.gnu-tools-for-stm32.10.3-2021.10.linux64_1.0.0.202111181127/tools/bin/../lib/gcc/arm-none-eabi/10.3.1/../../../../arm-none-eabi/lib/thumb/v7e-m+fp/hard/librdimon_nano.a(rdimon-syscalls.o)
                0x0000000008003816                _swilseek
 .text._lseek   0x000000000800388e        0x4 /opt/st/stm32cubeide_1.9.0/plugins/com.st.stm32cube.ide.mcu.externaltools.gnu-tools-for-stm32.10.3-2021.10.linux64_1.0.0.202111181127/tools/bin/../lib/gcc/arm-none-eabi/10.3.1/../../../../arm-none-eabi/lib/thumb/v7e-m+fp/hard/librdimon_nano.a(rdimon-syscalls.o)
                0x000000000800388e                _lseek
 .text._swiwrite
                0x0000000008003892       0x20 /opt/st/stm32cubeide_1.9.0/plugins/com.st.stm32cube.ide.mcu.externaltools.gnu-tools-for-stm32.10.3-2021.10.linux64_1.0.0.202111181127/tools/bin/../lib/gcc/arm-none-eabi/10.3.1/../../../../arm-none-eabi/lib/thumb/v7e-m+fp/hard/librdimon_nano.a(rdimon-syscalls.o)
                0x0000000008003892                _swiwrite
 .text._write   0x00000000080038b2       0x48 /opt/st/stm32cubeide_1.9.0/plugins/com.st.stm32cube.ide.mcu.externaltools.gnu-tools-for-stm32.10.3-2021.10.linux64_1.0.0.202111181127/tools/bin/../lib/gcc/arm-none-eabi/10.3.1/../../../../arm-none-eabi/lib/thumb/v7e-m+fp/hard/librdimon_nano.a(rdimon-syscalls.o)
                0x00000000080038b2                _write
 .text._swiclose
                0x00000000080038fa       0x1a /opt/st/stm32cubeide_1.9.0/plugins/com.st.stm32cube.ide.mcu.externaltools.gnu-tools-for-stm32.10.3-2021.10.linux64_1.0.0.202111181127/tools/bin/../lib/gcc/arm-none-eabi/10.3.1/../../../../arm-none-eabi/lib/thumb/v7e-m+fp/hard/librdimon_nano.a(rdimon-syscalls.o)
                0x00000000080038fa                _swiclose
 .text._close   0x0000000008003914       0x4c /opt/st/stm32cubeide_1.9.0/plugins/com.st.stm32cube.ide.mcu.externaltools.gnu-tools-for-stm32.10.3-2021.10.linux64_1.0.0.202111181127/tools/bin/../lib/gcc/arm-none-eabi/10.3.1/../../../../arm-none-eabi/lib/thumb/v7e-m+fp/hard/librdimon_nano.a(rdimon-syscalls.o)
                0x0000000008003914                _close
 .text._swistat
                0x0000000008003960       0x42 /opt/st/stm32cubeide_1.9.0/plugins/com.st.stm32cube.ide.mcu.externaltools.gnu-tools-for-stm32.10.3-2021.10.linux64_1.0.0.202111181127/tools/bin/../lib/gcc/arm-none-eabi/10.3.1/../../../../arm-none-eabi/lib/thumb/v7e-m+fp/hard/librdimon_nano.a(rdimon-syscalls.o)
                0x0000000008003960                _swistat
 .text._stat    0x00000000080039a2       0x3a /opt/st/stm32cubeide_1.9.0/plugins/com.st.stm32cube.ide.mcu.externaltools.gnu-tools-for-stm32.10.3-2021.10.linux64_1.0.0.202111181127/tools/bin/../lib/gcc/arm-none-eabi/10.3.1/../../../../arm-none-eabi/lib/thumb/v7e-m+fp/hard/librdimon_nano.a(rdimon-syscalls.o)
                0x00000000080039a2                _stat
 .text._swiopen
                0x00000000080039dc       0xb4 /opt/st/stm32cubeide_1.9.0/plugins/com.st.stm32cube.ide.mcu.externaltools.gnu-tools-for-stm32.10.3-2021.10.linux64_1.0.0.202111181127/tools/bin/../lib/gcc/arm-none-eabi/10.3.1/../../../../arm-none-eabi/lib/thumb/v7e-m+fp/hard/librdimon_nano.a(rdimon-syscalls.o)
                0x00000000080039dc                _swiopen
 .text._get_semihosting_exts
                0x0000000008003a90       0xb8 /opt/st/stm32cubeide_1.9.0/plugins/com.st.stm32cube.ide.mcu.externaltools.gnu-tools-for-stm32.10.3-2021.10.linux64_1.0.0.202111181127/tools/bin/../lib/gcc/arm-none-eabi/10.3.1/../../../../arm-none-eabi/lib/thumb/v7e-m+fp/hard/librdimon_nano.a(rdimon-syscalls.o)
                0x0000000008003a90                _get_semihosting_exts
 .text.initialise_semihosting_exts
                0x0000000008003b48       0x34 /opt/st/stm32cubeide_1.9.0/plugins/com.st.stm32cube.ide.mcu.externaltools.gnu-tools-for-stm32.10.3-2021.10.linux64_1.0.0.202111181127/tools/bin/../lib/gcc/arm-none-eabi/10.3.1/../../../../arm-none-eabi/lib/thumb/v7e-m+fp/hard/librdimon_nano.a(rdimon-syscalls.o)
 .text._has_ext_stdout_stderr
                0x0000000008003b7c       0x18 /opt/st/stm32cubeide_1.9.0/plugins/com.st.stm32cube.ide.mcu.externaltools.gnu-tools-for-stm32.10.3-2021.10.linux64_1.0.0.202111181127/tools/bin/../lib/gcc/arm-none-eabi/10.3.1/../../../../arm-none-eabi/lib/thumb/v7e-m+fp/hard/librdimon_nano.a(rdimon-syscalls.o)
                0x0000000008003b7c                _has_ext_stdout_stderr
 .text.initialise_monitor_handles
                0x0000000008003b94       0xc0 /opt/st/stm32cubeide_1.9.0/plugins/com.st.stm32cube.ide.mcu.externaltools.gnu-tools-for-stm32.10.3-2021.10.linux64_1.0.0.202111181127/tools/bin/../lib/gcc/arm-none-eabi/10.3.1/../../../../arm-none-eabi/lib/thumb/v7e-m+fp/hard/librdimon_nano.a(rdimon-syscalls.o)
                0x0000000008003b94                initialise_monitor_handles
 .text.__errno  0x0000000008003c54        0xc /opt/st/stm32cubeide_1.9.0/plugins/com.st.stm32cube.ide.mcu.externaltools.gnu-tools-for-stm32.10.3-2021.10.linux64_1.0.0.202111181127/tools/bin/../lib/gcc/arm-none-eabi/10.3.1/../../../../arm-none-eabi/lib/thumb/v7e-m+fp/hard/libc_nano.a(lib_a-errno.o)
                0x0000000008003c54                __errno
 .text.std      0x0000000008003c60       0x48 /opt/st/stm32cubeide_1.9.0/plugins/com.st.stm32cube.ide.mcu.externaltools.gnu-tools-for-stm32.10.3-2021.10.linux64_1.0.0.202111181127/tools/bin/../lib/gcc/arm-none-eabi/10.3.1/../../../../arm-none-eabi/lib/thumb/v7e-m+fp/hard/libc_nano.a(lib_a-findfp.o)
 .text._cleanup_r
                0x0000000008003ca8        0xc /opt/st/stm32cubeide_1.9.0/plugins/com.st.stm32cube.ide.mcu.externaltools.gnu-tools-for-stm32.10.3-2021.10.linux64_1.0.0.202111181127/tools/bin/../lib/gcc/arm-none-eabi/10.3.1/../../../../arm-none-eabi/lib/thumb/v7e-m+fp/hard/libc_nano.a(lib_a-findfp.o)
                0x0000000008003ca8                _cleanup_r
 .text.__sfmoreglue
                0x0000000008003cb4       0x2c /opt/st/stm32cubeide_1.9.0/plugins/com.st.stm32cube.ide.mcu.externaltools.gnu-tools-for-stm32.10.3-2021.10.linux64_1.0.0.202111181127/tools/bin/../lib/gcc/arm-none-eabi/10.3.1/../../../../arm-none-eabi/lib/thumb/v7e-m+fp/hard/libc_nano.a(lib_a-findfp.o)
                0x0000000008003cb4                __sfmoreglue
 .text.__sfp_lock_acquire
                0x0000000008003ce0        0xc /opt/st/stm32cubeide_1.9.0/plugins/com.st.stm32cube.ide.mcu.externaltools.gnu-tools-for-stm32.10.3-2021.10.linux64_1.0.0.202111181127/tools/bin/../lib/gcc/arm-none-eabi/10.3.1/../../../../arm-none-eabi/lib/thumb/v7e-m+fp/hard/libc_nano.a(lib_a-findfp.o)
                0x0000000008003ce0                __sfp_lock_acquire
 .text.__sfp_lock_release
                0x0000000008003cec        0xc /opt/st/stm32cubeide_1.9.0/plugins/com.st.stm32cube.ide.mcu.externaltools.gnu-tools-for-stm32.10.3-2021.10.linux64_1.0.0.202111181127/tools/bin/../lib/gcc/arm-none-eabi/10.3.1/../../../../arm-none-eabi/lib/thumb/v7e-m+fp/hard/libc_nano.a(lib_a-findfp.o)
                0x0000000008003cec                __sfp_lock_release
 .text.__sinit_lock_acquire
                0x0000000008003cf8        0xc /opt/st/stm32cubeide_1.9.0/plugins/com.st.stm32cube.ide.mcu.externaltools.gnu-tools-for-stm32.10.3-2021.10.linux64_1.0.0.202111181127/tools/bin/../lib/gcc/arm-none-eabi/10.3.1/../../../../arm-none-eabi/lib/thumb/v7e-m+fp/hard/libc_nano.a(lib_a-findfp.o)
                0x0000000008003cf8                __sinit_lock_acquire
 .text.__sinit_lock_release
                0x0000000008003d04        0xc /opt/st/stm32cubeide_1.9.0/plugins/com.st.stm32cube.ide.mcu.externaltools.gnu-tools-for-stm32.10.3-2021.10.linux64_1.0.0.202111181127/tools/bin/../lib/gcc/arm-none-eabi/10.3.1/../../../../arm-none-eabi/lib/thumb/v7e-m+fp/hard/libc_nano.a(lib_a-findfp.o)
                0x0000000008003d04                __sinit_lock_release
 .text.__sinit  0x0000000008003d10       0x70 /opt/st/stm32cubeide_1.9.0/plugins/com.st.stm32cube.ide.mcu.externaltools.gnu-tools-for-stm32.10.3-2021.10.linux64_1.0.0.202111181127/tools/bin/../lib/gcc/arm-none-eabi/10.3.1/../../../../arm-none-eabi/lib/thumb/v7e-m+fp/hard/libc_nano.a(lib_a-findfp.o)
                0x0000000008003d10                __sinit
 .text.__sfp    0x0000000008003d80       0x8c /opt/st/stm32cubeide_1.9.0/plugins/com.st.stm32cube.ide.mcu.externaltools.gnu-tools-for-stm32.10.3-2021.10.linux64_1.0.0.202111181127/tools/bin/../lib/gcc/arm-none-eabi/10.3.1/../../../../arm-none-eabi/lib/thumb/v7e-m+fp/hard/libc_nano.a(lib_a-findfp.o)
                0x0000000008003d80                __sfp
 .text._fwalk_reent
                0x0000000008003e0c       0x3e /opt/st/stm32cubeide_1.9.0/plugins/com.st.stm32cube.ide.mcu.externaltools.gnu-tools-for-stm32.10.3-2021.10.linux64_1.0.0.202111181127/tools/bin/../lib/gcc/arm-none-eabi/10.3.1/../../../../arm-none-eabi/lib/thumb/v7e-m+fp/hard/libc_nano.a(lib_a-fwalk.o)
                0x0000000008003e0c                _fwalk_reent
 *fill*         0x0000000008003e4a        0x2 
 .text.__libc_init_array
                0x0000000008003e4c       0x48 /opt/st/stm32cubeide_1.9.0/plugins/com.st.stm32cube.ide.mcu.externaltools.gnu-tools-for-stm32.10.3-2021.10.linux64_1.0.0.202111181127/tools/bin/../lib/gcc/arm-none-eabi/10.3.1/../../../../arm-none-eabi/lib/thumb/v7e-m+fp/hard/libc_nano.a(lib_a-init.o)
                0x0000000008003e4c                __libc_init_array
 .text.__retarget_lock_init_recursive
                0x0000000008003e94        0x2 /opt/st/stm32cubeide_1.9.0/plugins/com.st.stm32cube.ide.mcu.externaltools.gnu-tools-for-stm32.10.3-2021.10.linux64_1.0.0.202111181127/tools/bin/../lib/gcc/arm-none-eabi/10.3.1/../../../../arm-none-eabi/lib/thumb/v7e-m+fp/hard/libc_nano.a(lib_a-lock.o)
                0x0000000008003e94                __retarget_lock_init_recursive
 .text.__retarget_lock_acquire_recursive
                0x0000000008003e96        0x2 /opt/st/stm32cubeide_1.9.0/plugins/com.st.stm32cube.ide.mcu.externaltools.gnu-tools-for-stm32.10.3-2021.10.linux64_1.0.0.202111181127/tools/bin/../lib/gcc/arm-none-eabi/10.3.1/../../../../arm-none-eabi/lib/thumb/v7e-m+fp/hard/libc_nano.a(lib_a-lock.o)
                0x0000000008003e96                __retarget_lock_acquire_recursive
 .text.__retarget_lock_release_recursive
                0x0000000008003e98        0x2 /opt/st/stm32cubeide_1.9.0/plugins/com.st.stm32cube.ide.mcu.externaltools.gnu-tools-for-stm32.10.3-2021.10.linux64_1.0.0.202111181127/tools/bin/../lib/gcc/arm-none-eabi/10.3.1/../../../../arm-none-eabi/lib/thumb/v7e-m+fp/hard/libc_nano.a(lib_a-lock.o)
                0x0000000008003e98                __retarget_lock_release_recursive
 .text.memset   0x0000000008003e9a       0x10 /opt/st/stm32cubeide_1.9.0/plugins/com.st.stm32cube.ide.mcu.externaltools.gnu-tools-for-stm32.10.3-2021.10.linux64_1.0.0.202111181127/tools/bin/../lib/gcc/arm-none-eabi/10.3.1/../../../../arm-none-eabi/lib/thumb/v7e-m+fp/hard/libc_nano.a(lib_a-memset.o)
                0x0000000008003e9a                memset
 *fill*         0x0000000008003eaa        0x2 
 .text.sbrk_aligned
                0x0000000008003eac       0x40 /opt/st/stm32cubeide_1.9.0/plugins/com.st.stm32cube.ide.mcu.externaltools.gnu-tools-for-stm32.10.3-2021.10.linux64_1.0.0.202111181127/tools/bin/../lib/gcc/arm-none-eabi/10.3.1/../../../../arm-none-eabi/lib/thumb/v7e-m+fp/hard/libc_nano.a(lib_a-nano-mallocr.o)
 .text._malloc_r
                0x0000000008003eec       0xe8 /opt/st/stm32cubeide_1.9.0/plugins/com.st.stm32cube.ide.mcu.externaltools.gnu-tools-for-stm32.10.3-2021.10.linux64_1.0.0.202111181127/tools/bin/../lib/gcc/arm-none-eabi/10.3.1/../../../../arm-none-eabi/lib/thumb/v7e-m+fp/hard/libc_nano.a(lib_a-nano-mallocr.o)
                0x0000000008003eec                _malloc_r
 .text._sbrk_r  0x0000000008003fd4       0x20 /opt/st/stm32cubeide_1.9.0/plugins/com.st.stm32cube.ide.mcu.externaltools.gnu-tools-for-stm32.10.3-2021.10.linux64_1.0.0.202111181127/tools/bin/../lib/gcc/arm-none-eabi/10.3.1/../../../../arm-none-eabi/lib/thumb/v7e-m+fp/hard/libc_nano.a(lib_a-sbrkr.o)
                0x0000000008003fd4                _sbrk_r
 .text.__sread  0x0000000008003ff4       0x22 /opt/st/stm32cubeide_1.9.0/plugins/com.st.stm32cube.ide.mcu.externaltools.gnu-tools-for-stm32.10.3-2021.10.linux64_1.0.0.202111181127/tools/bin/../lib/gcc/arm-none-eabi/10.3.1/../../../../arm-none-eabi/lib/thumb/v7e-m+fp/hard/libc_nano.a(lib_a-stdio.o)
                0x0000000008003ff4                __sread
 .text.__swrite
                0x0000000008004016       0x38 /opt/st/stm32cubeide_1.9.0/plugins/com.st.stm32cube.ide.mcu.externaltools.gnu-tools-for-stm32.10.3-2021.10.linux64_1.0.0.202111181127/tools/bin/../lib/gcc/arm-none-eabi/10.3.1/../../../../arm-none-eabi/lib/thumb/v7e-m+fp/hard/libc_nano.a(lib_a-stdio.o)
                0x0000000008004016                __swrite
 .text.__sseek  0x000000000800404e       0x24 /opt/st/stm32cubeide_1.9.0/plugins/com.st.stm32cube.ide.mcu.externaltools.gnu-tools-for-stm32.10.3-2021.10.linux64_1.0.0.202111181127/tools/bin/../lib/gcc/arm-none-eabi/10.3.1/../../../../arm-none-eabi/lib/thumb/v7e-m+fp/hard/libc_nano.a(lib_a-stdio.o)
                0x000000000800404e                __sseek
 .text.__sclose
                0x0000000008004072        0x8 /opt/st/stm32cubeide_1.9.0/plugins/com.st.stm32cube.ide.mcu.externaltools.gnu-tools-for-stm32.10.3-2021.10.linux64_1.0.0.202111181127/tools/bin/../lib/gcc/arm-none-eabi/10.3.1/../../../../arm-none-eabi/lib/thumb/v7e-m+fp/hard/libc_nano.a(lib_a-stdio.o)
                0x0000000008004072                __sclose
 .text.strcpy   0x000000000800407a       0x10 /opt/st/stm32cubeide_1.9.0/plugins/com.st.stm32cube.ide.mcu.externaltools.gnu-tools-for-stm32.10.3-2021.10.linux64_1.0.0.202111181127/tools/bin/../lib/gcc/arm-none-eabi/10.3.1/../../../../arm-none-eabi/lib/thumb/v7e-m+fp/hard/libc_nano.a(lib_a-strcpy.o)
                0x000000000800407a                strcpy
 *fill*         0x000000000800408a        0x2 
 .text._write_r
                0x000000000800408c       0x24 /opt/st/stm32cubeide_1.9.0/plugins/com.st.stm32cube.ide.mcu.externaltools.gnu-tools-for-stm32.10.3-2021.10.linux64_1.0.0.202111181127/tools/bin/../lib/gcc/arm-none-eabi/10.3.1/../../../../arm-none-eabi/lib/thumb/v7e-m+fp/hard/libc_nano.a(lib_a-writer.o)
                0x000000000800408c                _write_r
 .text._close_r
                0x00000000080040b0       0x20 /opt/st/stm32cubeide_1.9.0/plugins/com.st.stm32cube.ide.mcu.externaltools.gnu-tools-for-stm32.10.3-2021.10.linux64_1.0.0.202111181127/tools/bin/../lib/gcc/arm-none-eabi/10.3.1/../../../../arm-none-eabi/lib/thumb/v7e-m+fp/hard/libc_nano.a(lib_a-closer.o)
                0x00000000080040b0                _close_r
 .text.__sflush_r
                0x00000000080040d0      0x10c /opt/st/stm32cubeide_1.9.0/plugins/com.st.stm32cube.ide.mcu.externaltools.gnu-tools-for-stm32.10.3-2021.10.linux64_1.0.0.202111181127/tools/bin/../lib/gcc/arm-none-eabi/10.3.1/../../../../arm-none-eabi/lib/thumb/v7e-m+fp/hard/libc_nano.a(lib_a-fflush.o)
                0x00000000080040d0                __sflush_r
 .text._fflush_r
                0x00000000080041dc       0x78 /opt/st/stm32cubeide_1.9.0/plugins/com.st.stm32cube.ide.mcu.externaltools.gnu-tools-for-stm32.10.3-2021.10.linux64_1.0.0.202111181127/tools/bin/../lib/gcc/arm-none-eabi/10.3.1/../../../../arm-none-eabi/lib/thumb/v7e-m+fp/hard/libc_nano.a(lib_a-fflush.o)
                0x00000000080041dc                _fflush_r
 .text._lseek_r
                0x0000000008004254       0x24 /opt/st/stm32cubeide_1.9.0/plugins/com.st.stm32cube.ide.mcu.externaltools.gnu-tools-for-stm32.10.3-2021.10.linux64_1.0.0.202111181127/tools/bin/../lib/gcc/arm-none-eabi/10.3.1/../../../../arm-none-eabi/lib/thumb/v7e-m+fp/hard/libc_nano.a(lib_a-lseekr.o)
                0x0000000008004254                _lseek_r
 .text.__malloc_lock
                0x0000000008004278        0xc /opt/st/stm32cubeide_1.9.0/plugins/com.st.stm32cube.ide.mcu.externaltools.gnu-tools-for-stm32.10.3-2021.10.linux64_1.0.0.202111181127/tools/bin/../lib/gcc/arm-none-eabi/10.3.1/../../../../arm-none-eabi/lib/thumb/v7e-m+fp/hard/libc_nano.a(lib_a-mlock.o)
                0x0000000008004278                __malloc_lock
 .text.__malloc_unlock
                0x0000000008004284        0xc /opt/st/stm32cubeide_1.9.0/plugins/com.st.stm32cube.ide.mcu.externaltools.gnu-tools-for-stm32.10.3-2021.10.linux64_1.0.0.202111181127/tools/bin/../lib/gcc/arm-none-eabi/10.3.1/../../../../arm-none-eabi/lib/thumb/v7e-m+fp/hard/libc_nano.a(lib_a-mlock.o)
                0x0000000008004284                __malloc_unlock
 .text._free_r  0x0000000008004290       0x98 /opt/st/stm32cubeide_1.9.0/plugins/com.st.stm32cube.ide.mcu.externaltools.gnu-tools-for-stm32.10.3-2021.10.linux64_1.0.0.202111181127/tools/bin/../lib/gcc/arm-none-eabi/10.3.1/../../../../arm-none-eabi/lib/thumb/v7e-m+fp/hard/libc_nano.a(lib_a-nano-freer.o)
                0x0000000008004290                _free_r
 .text._read_r  0x0000000008004328       0x24 /opt/st/stm32cubeide_1.9.0/plugins/com.st.stm32cube.ide.mcu.externaltools.gnu-tools-for-stm32.10.3-2021.10.linux64_1.0.0.202111181127/tools/bin/../lib/gcc/arm-none-eabi/10.3.1/../../../../arm-none-eabi/lib/thumb/v7e-m+fp/hard/libc_nano.a(lib_a-readr.o)
                0x0000000008004328                _read_r
 *(.glue_7)
 .glue_7        0x000000000800434c        0x0 linker stubs
 *(.glue_7t)
 .glue_7t       0x000000000800434c        0x0 linker stubs
 *(.eh_frame)
 .eh_frame      0x000000000800434c        0x0 /opt/st/stm32cubeide_1.9.0/plugins/com.st.stm32cube.ide.mcu.externaltools.gnu-tools-for-stm32.10.3-2021.10.linux64_1.0.0.202111181127/tools/bin/../lib/gcc/arm-none-eabi/10.3.1/thumb/v7e-m+fp/hard/crtbegin.o
 *(.init)
 .init          0x000000000800434c        0x4 /opt/st/stm32cubeide_1.9.0/plugins/com.st.stm32cube.ide.mcu.externaltools.gnu-tools-for-stm32.10.3-2021.10.linux64_1.0.0.202111181127/tools/bin/../lib/gcc/arm-none-eabi/10.3.1/thumb/v7e-m+fp/hard/crti.o
                0x000000000800434c                _init
 .init          0x0000000008004350        0x8 /opt/st/stm32cubeide_1.9.0/plugins/com.st.stm32cube.ide.mcu.externaltools.gnu-tools-for-stm32.10.3-2021.10.linux64_1.0.0.202111181127/tools/bin/../lib/gcc/arm-none-eabi/10.3.1/thumb/v7e-m+fp/hard/crtn.o
 *(.fini)
 .fini          0x0000000008004358        0x4 /opt/st/stm32cubeide_1.9.0/plugins/com.st.stm32cube.ide.mcu.externaltools.gnu-tools-for-stm32.10.3-2021.10.linux64_1.0.0.202111181127/tools/bin/../lib/gcc/arm-none-eabi/10.3.1/thumb/v7e-m+fp/hard/crti.o
                0x0000000008004358                _fini
 .fini          0x000000000800435c        0x8 /opt/st/stm32cubeide_1.9.0/plugins/com.st.stm32cube.ide.mcu.externaltools.gnu-tools-for-stm32.10.3-2021.10.linux64_1.0.0.202111181127/tools/bin/../lib/gcc/arm-none-eabi/10.3.1/thumb/v7e-m+fp/hard/crtn.o
                0x0000000008004364                . = ALIGN (0x4)
                0x0000000008004364                _etext = .

.vfp11_veneer   0x0000000008004364        0x0
 .vfp11_veneer  0x0000000008004364        0x0 linker stubs

.v4_bx          0x0000000008004364        0x0
 .v4_bx         0x0000000008004364        0x0 linker stubs

.iplt           0x0000000008004364        0x0
 .iplt          0x0000000008004364        0x0 /opt/st/stm32cubeide_1.9.0/plugins/com.st.stm32cube.ide.mcu.externaltools.gnu-tools-for-stm32.10.3-2021.10.linux64_1.0.0.202111181127/tools/bin/../lib/gcc/arm-none-eabi/10.3.1/thumb/v7e-m+fp/hard/crtbegin.o

.rodata         0x0000000008004364       0x98
                0x0000000008004364                . = ALIGN (0x4)
 *(.rodata)
 *(.rodata*)
 .rodata.AHBPrescTable
                0x0000000008004364       0x10 ./Core/Src/system_stm32f4xx.o
                0x0000000008004364                AHBPrescTable
 .rodata.APBPrescTable
                0x0000000008004374        0x8 ./Core/Src/system_stm32f4xx.o
                0x0000000008004374                APBPrescTable
 .rodata._get_semihosting_exts.str1.1
                0x000000000800437c       0x16 /opt/st/stm32cubeide_1.9.0/plugins/com.st.stm32cube.ide.mcu.externaltools.gnu-tools-for-stm32.10.3-2021.10.linux64_1.0.0.202111181127/tools/bin/../lib/gcc/arm-none-eabi/10.3.1/../../../../arm-none-eabi/lib/thumb/v7e-m+fp/hard/librdimon_nano.a(rdimon-syscalls.o)
 .rodata.initialise_monitor_handles.str1.1
                0x0000000008004392        0x4 /opt/st/stm32cubeide_1.9.0/plugins/com.st.stm32cube.ide.mcu.externaltools.gnu-tools-for-stm32.10.3-2021.10.linux64_1.0.0.202111181127/tools/bin/../lib/gcc/arm-none-eabi/10.3.1/../../../../arm-none-eabi/lib/thumb/v7e-m+fp/hard/librdimon_nano.a(rdimon-syscalls.o)
 *fill*         0x0000000008004396        0x2 
 .rodata.__sf_fake_stderr
                0x0000000008004398       0x20 /opt/st/stm32cubeide_1.9.0/plugins/com.st.stm32cube.ide.mcu.externaltools.gnu-tools-for-stm32.10.3-2021.10.linux64_1.0.0.202111181127/tools/bin/../lib/gcc/arm-none-eabi/10.3.1/../../../../arm-none-eabi/lib/thumb/v7e-m+fp/hard/libc_nano.a(lib_a-findfp.o)
                0x0000000008004398                __sf_fake_stderr
 .rodata.__sf_fake_stdin
                0x00000000080043b8       0x20 /opt/st/stm32cubeide_1.9.0/plugins/com.st.stm32cube.ide.mcu.externaltools.gnu-tools-for-stm32.10.3-2021.10.linux64_1.0.0.202111181127/tools/bin/../lib/gcc/arm-none-eabi/10.3.1/../../../../arm-none-eabi/lib/thumb/v7e-m+fp/hard/libc_nano.a(lib_a-findfp.o)
                0x00000000080043b8                __sf_fake_stdin
 .rodata.__sf_fake_stdout
                0x00000000080043d8       0x20 /opt/st/stm32cubeide_1.9.0/plugins/com.st.stm32cube.ide.mcu.externaltools.gnu-tools-for-stm32.10.3-2021.10.linux64_1.0.0.202111181127/tools/bin/../lib/gcc/arm-none-eabi/10.3.1/../../../../arm-none-eabi/lib/thumb/v7e-m+fp/hard/libc_nano.a(lib_a-findfp.o)
                0x00000000080043d8                __sf_fake_stdout
 .rodata._global_impure_ptr
                0x00000000080043f8        0x4 /opt/st/stm32cubeide_1.9.0/plugins/com.st.stm32cube.ide.mcu.externaltools.gnu-tools-for-stm32.10.3-2021.10.linux64_1.0.0.202111181127/tools/bin/../lib/gcc/arm-none-eabi/10.3.1/../../../../arm-none-eabi/lib/thumb/v7e-m+fp/hard/libc_nano.a(lib_a-impure.o)
                0x00000000080043f8                _global_impure_ptr
                0x00000000080043fc                . = ALIGN (0x4)

.ARM.extab      0x00000000080043fc        0x0
                0x00000000080043fc                . = ALIGN (0x4)
 *(.ARM.extab* .gnu.linkonce.armextab.*)
                0x00000000080043fc                . = ALIGN (0x4)

.ARM            0x00000000080043fc        0x8
                0x00000000080043fc                . = ALIGN (0x4)
                0x00000000080043fc                __exidx_start = .
 *(.ARM.exidx*)
 .ARM.exidx     0x00000000080043fc        0x8 /opt/st/stm32cubeide_1.9.0/plugins/com.st.stm32cube.ide.mcu.externaltools.gnu-tools-for-stm32.10.3-2021.10.linux64_1.0.0.202111181127/tools/bin/../lib/gcc/arm-none-eabi/10.3.1/thumb/v7e-m+fp/hard/libgcc.a(_udivmoddi4.o)
                0x0000000008004404                __exidx_end = .
                0x0000000008004404                . = ALIGN (0x4)

.rel.dyn        0x0000000008004404        0x0
 .rel.iplt      0x0000000008004404        0x0 /opt/st/stm32cubeide_1.9.0/plugins/com.st.stm32cube.ide.mcu.externaltools.gnu-tools-for-stm32.10.3-2021.10.linux64_1.0.0.202111181127/tools/bin/../lib/gcc/arm-none-eabi/10.3.1/thumb/v7e-m+fp/hard/crtbegin.o

.preinit_array  0x0000000008004404        0x0
                0x0000000008004404                . = ALIGN (0x4)
                0x0000000008004404                PROVIDE (__preinit_array_start = .)
 *(.preinit_array*)
                0x0000000008004404                PROVIDE (__preinit_array_end = .)
                0x0000000008004404                . = ALIGN (0x4)

.init_array     0x0000000008004404        0x4
                0x0000000008004404                . = ALIGN (0x4)
                0x0000000008004404                PROVIDE (__init_array_start = .)
 *(SORT_BY_NAME(.init_array.*))
 *(.init_array*)
 .init_array    0x0000000008004404        0x4 /opt/st/stm32cubeide_1.9.0/plugins/com.st.stm32cube.ide.mcu.externaltools.gnu-tools-for-stm32.10.3-2021.10.linux64_1.0.0.202111181127/tools/bin/../lib/gcc/arm-none-eabi/10.3.1/thumb/v7e-m+fp/hard/crtbegin.o
                0x0000000008004408                PROVIDE (__init_array_end = .)
                0x0000000008004408                . = ALIGN (0x4)

.fini_array     0x0000000008004408        0x4
                0x0000000008004408                . = ALIGN (0x4)
                [!provide]                        PROVIDE (__fini_array_start = .)
 *(SORT_BY_NAME(.fini_array.*))
 *(.fini_array*)
 .fini_array    0x0000000008004408        0x4 /opt/st/stm32cubeide_1.9.0/plugins/com.st.stm32cube.ide.mcu.externaltools.gnu-tools-for-stm32.10.3-2021.10.linux64_1.0.0.202111181127/tools/bin/../lib/gcc/arm-none-eabi/10.3.1/thumb/v7e-m+fp/hard/crtbegin.o
                [!provide]                        PROVIDE (__fini_array_end = .)
                0x000000000800440c                . = ALIGN (0x4)
                0x000000000800440c                _sidata = LOADADDR (.data)

.data           0x0000000020000000       0xd8 load address 0x000000000800440c
                0x0000000020000000                . = ALIGN (0x4)
                0x0000000020000000                _sdata = .
 *(.data)
 *(.data*)
 .data.newline  0x0000000020000000        0x3 ./Core/Src/main.o
                0x0000000020000000                newline
 *fill*         0x0000000020000003        0x1 
 .data.confirmation_message
                0x0000000020000004       0x27 ./Core/Src/main.o
                0x0000000020000004                confirmation_message
 *fill*         0x000000002000002b        0x1 
 .data.interruptions_on_message
                0x000000002000002c       0x11 ./Core/Src/main.o
                0x000000002000002c                interruptions_on_message
 *fill*         0x000000002000003d        0x3 
 .data.interruptions_off_message
                0x0000000020000040       0x12 ./Core/Src/main.o
                0x0000000020000040                interruptions_off_message
 *fill*         0x0000000020000052        0x2 
 .data.code     0x0000000020000054        0x8 ./Core/Src/main.o
                0x0000000020000054                code
 .data.code_length
                0x000000002000005c        0x1 ./Core/Src/main.o
                0x000000002000005c                code_length
 *fill*         0x000000002000005d        0x3 
 .data.SystemCoreClock
                0x0000000020000060        0x4 ./Core/Src/system_stm32f4xx.o
                0x0000000020000060                SystemCoreClock
 .data.uwTickPrio
                0x0000000020000064        0x4 ./Drivers/STM32F4xx_HAL_Driver/Src/stm32f4xx_hal.o
                0x0000000020000064                uwTickPrio
 .data.uwTickFreq
                0x0000000020000068        0x1 ./Drivers/STM32F4xx_HAL_Driver/Src/stm32f4xx_hal.o
                0x0000000020000068                uwTickFreq
 *fill*         0x0000000020000069        0x3 
 .data.supports_ext_exit_extended
                0x000000002000006c        0x4 /opt/st/stm32cubeide_1.9.0/plugins/com.st.stm32cube.ide.mcu.externaltools.gnu-tools-for-stm32.10.3-2021.10.linux64_1.0.0.202111181127/tools/bin/../lib/gcc/arm-none-eabi/10.3.1/../../../../arm-none-eabi/lib/thumb/v7e-m+fp/hard/librdimon_nano.a(rdimon-syscalls.o)
 .data.supports_ext_stdout_stderr
                0x0000000020000070        0x4 /opt/st/stm32cubeide_1.9.0/plugins/com.st.stm32cube.ide.mcu.externaltools.gnu-tools-for-stm32.10.3-2021.10.linux64_1.0.0.202111181127/tools/bin/../lib/gcc/arm-none-eabi/10.3.1/../../../../arm-none-eabi/lib/thumb/v7e-m+fp/hard/librdimon_nano.a(rdimon-syscalls.o)
 .data._impure_ptr
                0x0000000020000074        0x4 /opt/st/stm32cubeide_1.9.0/plugins/com.st.stm32cube.ide.mcu.externaltools.gnu-tools-for-stm32.10.3-2021.10.linux64_1.0.0.202111181127/tools/bin/../lib/gcc/arm-none-eabi/10.3.1/../../../../arm-none-eabi/lib/thumb/v7e-m+fp/hard/libc_nano.a(lib_a-impure.o)
                0x0000000020000074                _impure_ptr
 .data.impure_data
                0x0000000020000078       0x60 /opt/st/stm32cubeide_1.9.0/plugins/com.st.stm32cube.ide.mcu.externaltools.gnu-tools-for-stm32.10.3-2021.10.linux64_1.0.0.202111181127/tools/bin/../lib/gcc/arm-none-eabi/10.3.1/../../../../arm-none-eabi/lib/thumb/v7e-m+fp/hard/libc_nano.a(lib_a-impure.o)
 *(.RamFunc)
 *(.RamFunc*)
                0x00000000200000d8                . = ALIGN (0x4)
                0x00000000200000d8                _edata = .
                0x00000000080044e4                _siccmram = LOADADDR (.ccmram)

.igot.plt       0x00000000200000d8        0x0 load address 0x00000000080044e4
 .igot.plt      0x00000000200000d8        0x0 /opt/st/stm32cubeide_1.9.0/plugins/com.st.stm32cube.ide.mcu.externaltools.gnu-tools-for-stm32.10.3-2021.10.linux64_1.0.0.202111181127/tools/bin/../lib/gcc/arm-none-eabi/10.3.1/thumb/v7e-m+fp/hard/crtbegin.o

.ccmram         0x0000000010000000        0x0 load address 0x00000000080044e4
                0x0000000010000000                . = ALIGN (0x4)
                0x0000000010000000                _sccmram = .
 *(.ccmram)
 *(.ccmram*)
                0x0000000010000000                . = ALIGN (0x4)
                0x0000000010000000                _eccmram = .
                0x0000000010000000                . = ALIGN (0x4)

.bss            0x00000000200000d8      0x954
                0x00000000200000d8                _sbss = .
                0x00000000200000d8                __bss_start__ = _sbss
 *(.bss)
 .bss           0x00000000200000d8       0x1c /opt/st/stm32cubeide_1.9.0/plugins/com.st.stm32cube.ide.mcu.externaltools.gnu-tools-for-stm32.10.3-2021.10.linux64_1.0.0.202111181127/tools/bin/../lib/gcc/arm-none-eabi/10.3.1/thumb/v7e-m+fp/hard/crtbegin.o
 *(.bss*)
 .bss.code_ptr  0x00000000200000f4        0x1 ./Core/Src/main.o
                0x00000000200000f4                code_ptr
 *fill*         0x00000000200000f5        0x3 
 .bss.new_code  0x00000000200000f8        0x8 ./Core/Src/main.o
                0x00000000200000f8                new_code
 .bss.new_code_ptr
                0x0000000020000100        0x1 ./Core/Src/main.o
                0x0000000020000100                new_code_ptr
 .bss.failed_attempts_cnt
                0x0000000020000101        0x1 ./Core/Src/main.o
                0x0000000020000101                failed_attempts_cnt
 *fill*         0x0000000020000102        0x2 
 .bss.last_input_time
                0x0000000020000104        0x4 ./Core/Src/main.o
                0x0000000020000104                last_input_time
 .bss.cur_char  0x0000000020000108        0x1 ./Core/Src/main.o
                0x0000000020000108                cur_char
 *fill*         0x0000000020000109        0x3 
 .bss.button_state
                0x000000002000010c        0x8 ./Core/Src/main.o
                0x000000002000010c                button_state
 .bss.interruptions_enabled
                0x0000000020000114        0x1 ./Core/Src/main.o
                0x0000000020000114                interruptions_enabled
 .bss.transmit_busy
                0x0000000020000115        0x1 ./Core/Src/main.o
                0x0000000020000115                transmit_busy
 .bss.receive_busy
                0x0000000020000116        0x1 ./Core/Src/main.o
                0x0000000020000116                receive_busy
 *fill*         0x0000000020000117        0x1 
 .bss.receive_buffer
                0x0000000020000118      0x403 ./Core/Src/main.o
                0x0000000020000118                receive_buffer
 *fill*         0x000000002000051b        0x1 
 .bss.transmit_buffer
                0x000000002000051c      0x403 ./Core/Src/main.o
                0x000000002000051c                transmit_buffer
 *fill*         0x000000002000091f        0x1 
 .bss.buf_char  0x0000000020000920        0x2 ./Core/Src/main.o
                0x0000000020000920                buf_char
 .bss.mode      0x0000000020000922        0x1 ./Core/Src/main.o
                0x0000000020000922                mode
 *fill*         0x0000000020000923        0x1 
 .bss.__sbrk_heap_end
                0x0000000020000924        0x4 ./Core/Src/sysmem.o
 .bss.huart6    0x0000000020000928       0x44 ./Core/Src/usart.o
                0x0000000020000928                huart6
 .bss.uwTick    0x000000002000096c        0x4 ./Drivers/STM32F4xx_HAL_Driver/Src/stm32f4xx_hal.o
                0x000000002000096c                uwTick
 .bss.monitor_stderr
                0x0000000020000970        0x4 /opt/st/stm32cubeide_1.9.0/plugins/com.st.stm32cube.ide.mcu.externaltools.gnu-tools-for-stm32.10.3-2021.10.linux64_1.0.0.202111181127/tools/bin/../lib/gcc/arm-none-eabi/10.3.1/../../../../arm-none-eabi/lib/thumb/v7e-m+fp/hard/librdimon_nano.a(rdimon-syscalls.o)
 .bss.monitor_stdin
                0x0000000020000974        0x4 /opt/st/stm32cubeide_1.9.0/plugins/com.st.stm32cube.ide.mcu.externaltools.gnu-tools-for-stm32.10.3-2021.10.linux64_1.0.0.202111181127/tools/bin/../lib/gcc/arm-none-eabi/10.3.1/../../../../arm-none-eabi/lib/thumb/v7e-m+fp/hard/librdimon_nano.a(rdimon-syscalls.o)
 .bss.monitor_stdout
                0x0000000020000978        0x4 /opt/st/stm32cubeide_1.9.0/plugins/com.st.stm32cube.ide.mcu.externaltools.gnu-tools-for-stm32.10.3-2021.10.linux64_1.0.0.202111181127/tools/bin/../lib/gcc/arm-none-eabi/10.3.1/../../../../arm-none-eabi/lib/thumb/v7e-m+fp/hard/librdimon_nano.a(rdimon-syscalls.o)
 .bss.openfiles
                0x000000002000097c       0xa0 /opt/st/stm32cubeide_1.9.0/plugins/com.st.stm32cube.ide.mcu.externaltools.gnu-tools-for-stm32.10.3-2021.10.linux64_1.0.0.202111181127/tools/bin/../lib/gcc/arm-none-eabi/10.3.1/../../../../arm-none-eabi/lib/thumb/v7e-m+fp/hard/librdimon_nano.a(rdimon-syscalls.o)
 .bss.__lock___malloc_recursive_mutex
                0x0000000020000a1c        0x1 /opt/st/stm32cubeide_1.9.0/plugins/com.st.stm32cube.ide.mcu.externaltools.gnu-tools-for-stm32.10.3-2021.10.linux64_1.0.0.202111181127/tools/bin/../lib/gcc/arm-none-eabi/10.3.1/../../../../arm-none-eabi/lib/thumb/v7e-m+fp/hard/libc_nano.a(lib_a-lock.o)
                0x0000000020000a1c                __lock___malloc_recursive_mutex
 .bss.__lock___sfp_recursive_mutex
                0x0000000020000a1d        0x1 /opt/st/stm32cubeide_1.9.0/plugins/com.st.stm32cube.ide.mcu.externaltools.gnu-tools-for-stm32.10.3-2021.10.linux64_1.0.0.202111181127/tools/bin/../lib/gcc/arm-none-eabi/10.3.1/../../../../arm-none-eabi/lib/thumb/v7e-m+fp/hard/libc_nano.a(lib_a-lock.o)
                0x0000000020000a1d                __lock___sfp_recursive_mutex
 .bss.__lock___sinit_recursive_mutex
                0x0000000020000a1e        0x1 /opt/st/stm32cubeide_1.9.0/plugins/com.st.stm32cube.ide.mcu.externaltools.gnu-tools-for-stm32.10.3-2021.10.linux64_1.0.0.202111181127/tools/bin/../lib/gcc/arm-none-eabi/10.3.1/../../../../arm-none-eabi/lib/thumb/v7e-m+fp/hard/libc_nano.a(lib_a-lock.o)
                0x0000000020000a1e                __lock___sinit_recursive_mutex
 *fill*         0x0000000020000a1f        0x1 
 .bss.__malloc_free_list
                0x0000000020000a20        0x4 /opt/st/stm32cubeide_1.9.0/plugins/com.st.stm32cube.ide.mcu.externaltools.gnu-tools-for-stm32.10.3-2021.10.linux64_1.0.0.202111181127/tools/bin/../lib/gcc/arm-none-eabi/10.3.1/../../../../arm-none-eabi/lib/thumb/v7e-m+fp/hard/libc_nano.a(lib_a-nano-mallocr.o)
                0x0000000020000a20                __malloc_free_list
 .bss.__malloc_sbrk_start
                0x0000000020000a24        0x4 /opt/st/stm32cubeide_1.9.0/plugins/com.st.stm32cube.ide.mcu.externaltools.gnu-tools-for-stm32.10.3-2021.10.linux64_1.0.0.202111181127/tools/bin/../lib/gcc/arm-none-eabi/10.3.1/../../../../arm-none-eabi/lib/thumb/v7e-m+fp/hard/libc_nano.a(lib_a-nano-mallocr.o)
                0x0000000020000a24                __malloc_sbrk_start
 .bss.errno     0x0000000020000a28        0x4 /opt/st/stm32cubeide_1.9.0/plugins/com.st.stm32cube.ide.mcu.externaltools.gnu-tools-for-stm32.10.3-2021.10.linux64_1.0.0.202111181127/tools/bin/../lib/gcc/arm-none-eabi/10.3.1/../../../../arm-none-eabi/lib/thumb/v7e-m+fp/hard/libc_nano.a(lib_a-reent.o)
                0x0000000020000a28                errno
 *(COMMON)
                0x0000000020000a2c                . = ALIGN (0x4)
                0x0000000020000a2c                _ebss = .
                0x0000000020000a2c                __bss_end__ = _ebss

._user_heap_stack
                0x0000000020000a2c      0x604
                0x0000000020000a30                . = ALIGN (0x8)
 *fill*         0x0000000020000a2c        0x4 
                0x0000000020000a30                PROVIDE (end = .)
                0x0000000020000a30                PROVIDE (_end = .)
                0x0000000020000c30                . = (. + _Min_Heap_Size)
 *fill*         0x0000000020000a30      0x200 
                0x0000000020001030                . = (. + _Min_Stack_Size)
 *fill*         0x0000000020000c30      0x400 
                0x0000000020001030                . = ALIGN (0x8)

/DISCARD/
 libc.a(*)
 libm.a(*)
 libgcc.a(*)

.ARM.attributes
                0x0000000000000000       0x30
 *(.ARM.attributes)
 .ARM.attributes
                0x0000000000000000       0x1e /opt/st/stm32cubeide_1.9.0/plugins/com.st.stm32cube.ide.mcu.externaltools.gnu-tools-for-stm32.10.3-2021.10.linux64_1.0.0.202111181127/tools/bin/../lib/gcc/arm-none-eabi/10.3.1/thumb/v7e-m+fp/hard/crti.o
 .ARM.attributes
                0x000000000000001e       0x34 /opt/st/stm32cubeide_1.9.0/plugins/com.st.stm32cube.ide.mcu.externaltools.gnu-tools-for-stm32.10.3-2021.10.linux64_1.0.0.202111181127/tools/bin/../lib/gcc/arm-none-eabi/10.3.1/thumb/v7e-m+fp/hard/crtbegin.o
 .ARM.attributes
                0x0000000000000052       0x34 ./Core/Src/gpio.o
 .ARM.attributes
                0x0000000000000086       0x34 ./Core/Src/main.o
 .ARM.attributes
                0x00000000000000ba       0x34 ./Core/Src/stm32f4xx_hal_msp.o
 .ARM.attributes
                0x00000000000000ee       0x34 ./Core/Src/stm32f4xx_it.o
 .ARM.attributes
                0x0000000000000122       0x34 ./Core/Src/sysmem.o
 .ARM.attributes
                0x0000000000000156       0x34 ./Core/Src/system_stm32f4xx.o
 .ARM.attributes
                0x000000000000018a       0x34 ./Core/Src/usart.o
 .ARM.attributes
                0x00000000000001be       0x21 ./Core/Startup/startup_stm32f427vitx.o
 .ARM.attributes
                0x00000000000001df       0x34 ./Drivers/STM32F4xx_HAL_Driver/Src/stm32f4xx_hal.o
 .ARM.attributes
                0x0000000000000213       0x34 ./Drivers/STM32F4xx_HAL_Driver/Src/stm32f4xx_hal_cortex.o
 .ARM.attributes
                0x0000000000000247       0x34 ./Drivers/STM32F4xx_HAL_Driver/Src/stm32f4xx_hal_dma.o
 .ARM.attributes
                0x000000000000027b       0x34 ./Drivers/STM32F4xx_HAL_Driver/Src/stm32f4xx_hal_gpio.o
 .ARM.attributes
                0x00000000000002af       0x34 ./Drivers/STM32F4xx_HAL_Driver/Src/stm32f4xx_hal_pwr_ex.o
 .ARM.attributes
                0x00000000000002e3       0x34 ./Drivers/STM32F4xx_HAL_Driver/Src/stm32f4xx_hal_rcc.o
 .ARM.attributes
                0x0000000000000317       0x34 ./Drivers/STM32F4xx_HAL_Driver/Src/stm32f4xx_hal_uart.o
 .ARM.attributes
                0x000000000000034b       0x34 /opt/st/stm32cubeide_1.9.0/plugins/com.st.stm32cube.ide.mcu.externaltools.gnu-tools-for-stm32.10.3-2021.10.linux64_1.0.0.202111181127/tools/bin/../lib/gcc/arm-none-eabi/10.3.1/../../../../arm-none-eabi/lib/thumb/v7e-m+fp/hard/librdimon_nano.a(rdimon-syscalls.o)
 .ARM.attributes
                0x000000000000037f       0x34 /opt/st/stm32cubeide_1.9.0/plugins/com.st.stm32cube.ide.mcu.externaltools.gnu-tools-for-stm32.10.3-2021.10.linux64_1.0.0.202111181127/tools/bin/../lib/gcc/arm-none-eabi/10.3.1/../../../../arm-none-eabi/lib/thumb/v7e-m+fp/hard/libc_nano.a(lib_a-errno.o)
 .ARM.attributes
                0x00000000000003b3       0x34 /opt/st/stm32cubeide_1.9.0/plugins/com.st.stm32cube.ide.mcu.externaltools.gnu-tools-for-stm32.10.3-2021.10.linux64_1.0.0.202111181127/tools/bin/../lib/gcc/arm-none-eabi/10.3.1/../../../../arm-none-eabi/lib/thumb/v7e-m+fp/hard/libc_nano.a(lib_a-findfp.o)
 .ARM.attributes
                0x00000000000003e7       0x34 /opt/st/stm32cubeide_1.9.0/plugins/com.st.stm32cube.ide.mcu.externaltools.gnu-tools-for-stm32.10.3-2021.10.linux64_1.0.0.202111181127/tools/bin/../lib/gcc/arm-none-eabi/10.3.1/../../../../arm-none-eabi/lib/thumb/v7e-m+fp/hard/libc_nano.a(lib_a-fwalk.o)
 .ARM.attributes
                0x000000000000041b       0x34 /opt/st/stm32cubeide_1.9.0/plugins/com.st.stm32cube.ide.mcu.externaltools.gnu-tools-for-stm32.10.3-2021.10.linux64_1.0.0.202111181127/tools/bin/../lib/gcc/arm-none-eabi/10.3.1/../../../../arm-none-eabi/lib/thumb/v7e-m+fp/hard/libc_nano.a(lib_a-impure.o)
 .ARM.attributes
                0x000000000000044f       0x34 /opt/st/stm32cubeide_1.9.0/plugins/com.st.stm32cube.ide.mcu.externaltools.gnu-tools-for-stm32.10.3-2021.10.linux64_1.0.0.202111181127/tools/bin/../lib/gcc/arm-none-eabi/10.3.1/../../../../arm-none-eabi/lib/thumb/v7e-m+fp/hard/libc_nano.a(lib_a-init.o)
 .ARM.attributes
                0x0000000000000483       0x34 /opt/st/stm32cubeide_1.9.0/plugins/com.st.stm32cube.ide.mcu.externaltools.gnu-tools-for-stm32.10.3-2021.10.linux64_1.0.0.202111181127/tools/bin/../lib/gcc/arm-none-eabi/10.3.1/../../../../arm-none-eabi/lib/thumb/v7e-m+fp/hard/libc_nano.a(lib_a-lock.o)
 .ARM.attributes
                0x00000000000004b7       0x34 /opt/st/stm32cubeide_1.9.0/plugins/com.st.stm32cube.ide.mcu.externaltools.gnu-tools-for-stm32.10.3-2021.10.linux64_1.0.0.202111181127/tools/bin/../lib/gcc/arm-none-eabi/10.3.1/../../../../arm-none-eabi/lib/thumb/v7e-m+fp/hard/libc_nano.a(lib_a-memset.o)
 .ARM.attributes
                0x00000000000004eb       0x34 /opt/st/stm32cubeide_1.9.0/plugins/com.st.stm32cube.ide.mcu.externaltools.gnu-tools-for-stm32.10.3-2021.10.linux64_1.0.0.202111181127/tools/bin/../lib/gcc/arm-none-eabi/10.3.1/../../../../arm-none-eabi/lib/thumb/v7e-m+fp/hard/libc_nano.a(lib_a-nano-mallocr.o)
 .ARM.attributes
                0x000000000000051f       0x34 /opt/st/stm32cubeide_1.9.0/plugins/com.st.stm32cube.ide.mcu.externaltools.gnu-tools-for-stm32.10.3-2021.10.linux64_1.0.0.202111181127/tools/bin/../lib/gcc/arm-none-eabi/10.3.1/../../../../arm-none-eabi/lib/thumb/v7e-m+fp/hard/libc_nano.a(lib_a-sbrkr.o)
 .ARM.attributes
                0x0000000000000553       0x34 /opt/st/stm32cubeide_1.9.0/plugins/com.st.stm32cube.ide.mcu.externaltools.gnu-tools-for-stm32.10.3-2021.10.linux64_1.0.0.202111181127/tools/bin/../lib/gcc/arm-none-eabi/10.3.1/../../../../arm-none-eabi/lib/thumb/v7e-m+fp/hard/libc_nano.a(lib_a-stdio.o)
 .ARM.attributes
                0x0000000000000587       0x34 /opt/st/stm32cubeide_1.9.0/plugins/com.st.stm32cube.ide.mcu.externaltools.gnu-tools-for-stm32.10.3-2021.10.linux64_1.0.0.202111181127/tools/bin/../lib/gcc/arm-none-eabi/10.3.1/../../../../arm-none-eabi/lib/thumb/v7e-m+fp/hard/libc_nano.a(lib_a-strcpy.o)
 .ARM.attributes
                0x00000000000005bb       0x17 /opt/st/stm32cubeide_1.9.0/plugins/com.st.stm32cube.ide.mcu.externaltools.gnu-tools-for-stm32.10.3-2021.10.linux64_1.0.0.202111181127/tools/bin/../lib/gcc/arm-none-eabi/10.3.1/../../../../arm-none-eabi/lib/thumb/v7e-m+fp/hard/libc_nano.a(lib_a-strlen.o)
 .ARM.attributes
                0x00000000000005d2       0x34 /opt/st/stm32cubeide_1.9.0/plugins/com.st.stm32cube.ide.mcu.externaltools.gnu-tools-for-stm32.10.3-2021.10.linux64_1.0.0.202111181127/tools/bin/../lib/gcc/arm-none-eabi/10.3.1/../../../../arm-none-eabi/lib/thumb/v7e-m+fp/hard/libc_nano.a(lib_a-writer.o)
 .ARM.attributes
                0x0000000000000606       0x34 /opt/st/stm32cubeide_1.9.0/plugins/com.st.stm32cube.ide.mcu.externaltools.gnu-tools-for-stm32.10.3-2021.10.linux64_1.0.0.202111181127/tools/bin/../lib/gcc/arm-none-eabi/10.3.1/../../../../arm-none-eabi/lib/thumb/v7e-m+fp/hard/libc_nano.a(lib_a-closer.o)
 .ARM.attributes
                0x000000000000063a       0x34 /opt/st/stm32cubeide_1.9.0/plugins/com.st.stm32cube.ide.mcu.externaltools.gnu-tools-for-stm32.10.3-2021.10.linux64_1.0.0.202111181127/tools/bin/../lib/gcc/arm-none-eabi/10.3.1/../../../../arm-none-eabi/lib/thumb/v7e-m+fp/hard/libc_nano.a(lib_a-fflush.o)
 .ARM.attributes
                0x000000000000066e       0x34 /opt/st/stm32cubeide_1.9.0/plugins/com.st.stm32cube.ide.mcu.externaltools.gnu-tools-for-stm32.10.3-2021.10.linux64_1.0.0.202111181127/tools/bin/../lib/gcc/arm-none-eabi/10.3.1/../../../../arm-none-eabi/lib/thumb/v7e-m+fp/hard/libc_nano.a(lib_a-lseekr.o)
 .ARM.attributes
                0x00000000000006a2       0x34 /opt/st/stm32cubeide_1.9.0/plugins/com.st.stm32cube.ide.mcu.externaltools.gnu-tools-for-stm32.10.3-2021.10.linux64_1.0.0.202111181127/tools/bin/../lib/gcc/arm-none-eabi/10.3.1/../../../../arm-none-eabi/lib/thumb/v7e-m+fp/hard/libc_nano.a(lib_a-mlock.o)
 .ARM.attributes
                0x00000000000006d6       0x34 /opt/st/stm32cubeide_1.9.0/plugins/com.st.stm32cube.ide.mcu.externaltools.gnu-tools-for-stm32.10.3-2021.10.linux64_1.0.0.202111181127/tools/bin/../lib/gcc/arm-none-eabi/10.3.1/../../../../arm-none-eabi/lib/thumb/v7e-m+fp/hard/libc_nano.a(lib_a-nano-freer.o)
 .ARM.attributes
                0x000000000000070a       0x34 /opt/st/stm32cubeide_1.9.0/plugins/com.st.stm32cube.ide.mcu.externaltools.gnu-tools-for-stm32.10.3-2021.10.linux64_1.0.0.202111181127/tools/bin/../lib/gcc/arm-none-eabi/10.3.1/../../../../arm-none-eabi/lib/thumb/v7e-m+fp/hard/libc_nano.a(lib_a-readr.o)
 .ARM.attributes
                0x000000000000073e       0x34 /opt/st/stm32cubeide_1.9.0/plugins/com.st.stm32cube.ide.mcu.externaltools.gnu-tools-for-stm32.10.3-2021.10.linux64_1.0.0.202111181127/tools/bin/../lib/gcc/arm-none-eabi/10.3.1/../../../../arm-none-eabi/lib/thumb/v7e-m+fp/hard/libc_nano.a(lib_a-reent.o)
 .ARM.attributes
                0x0000000000000772       0x1e /opt/st/stm32cubeide_1.9.0/plugins/com.st.stm32cube.ide.mcu.externaltools.gnu-tools-for-stm32.10.3-2021.10.linux64_1.0.0.202111181127/tools/bin/../lib/gcc/arm-none-eabi/10.3.1/thumb/v7e-m+fp/hard/libgcc.a(_aeabi_uldivmod.o)
 .ARM.attributes
                0x0000000000000790       0x34 /opt/st/stm32cubeide_1.9.0/plugins/com.st.stm32cube.ide.mcu.externaltools.gnu-tools-for-stm32.10.3-2021.10.linux64_1.0.0.202111181127/tools/bin/../lib/gcc/arm-none-eabi/10.3.1/thumb/v7e-m+fp/hard/libgcc.a(_udivmoddi4.o)
 .ARM.attributes
                0x00000000000007c4       0x1e /opt/st/stm32cubeide_1.9.0/plugins/com.st.stm32cube.ide.mcu.externaltools.gnu-tools-for-stm32.10.3-2021.10.linux64_1.0.0.202111181127/tools/bin/../lib/gcc/arm-none-eabi/10.3.1/thumb/v7e-m+fp/hard/libgcc.a(_dvmd_tls.o)
 .ARM.attributes
                0x00000000000007e2       0x1e /opt/st/stm32cubeide_1.9.0/plugins/com.st.stm32cube.ide.mcu.externaltools.gnu-tools-for-stm32.10.3-2021.10.linux64_1.0.0.202111181127/tools/bin/../lib/gcc/arm-none-eabi/10.3.1/thumb/v7e-m+fp/hard/crtn.o
OUTPUT(lab-2.elf elf32-littlearm)
LOAD linker stubs
LOAD /opt/st/stm32cubeide_1.9.0/plugins/com.st.stm32cube.ide.mcu.externaltools.gnu-tools-for-stm32.10.3-2021.10.linux64_1.0.0.202111181127/tools/bin/../lib/gcc/arm-none-eabi/10.3.1/../../../../arm-none-eabi/lib/thumb/v7e-m+fp/hard/libc.a
LOAD /opt/st/stm32cubeide_1.9.0/plugins/com.st.stm32cube.ide.mcu.externaltools.gnu-tools-for-stm32.10.3-2021.10.linux64_1.0.0.202111181127/tools/bin/../lib/gcc/arm-none-eabi/10.3.1/../../../../arm-none-eabi/lib/thumb/v7e-m+fp/hard/libm.a
LOAD /opt/st/stm32cubeide_1.9.0/plugins/com.st.stm32cube.ide.mcu.externaltools.gnu-tools-for-stm32.10.3-2021.10.linux64_1.0.0.202111181127/tools/bin/../lib/gcc/arm-none-eabi/10.3.1/thumb/v7e-m+fp/hard/libgcc.a

.debug_info     0x0000000000000000     0xa0d0
 .debug_info    0x0000000000000000      0x2fe ./Core/Src/gpio.o
 .debug_info    0x00000000000002fe     0x1657 ./Core/Src/main.o
 .debug_info    0x0000000000001955      0x2c4 ./Core/Src/stm32f4xx_hal_msp.o
 .debug_info    0x0000000000001c19      0x665 ./Core/Src/stm32f4xx_it.o
 .debug_info    0x000000000000227e      0x171 ./Core/Src/sysmem.o
 .debug_info    0x00000000000023ef      0x53f ./Core/Src/system_stm32f4xx.o
 .debug_info    0x000000000000292e      0xc5a ./Core/Src/usart.o
 .debug_info    0x0000000000003588       0x22 ./Core/Startup/startup_stm32f427vitx.o
 .debug_info    0x00000000000035aa      0x9e8 ./Drivers/STM32F4xx_HAL_Driver/Src/stm32f4xx_hal.o
 .debug_info    0x0000000000003f92      0xe45 ./Drivers/STM32F4xx_HAL_Driver/Src/stm32f4xx_hal_cortex.o
 .debug_info    0x0000000000004dd7      0x94f ./Drivers/STM32F4xx_HAL_Driver/Src/stm32f4xx_hal_dma.o
 .debug_info    0x0000000000005726      0x786 ./Drivers/STM32F4xx_HAL_Driver/Src/stm32f4xx_hal_gpio.o
 .debug_info    0x0000000000005eac      0x6e6 ./Drivers/STM32F4xx_HAL_Driver/Src/stm32f4xx_hal_pwr_ex.o
 .debug_info    0x0000000000006592      0x982 ./Drivers/STM32F4xx_HAL_Driver/Src/stm32f4xx_hal_rcc.o
 .debug_info    0x0000000000006f14     0x31bc ./Drivers/STM32F4xx_HAL_Driver/Src/stm32f4xx_hal_uart.o

.debug_abbrev   0x0000000000000000     0x1bcd
 .debug_abbrev  0x0000000000000000       0xd4 ./Core/Src/gpio.o
 .debug_abbrev  0x00000000000000d4      0x42e ./Core/Src/main.o
 .debug_abbrev  0x0000000000000502       0xd4 ./Core/Src/stm32f4xx_hal_msp.o
 .debug_abbrev  0x00000000000005d6      0x166 ./Core/Src/stm32f4xx_it.o
 .debug_abbrev  0x000000000000073c       0xbb ./Core/Src/sysmem.o
 .debug_abbrev  0x00000000000007f7      0x116 ./Core/Src/system_stm32f4xx.o
 .debug_abbrev  0x000000000000090d      0x205 ./Core/Src/usart.o
 .debug_abbrev  0x0000000000000b12       0x12 ./Core/Startup/startup_stm32f427vitx.o
 .debug_abbrev  0x0000000000000b24      0x20d ./Drivers/STM32F4xx_HAL_Driver/Src/stm32f4xx_hal.o
 .debug_abbrev  0x0000000000000d31      0x316 ./Drivers/STM32F4xx_HAL_Driver/Src/stm32f4xx_hal_cortex.o
 .debug_abbrev  0x0000000000001047      0x25b ./Drivers/STM32F4xx_HAL_Driver/Src/stm32f4xx_hal_dma.o
 .debug_abbrev  0x00000000000012a2      0x1c4 ./Drivers/STM32F4xx_HAL_Driver/Src/stm32f4xx_hal_gpio.o
 .debug_abbrev  0x0000000000001466      0x1c9 ./Drivers/STM32F4xx_HAL_Driver/Src/stm32f4xx_hal_pwr_ex.o
 .debug_abbrev  0x000000000000162f      0x2aa ./Drivers/STM32F4xx_HAL_Driver/Src/stm32f4xx_hal_rcc.o
 .debug_abbrev  0x00000000000018d9      0x2f4 ./Drivers/STM32F4xx_HAL_Driver/Src/stm32f4xx_hal_uart.o

.debug_aranges  0x0000000000000000      0x7d8
 .debug_aranges
                0x0000000000000000       0x20 ./Core/Src/gpio.o
 .debug_aranges
                0x0000000000000020       0xa8 ./Core/Src/main.o
 .debug_aranges
                0x00000000000000c8       0x20 ./Core/Src/stm32f4xx_hal_msp.o
 .debug_aranges
                0x00000000000000e8       0x68 ./Core/Src/stm32f4xx_it.o
 .debug_aranges
                0x0000000000000150       0x20 ./Core/Src/sysmem.o
 .debug_aranges
                0x0000000000000170       0x28 ./Core/Src/system_stm32f4xx.o
 .debug_aranges
                0x0000000000000198       0x30 ./Core/Src/usart.o
 .debug_aranges
                0x00000000000001c8       0x28 ./Core/Startup/startup_stm32f427vitx.o
 .debug_aranges
                0x00000000000001f0      0x100 ./Drivers/STM32F4xx_HAL_Driver/Src/stm32f4xx_hal.o
 .debug_aranges
                0x00000000000002f0      0x118 ./Drivers/STM32F4xx_HAL_Driver/Src/stm32f4xx_hal_cortex.o
 .debug_aranges
                0x0000000000000408       0x90 ./Drivers/STM32F4xx_HAL_Driver/Src/stm32f4xx_hal_dma.o
 .debug_aranges
                0x0000000000000498       0x58 ./Drivers/STM32F4xx_HAL_Driver/Src/stm32f4xx_hal_gpio.o
 .debug_aranges
                0x00000000000004f0       0x60 ./Drivers/STM32F4xx_HAL_Driver/Src/stm32f4xx_hal_pwr_ex.o
 .debug_aranges
                0x0000000000000550       0x88 ./Drivers/STM32F4xx_HAL_Driver/Src/stm32f4xx_hal_rcc.o
 .debug_aranges
                0x00000000000005d8      0x200 ./Drivers/STM32F4xx_HAL_Driver/Src/stm32f4xx_hal_uart.o

.debug_ranges   0x0000000000000000      0x720
 .debug_ranges  0x0000000000000000       0x10 ./Core/Src/gpio.o
 .debug_ranges  0x0000000000000010       0x98 ./Core/Src/main.o
 .debug_ranges  0x00000000000000a8       0x10 ./Core/Src/stm32f4xx_hal_msp.o
 .debug_ranges  0x00000000000000b8       0x58 ./Core/Src/stm32f4xx_it.o
 .debug_ranges  0x0000000000000110       0x10 ./Core/Src/sysmem.o
 .debug_ranges  0x0000000000000120       0x18 ./Core/Src/system_stm32f4xx.o
 .debug_ranges  0x0000000000000138       0x20 ./Core/Src/usart.o
 .debug_ranges  0x0000000000000158       0x20 ./Core/Startup/startup_stm32f427vitx.o
 .debug_ranges  0x0000000000000178       0xf0 ./Drivers/STM32F4xx_HAL_Driver/Src/stm32f4xx_hal.o
 .debug_ranges  0x0000000000000268      0x108 ./Drivers/STM32F4xx_HAL_Driver/Src/stm32f4xx_hal_cortex.o
 .debug_ranges  0x0000000000000370       0x80 ./Drivers/STM32F4xx_HAL_Driver/Src/stm32f4xx_hal_dma.o
 .debug_ranges  0x00000000000003f0       0x48 ./Drivers/STM32F4xx_HAL_Driver/Src/stm32f4xx_hal_gpio.o
 .debug_ranges  0x0000000000000438       0x50 ./Drivers/STM32F4xx_HAL_Driver/Src/stm32f4xx_hal_pwr_ex.o
 .debug_ranges  0x0000000000000488       0x78 ./Drivers/STM32F4xx_HAL_Driver/Src/stm32f4xx_hal_rcc.o
 .debug_ranges  0x0000000000000500      0x220 ./Drivers/STM32F4xx_HAL_Driver/Src/stm32f4xx_hal_uart.o

.debug_macro    0x0000000000000000    0x22ab9
 .debug_macro   0x0000000000000000      0x1ce ./Core/Src/gpio.o
 .debug_macro   0x00000000000001ce      0xa78 ./Core/Src/gpio.o
 .debug_macro   0x0000000000000c46      0x295 ./Core/Src/gpio.o
 .debug_macro   0x0000000000000edb       0x2e ./Core/Src/gpio.o
 .debug_macro   0x0000000000000f09       0x28 ./Core/Src/gpio.o
 .debug_macro   0x0000000000000f31       0x22 ./Core/Src/gpio.o
 .debug_macro   0x0000000000000f53       0x8e ./Core/Src/gpio.o
 .debug_macro   0x0000000000000fe1       0x51 ./Core/Src/gpio.o
 .debug_macro   0x0000000000001032      0x103 ./Core/Src/gpio.o
 .debug_macro   0x0000000000001135       0x6a ./Core/Src/gpio.o
 .debug_macro   0x000000000000119f      0x1df ./Core/Src/gpio.o
 .debug_macro   0x000000000000137e       0x1c ./Core/Src/gpio.o
 .debug_macro   0x000000000000139a       0x22 ./Core/Src/gpio.o
 .debug_macro   0x00000000000013bc       0xd9 ./Core/Src/gpio.o
 .debug_macro   0x0000000000001495     0x102d ./Core/Src/gpio.o
 .debug_macro   0x00000000000024c2      0x11f ./Core/Src/gpio.o
 .debug_macro   0x00000000000025e1    0x178a0 ./Core/Src/gpio.o
 .debug_macro   0x0000000000019e81       0x6d ./Core/Src/gpio.o
 .debug_macro   0x0000000000019eee     0x36f5 ./Core/Src/gpio.o
 .debug_macro   0x000000000001d5e3      0x174 ./Core/Src/gpio.o
 .debug_macro   0x000000000001d757       0x5c ./Core/Src/gpio.o
 .debug_macro   0x000000000001d7b3      0xc6d ./Core/Src/gpio.o
 .debug_macro   0x000000000001e420      0x9fe ./Core/Src/gpio.o
 .debug_macro   0x000000000001ee1e      0x115 ./Core/Src/gpio.o
 .debug_macro   0x000000000001ef33      0x16f ./Core/Src/gpio.o
 .debug_macro   0x000000000001f0a2       0xa5 ./Core/Src/gpio.o
 .debug_macro   0x000000000001f147      0x182 ./Core/Src/gpio.o
 .debug_macro   0x000000000001f2c9      0x287 ./Core/Src/gpio.o
 .debug_macro   0x000000000001f550       0x5f ./Core/Src/gpio.o
 .debug_macro   0x000000000001f5af      0x236 ./Core/Src/gpio.o
 .debug_macro   0x000000000001f7e5      0x132 ./Core/Src/gpio.o
 .debug_macro   0x000000000001f917      0x41d ./Core/Src/gpio.o
 .debug_macro   0x000000000001fd34       0x2e ./Core/Src/gpio.o
 .debug_macro   0x000000000001fd62      0x11a ./Core/Src/gpio.o
 .debug_macro   0x000000000001fe7c       0xe2 ./Core/Src/gpio.o
 .debug_macro   0x000000000001ff5e       0x89 ./Core/Src/gpio.o
 .debug_macro   0x000000000001ffe7      0x295 ./Core/Src/gpio.o
 .debug_macro   0x000000000002027c      0x134 ./Core/Src/gpio.o
 .debug_macro   0x00000000000203b0      0x3a4 ./Core/Src/main.o
 .debug_macro   0x0000000000020754       0x52 ./Core/Src/main.o
 .debug_macro   0x00000000000207a6       0x1e ./Core/Src/main.o
 .debug_macro   0x00000000000207c4       0x3c ./Core/Src/main.o
 .debug_macro   0x0000000000020800       0x34 ./Core/Src/main.o
 .debug_macro   0x0000000000020834       0x16 ./Core/Src/main.o
 .debug_macro   0x000000000002084a       0x35 ./Core/Src/main.o
 .debug_macro   0x000000000002087f      0x341 ./Core/Src/main.o
 .debug_macro   0x0000000000020bc0       0x10 ./Core/Src/main.o
 .debug_macro   0x0000000000020bd0       0x16 ./Core/Src/main.o
 .debug_macro   0x0000000000020be6       0x43 ./Core/Src/main.o
 .debug_macro   0x0000000000020c29       0x34 ./Core/Src/main.o
 .debug_macro   0x0000000000020c5d       0x10 ./Core/Src/main.o
 .debug_macro   0x0000000000020c6d       0x58 ./Core/Src/main.o
 .debug_macro   0x0000000000020cc5       0x71 ./Core/Src/main.o
 .debug_macro   0x0000000000020d36       0x1c ./Core/Src/main.o
 .debug_macro   0x0000000000020d52      0x12a ./Core/Src/main.o
 .debug_macro   0x0000000000020e7c       0x10 ./Core/Src/main.o
 .debug_macro   0x0000000000020e8c       0x1c ./Core/Src/main.o
 .debug_macro   0x0000000000020ea8       0x52 ./Core/Src/main.o
 .debug_macro   0x0000000000020efa       0x22 ./Core/Src/main.o
 .debug_macro   0x0000000000020f1c       0x10 ./Core/Src/main.o
 .debug_macro   0x0000000000020f2c       0x52 ./Core/Src/main.o
 .debug_macro   0x0000000000020f7e       0xd5 ./Core/Src/main.o
 .debug_macro   0x0000000000021053       0x1c ./Core/Src/main.o
 .debug_macro   0x000000000002106f       0x3d ./Core/Src/main.o
 .debug_macro   0x00000000000210ac       0x16 ./Core/Src/main.o
 .debug_macro   0x00000000000210c2      0x145 ./Core/Src/main.o
 .debug_macro   0x0000000000021207       0x22 ./Core/Src/main.o
 .debug_macro   0x0000000000021229       0x16 ./Core/Src/main.o
 .debug_macro   0x000000000002123f       0x20 ./Core/Src/main.o
 .debug_macro   0x000000000002125f      0x1c4 ./Core/Src/stm32f4xx_hal_msp.o
 .debug_macro   0x0000000000021423      0x1ce ./Core/Src/stm32f4xx_it.o
 .debug_macro   0x00000000000215f1       0xff ./Core/Src/sysmem.o
 .debug_macro   0x00000000000216f0       0x10 ./Core/Src/sysmem.o
 .debug_macro   0x0000000000021700       0x4c ./Core/Src/sysmem.o
 .debug_macro   0x000000000002174c       0x94 ./Core/Src/sysmem.o
 .debug_macro   0x00000000000217e0       0x57 ./Core/Src/sysmem.o
 .debug_macro   0x0000000000021837      0x23b ./Core/Src/sysmem.o
 .debug_macro   0x0000000000021a72      0x1ba ./Core/Src/system_stm32f4xx.o
 .debug_macro   0x0000000000021c2c      0x1ce ./Core/Src/usart.o
 .debug_macro   0x0000000000021dfa      0x21a ./Drivers/STM32F4xx_HAL_Driver/Src/stm32f4xx_hal.o
 .debug_macro   0x0000000000022014      0x1ba ./Drivers/STM32F4xx_HAL_Driver/Src/stm32f4xx_hal_cortex.o
 .debug_macro   0x00000000000221ce      0x1c0 ./Drivers/STM32F4xx_HAL_Driver/Src/stm32f4xx_hal_dma.o
 .debug_macro   0x000000000002238e      0x1c0 ./Drivers/STM32F4xx_HAL_Driver/Src/stm32f4xx_hal_gpio.o
 .debug_macro   0x000000000002254e      0x1d2 ./Drivers/STM32F4xx_HAL_Driver/Src/stm32f4xx_hal_pwr_ex.o
 .debug_macro   0x0000000000022720      0x1de ./Drivers/STM32F4xx_HAL_Driver/Src/stm32f4xx_hal_rcc.o
 .debug_macro   0x00000000000228fe      0x1bb ./Drivers/STM32F4xx_HAL_Driver/Src/stm32f4xx_hal_uart.o

.debug_line     0x0000000000000000     0xa30c
 .debug_line    0x0000000000000000      0x661 ./Core/Src/gpio.o
 .debug_line    0x0000000000000661      0xde0 ./Core/Src/main.o
 .debug_line    0x0000000000001441      0x662 ./Core/Src/stm32f4xx_hal_msp.o
 .debug_line    0x0000000000001aa3      0x73d ./Core/Src/stm32f4xx_it.o
 .debug_line    0x00000000000021e0      0x4b8 ./Core/Src/sysmem.o
 .debug_line    0x0000000000002698      0x6e4 ./Core/Src/system_stm32f4xx.o
 .debug_line    0x0000000000002d7c      0x6cf ./Core/Src/usart.o
 .debug_line    0x000000000000344b       0x88 ./Core/Startup/startup_stm32f427vitx.o
 .debug_line    0x00000000000034d3      0x980 ./Drivers/STM32F4xx_HAL_Driver/Src/stm32f4xx_hal.o
 .debug_line    0x0000000000003e53      0xbf9 ./Drivers/STM32F4xx_HAL_Driver/Src/stm32f4xx_hal_cortex.o
 .debug_line    0x0000000000004a4c      0xeae ./Drivers/STM32F4xx_HAL_Driver/Src/stm32f4xx_hal_dma.o
 .debug_line    0x00000000000058fa      0xae6 ./Drivers/STM32F4xx_HAL_Driver/Src/stm32f4xx_hal_gpio.o
 .debug_line    0x00000000000063e0      0x879 ./Drivers/STM32F4xx_HAL_Driver/Src/stm32f4xx_hal_pwr_ex.o
 .debug_line    0x0000000000006c59      0xcc4 ./Drivers/STM32F4xx_HAL_Driver/Src/stm32f4xx_hal_rcc.o
 .debug_line    0x000000000000791d     0x29ef ./Drivers/STM32F4xx_HAL_Driver/Src/stm32f4xx_hal_uart.o

.debug_str      0x0000000000000000    0xcfaa7
 .debug_str     0x0000000000000000    0xc8eb3 ./Core/Src/gpio.o
                                      0xc9129 (size before relaxing)
 .debug_str     0x00000000000c8eb3     0x4e1e ./Core/Src/main.o
                                      0xce018 (size before relaxing)
 .debug_str     0x00000000000cdcd1       0x2c ./Core/Src/stm32f4xx_hal_msp.o
                                      0xc9129 (size before relaxing)
 .debug_str     0x00000000000cdcfd       0xef ./Core/Src/stm32f4xx_it.o
                                      0xc9524 (size before relaxing)
 .debug_str     0x00000000000cddec      0x4da ./Core/Src/sysmem.o
                                       0x5dac (size before relaxing)
 .debug_str     0x00000000000ce2c6       0xdb ./Core/Src/system_stm32f4xx.o
                                      0xc91d9 (size before relaxing)
 .debug_str     0x00000000000ce3a1       0x76 ./Core/Src/usart.o
                                      0xc9c0a (size before relaxing)
 .debug_str     0x00000000000ce417       0x36 ./Core/Startup/startup_stm32f427vitx.o
                                         0x6e (size before relaxing)
 .debug_str     0x00000000000ce44d      0x63c ./Drivers/STM32F4xx_HAL_Driver/Src/stm32f4xx_hal.o
                                      0xc9de5 (size before relaxing)
 .debug_str     0x00000000000cea89      0x32d ./Drivers/STM32F4xx_HAL_Driver/Src/stm32f4xx_hal_cortex.o
                                      0xc9aca (size before relaxing)
 .debug_str     0x00000000000cedb6      0x328 ./Drivers/STM32F4xx_HAL_Driver/Src/stm32f4xx_hal_dma.o
                                      0xc95e0 (size before relaxing)
 .debug_str     0x00000000000cf0de      0x110 ./Drivers/STM32F4xx_HAL_Driver/Src/stm32f4xx_hal_gpio.o
                                      0xc9354 (size before relaxing)
 .debug_str     0x00000000000cf1ee      0x135 ./Drivers/STM32F4xx_HAL_Driver/Src/stm32f4xx_hal_pwr_ex.o
                                      0xc93b1 (size before relaxing)
 .debug_str     0x00000000000cf323      0x228 ./Drivers/STM32F4xx_HAL_Driver/Src/stm32f4xx_hal_rcc.o
                                      0xc960d (size before relaxing)
 .debug_str     0x00000000000cf54b      0x55c ./Drivers/STM32F4xx_HAL_Driver/Src/stm32f4xx_hal_uart.o
                                      0xc9b99 (size before relaxing)

.comment        0x0000000000000000       0x50
 .comment       0x0000000000000000       0x50 ./Core/Src/gpio.o
                                         0x51 (size before relaxing)
 .comment       0x0000000000000050       0x51 ./Core/Src/main.o
 .comment       0x0000000000000050       0x51 ./Core/Src/stm32f4xx_hal_msp.o
 .comment       0x0000000000000050       0x51 ./Core/Src/stm32f4xx_it.o
 .comment       0x0000000000000050       0x51 ./Core/Src/sysmem.o
 .comment       0x0000000000000050       0x51 ./Core/Src/system_stm32f4xx.o
 .comment       0x0000000000000050       0x51 ./Core/Src/usart.o
 .comment       0x0000000000000050       0x51 ./Drivers/STM32F4xx_HAL_Driver/Src/stm32f4xx_hal.o
 .comment       0x0000000000000050       0x51 ./Drivers/STM32F4xx_HAL_Driver/Src/stm32f4xx_hal_cortex.o
 .comment       0x0000000000000050       0x51 ./Drivers/STM32F4xx_HAL_Driver/Src/stm32f4xx_hal_dma.o
 .comment       0x0000000000000050       0x51 ./Drivers/STM32F4xx_HAL_Driver/Src/stm32f4xx_hal_gpio.o
 .comment       0x0000000000000050       0x51 ./Drivers/STM32F4xx_HAL_Driver/Src/stm32f4xx_hal_pwr_ex.o
 .comment       0x0000000000000050       0x51 ./Drivers/STM32F4xx_HAL_Driver/Src/stm32f4xx_hal_rcc.o