../Core/Src/main.c:135:6:init_led_pwm	4	static
../Core/Src/main.c:151:6:is_digit	16	static
../Core/Src/main.c:155:6:uart_write	24	static
../Core/Src/main.c:160:6:uart_write_newline	8	static
../Core/Src/main.c:164:6:process_char	16	static
../Core/Src/main.c:173:6:uart_read_char	16	static
../Core/Src/main.c:179:6:play_sound	16	static
../Core/Src/main.c:185:6:mute	4	static
../Core/Src/main.c:189:6:disable_all_leds	4	static
../Core/Src/main.c:195:6:light_led	24	static
../Core/Src/main.c:211:6:play_note	16	static
../Core/Src/main.c:226:6:stop_note	8	static
../Core/Src/main.c:231:6:uart_write_note_info	288	static
../Core/Src/main.c:241:6:countdown_start_game	8	static
../Core/Src/main.c:251:6:stop_timer	8	static
../Core/Src/main.c:256:6:set_timer_ms	16	static
../Core/Src/main.c:261:6:finish_game	272	static
../Core/Src/main.c:286:6:switch_game_mode	8	static
../Core/Src/main.c:305:6:switch_note_mode	8	static
../Core/Src/main.c:323:6:switch_difficulty	8	static
../Core/Src/main.c:340:6:HAL_TIM_PeriodElapsedCallback	16	static
../Core/Src/main.c:377:5:main	16	static
../Core/Src/main.c:469:6:SystemClock_Config	88	static
../Core/Src/main.c:518:6:Error_Handler	4	static,ignoring_inline_asm
